Component: Arm Compiler for Embedded 6.22 Tool: armlink [5ee90200]

==============================================================================

Section Cross References

    startup_stm32h533xx.o(STACK) refers (Special) to heapauxi.o(.text) for __use_two_region_memory
    startup_stm32h533xx.o(HEAP) refers (Special) to heapauxi.o(.text) for __use_two_region_memory
    startup_stm32h533xx.o(RESET) refers (Special) to heapauxi.o(.text) for __use_two_region_memory
    startup_stm32h533xx.o(RESET) refers to startup_stm32h533xx.o(STACK) for __initial_sp
    startup_stm32h533xx.o(RESET) refers to startup_stm32h533xx.o(.text) for Reset_Handler
    startup_stm32h533xx.o(RESET) refers to stm32h5xx_it.o(.text.NMI_Handler) for NMI_Handler
    startup_stm32h533xx.o(RESET) refers to stm32h5xx_it.o(.text.HardFault_Handler) for HardFault_Handler
    startup_stm32h533xx.o(RESET) refers to stm32h5xx_it.o(.text.MemManage_Handler) for MemManage_Handler
    startup_stm32h533xx.o(RESET) refers to stm32h5xx_it.o(.text.BusFault_Handler) for BusFault_Handler
    startup_stm32h533xx.o(RESET) refers to stm32h5xx_it.o(.text.UsageFault_Handler) for UsageFault_Handler
    startup_stm32h533xx.o(RESET) refers to stm32h5xx_it.o(.text.SVC_Handler) for SVC_Handler
    startup_stm32h533xx.o(RESET) refers to stm32h5xx_it.o(.text.DebugMon_Handler) for DebugMon_Handler
    startup_stm32h533xx.o(RESET) refers to stm32h5xx_it.o(.text.PendSV_Handler) for PendSV_Handler
    startup_stm32h533xx.o(RESET) refers to stm32h5xx_it.o(.text.SysTick_Handler) for SysTick_Handler
    startup_stm32h533xx.o(RESET) refers to stm32h5xx_it.o(.text.EXTI13_IRQHandler) for EXTI13_IRQHandler
    startup_stm32h533xx.o(RESET) refers to stm32h5xx_it.o(.text.GPDMA1_Channel0_IRQHandler) for GPDMA1_Channel0_IRQHandler
    startup_stm32h533xx.o(RESET) refers to stm32h5xx_it.o(.text.ADC1_IRQHandler) for ADC1_IRQHandler
    startup_stm32h533xx.o(RESET) refers to stm32h5xx_it.o(.text.TIM6_IRQHandler) for TIM6_IRQHandler
    startup_stm32h533xx.o(RESET) refers to stm32h5xx_it.o(.text.USB_DRD_FS_IRQHandler) for USB_DRD_FS_IRQHandler
    startup_stm32h533xx.o(.text) refers (Special) to heapauxi.o(.text) for __use_two_region_memory
    startup_stm32h533xx.o(.text) refers to system_stm32h5xx.o(.text.SystemInit) for SystemInit
    startup_stm32h533xx.o(.text) refers to __main.o(!!!main) for __main
    startup_stm32h533xx.o(.text) refers to startup_stm32h533xx.o(HEAP) for Heap_Mem
    startup_stm32h533xx.o(.text) refers to startup_stm32h533xx.o(STACK) for Stack_Mem
    main.o(.text.ADC_Start) refers to main.o(.bss..L_MergedGlobals) for .L_MergedGlobals
    main.o(.text.ADC_Start) refers to stm32h5xx_hal_tim.o(.text.HAL_TIM_Base_Start) for HAL_TIM_Base_Start
    main.o(.text.ADC_Start) refers to main.o(.bss.hadc1) for hadc1
    main.o(.text.ADC_Start) refers to stm32h5xx_hal_adc.o(.text.HAL_ADC_Start_DMA) for HAL_ADC_Start_DMA
    main.o(.ARM.exidx.text.ADC_Start) refers to main.o(.text.ADC_Start) for [Anonymous Symbol]
    main.o(.text.process_potentiometer) refers to main.o(.bss..L_MergedGlobals) for .L_MergedGlobals
    main.o(.text.process_potentiometer) refers to midi_device.o(.text.tud_midi_n_mounted) for tud_midi_n_mounted
    main.o(.text.process_potentiometer) refers to midi_device.o(.text.tud_midi_n_stream_write) for tud_midi_n_stream_write
    main.o(.ARM.exidx.text.process_potentiometer) refers to main.o(.text.process_potentiometer) for [Anonymous Symbol]
    main.o(.text.midi_note_on) refers to midi_device.o(.text.tud_midi_n_stream_write) for tud_midi_n_stream_write
    main.o(.ARM.exidx.text.midi_note_on) refers to main.o(.text.midi_note_on) for [Anonymous Symbol]
    main.o(.text.midi_note_off) refers to midi_device.o(.text.tud_midi_n_stream_write) for tud_midi_n_stream_write
    main.o(.ARM.exidx.text.midi_note_off) refers to main.o(.text.midi_note_off) for [Anonymous Symbol]
    main.o(.text.mcp_write) refers to stm32h5xx_hal_gpio.o(.text.HAL_GPIO_WritePin) for HAL_GPIO_WritePin
    main.o(.text.mcp_write) refers to main.o(.bss.hspi1) for hspi1
    main.o(.text.mcp_write) refers to stm32h5xx_hal_spi.o(.text.HAL_SPI_Transmit) for HAL_SPI_Transmit
    main.o(.ARM.exidx.text.mcp_write) refers to main.o(.text.mcp_write) for [Anonymous Symbol]
    main.o(.text.mcp_read) refers to stm32h5xx_hal_gpio.o(.text.HAL_GPIO_WritePin) for HAL_GPIO_WritePin
    main.o(.text.mcp_read) refers to main.o(.bss.hspi1) for hspi1
    main.o(.text.mcp_read) refers to stm32h5xx_hal_spi.o(.text.HAL_SPI_TransmitReceive) for HAL_SPI_TransmitReceive
    main.o(.ARM.exidx.text.mcp_read) refers to main.o(.text.mcp_read) for [Anonymous Symbol]
    main.o(.text.mcp_init) refers to stm32h5xx_hal_gpio.o(.text.HAL_GPIO_WritePin) for HAL_GPIO_WritePin
    main.o(.text.mcp_init) refers to main.o(.bss.hspi1) for hspi1
    main.o(.text.mcp_init) refers to stm32h5xx_hal_spi.o(.text.HAL_SPI_Transmit) for HAL_SPI_Transmit
[...]
    __scatterload                            0x0800025d   Thumb Code     0  __scatter.o(!!!scatter)
    __scatterload_rt2                        0x0800025d   Thumb Code    84  __scatter.o(!!!scatter)
    __scatterload_rt2_thumb_only             0x0800025d   Thumb Code     0  __scatter.o(!!!scatter)
    __scatterload_loop                       0x08000267   Thumb Code     0  __scatter.o(!!!scatter)
    __scatterload_copy                       0x080002b9   Thumb Code    26  __scatter_copy.o(!!handler_copy)
    __scatterload_null                       0x080002d5   Thumb Code     2  __scatter.o(!!handler_null)
    __scatterload_zeroinit                   0x080002d9   Thumb Code    28  __scatter_zi.o(!!handler_zi)
    __rt_lib_init                            0x080002f5   Thumb Code     0  libinit.o(.ARM.Collect$$libinit$$00000000)
    __rt_lib_init_fp_1                       0x080002f7   Thumb Code     0  libinit2.o(.ARM.Collect$$libinit$$00000001)
    __rt_lib_init_alloca_1                   0x080002fb   Thumb Code     0  libinit2.o(.ARM.Collect$$libinit$$00000030)
    __rt_lib_init_argv_1                     0x080002fb   Thumb Code     0  libinit2.o(.ARM.Collect$$libinit$$0000002E)
    __rt_lib_init_atexit_1                   0x080002fb   Thumb Code     0  libinit2.o(.ARM.Collect$$libinit$$0000001D)
    __rt_lib_init_clock_1                    0x080002fb   Thumb Code     0  libinit2.o(.ARM.Collect$$libinit$$00000023)
    __rt_lib_init_cpp_1                      0x080002fb   Thumb Code     0  libinit2.o(.ARM.Collect$$libinit$$00000034)
    __rt_lib_init_exceptions_1               0x080002fb   Thumb Code     0  libinit2.o(.ARM.Collect$$libinit$$00000032)
    __rt_lib_init_fp_trap_1                  0x080002fb   Thumb Code     0  libinit2.o(.ARM.Collect$$libinit$$00000021)
    __rt_lib_init_getenv_1                   0x080002fb   Thumb Code     0  libinit2.o(.ARM.Collect$$libinit$$00000025)
    __rt_lib_init_heap_1                     0x080002fb   Thumb Code     0  libinit2.o(.ARM.Collect$$libinit$$0000000C)
    __rt_lib_init_lc_collate_1               0x080002fb   Thumb Code     0  libinit2.o(.ARM.Collect$$libinit$$00000013)
    __rt_lib_init_lc_ctype_1                 0x080002fb   Thumb Code     0  libinit2.o(.ARM.Collect$$libinit$$00000015)
    __rt_lib_init_lc_monetary_1              0x080002fb   Thumb Code     0  libinit2.o(.ARM.Collect$$libinit$$00000017)
    __rt_lib_init_lc_numeric_1               0x080002fb   Thumb Code     0  libinit2.o(.ARM.Collect$$libinit$$00000019)
    __rt_lib_init_lc_time_1                  0x080002fb   Thumb Code     0  libinit2.o(.ARM.Collect$$libinit$$0000001B)
    __rt_lib_init_preinit_1                  0x080002fb   Thumb Code     0  libinit2.o(.ARM.Collect$$libinit$$00000006)
    __rt_lib_init_rand_1                     0x080002fb   Thumb Code     0  libinit2.o(.ARM.Collect$$libinit$$00000010)
    __rt_lib_init_relocate_pie_1             0x080002fb   Thumb Code     0  libinit2.o(.ARM.Collect$$libinit$$00000004)
    __rt_lib_init_return                     0x080002fb   Thumb Code     0  libinit2.o(.ARM.Collect$$libinit$$00000035)
    __rt_lib_init_signal_1                   0x080002fb   Thumb Code     0  libinit2.o(.ARM.Collect$$libinit$$0000001F)
    __rt_lib_init_stdio_1                    0x080002fb   Thumb Code     0  libinit2.o(.ARM.Collect$$libinit$$00000027)
    __rt_lib_init_user_alloc_1               0x080002fb   Thumb Code     0  libinit2.o(.ARM.Collect$$libinit$$0000000E)
    __rt_lib_shutdown                        0x080002fd   Thumb Code     0  libshutdown.o(.ARM.Collect$$libshutdown$$00000000)
    __rt_lib_shutdown_cpp_1                  0x080002ff   Thumb Code     0  libshutdown2.o(.ARM.Collect$$libshutdown$$00000002)
    __rt_lib_shutdown_fp_trap_1              0x080002ff   Thumb Code     0  libshutdown2.o(.ARM.Collect$$libshutdown$$00000007)
    __rt_lib_shutdown_heap_1                 0x080002ff   Thumb Code     0  libshutdown2.o(.ARM.Collect$$libshutdown$$0000000F)
    __rt_lib_shutdown_return                 0x080002ff   Thumb Code     0  libshutdown2.o(.ARM.Collect$$libshutdown$$00000010)
    __rt_lib_shutdown_signal_1               0x080002ff   Thumb Code     0  libshutdown2.o(.ARM.Collect$$libshutdown$$0000000A)
    __rt_lib_shutdown_stdio_1                0x080002ff   Thumb Code     0  libshutdown2.o(.ARM.Collect$$libshutdown$$00000004)
    __rt_lib_shutdown_user_alloc_1           0x080002ff   Thumb Code     0  libshutdown2.o(.ARM.Collect$$libshutdown$$0000000C)
    __rt_entry                               0x08000301   Thumb Code     0  __rtentry.o(.ARM.Collect$$rtentry$$00000000)
    __rt_entry_presh_1                       0x08000301   Thumb Code     0  __rtentry2.o(.ARM.Collect$$rtentry$$00000002)
    __rt_entry_sh                            0x08000301   Thumb Code     0  __rtentry4.o(.ARM.Collect$$rtentry$$00000004)
    __rt_entry_li                            0x08000307   Thumb Code     0  __rtentry2.o(.ARM.Collect$$rtentry$$0000000A)
    __rt_entry_postsh_1                      0x08000307   Thumb Code     0  __rtentry2.o(.ARM.Collect$$rtentry$$00000009)
    __rt_entry_main                          0x0800030b   Thumb Code     0  __rtentry2.o(.ARM.Collect$$rtentry$$0000000D)
    __rt_entry_postli_1                      0x0800030b   Thumb Code     0  __rtentry2.o(.ARM.Collect$$rtentry$$0000000C)
    __rt_exit                                0x08000313   Thumb Code     0  rtexit.o(.ARM.Collect$$rtexit$$00000000)
    __rt_exit_ls                             0x08000315   Thumb Code     0  rtexit2.o(.ARM.Collect$$rtexit$$00000003)
    __rt_exit_prels_1                        0x08000315   Thumb Code     0  rtexit2.o(.ARM.Collect$$rtexit$$00000002)
    __rt_exit_exit                           0x08000319   Thumb Code     0  rtexit2.o(.ARM.Collect$$rtexit$$00000004)
    Reset_Handler                            0x08000321   Thumb Code     8  startup_stm32h533xx.o(.text)
    SecureFault_Handler                      0x08000333   Thumb Code     2  startup_stm32h533xx.o(.text)
    ADC2_IRQHandler                          0x0800033d   Thumb Code     0  startup_stm32h533xx.o(.text)
    AES_IRQHandler                           0x0800033d   Thumb Code     0  startup_stm32h533xx.o(.text)
    CEC_IRQHandler                           0x0800033d   Thumb Code     0  startup_stm32h533xx.o(.text)
    CRS_IRQHandler                           0x0800033d   Thumb Code     0  startup_stm32h533xx.o(.text)
    DAC1_IRQHandler                          0x0800033d   Thumb Code     0  startup_stm32h533xx.o(.text)
    DCACHE1_IRQHandler                       0x0800033d   Thumb Code     0  startup_stm32h533xx.o(.text)
    DCMI_PSSI_IRQHandler                     0x0800033d   Thumb Code     0  startup_stm32h533xx.o(.text)
    DTS_IRQHandler                           0x0800033d   Thumb Code     0  startup_stm32h533xx.o(.text)
    EXTI0_IRQHandler                         0x0800033d   Thumb Code     0  startup_stm32h533xx.o(.text)
    EXTI10_IRQHandler                        0x0800033d   Thumb Code     0  startup_stm32h533xx.o(.text)
    EXTI11_IRQHandler                        0x0800033d   Thumb Code     0  startup_stm32h533xx.o(.text)
    EXTI12_IRQHandler                        0x0800033d   Thumb Code     0  startup_stm32h533xx.o(.text)
    EXTI14_IRQHandler                        0x0800033d   Thumb Code     0  startup_stm32h533xx.o(.text)
    EXTI15_IRQHandler                        0x0800033d   Thumb Code     0  startup_stm32h533xx.o(.text)
    EXTI1_IRQHandler                         0x0800033d   Thumb Code     0  startup_stm32h533xx.o(.text)
    EXTI2_IRQHandler                         0x0800033d   Thumb Code     0  startup_stm32h533xx.o(.text)
    EXTI3_IRQHandler                         0x0800033d   Thumb Code     0  startup_stm32h533xx.o(.text)
    EXTI4_IRQHandler                         0x0800033d   Thumb Code     0  startup_stm32h533xx.o(.text)
    EXTI5_IRQHandler                         0x0800033d   Thumb Code     0  startup_stm32h533xx.o(.text)
    EXTI6_IRQHandler                         0x0800033d   Thumb Code     0  startup_stm32h533xx.o(.text)
    EXTI7_IRQHandler                         0x0800033d   Thumb Code     0  startup_stm32h533xx.o(.text)
    EXTI8_IRQHandler                         0x0800033d   Thumb Code     0  startup_stm32h533xx.o(.text)
    EXTI9_IRQHandler                         0x0800033d   Thumb Code     0  startup_stm32h533xx.o(.text)
    FDCAN1_IT0_IRQHandler                    0x0800033d   Thumb Code     0  startup_stm32h533xx.o(.text)
    FDCAN1_IT1_IRQHandler                    0x0800033d   Thumb Code     0  startup_stm32h533xx.o(.text)
    FDCAN2_IT0_IRQHandler                    0x0800033d   Thumb Code     0  startup_stm32h533xx.o(.text)
    FDCAN2_IT1_IRQHandler                    0x0800033d   Thumb Code     0  startup_stm32h533xx.o(.text)
    FLASH_IRQHandler                         0x0800033d   Thumb Code     0  startup_stm32h533xx.o(.text)
    FLASH_S_IRQHandler                       0x0800033d   Thumb Code     0  startup_stm32h533xx.o(.text)
    FMC_IRQHandler                           0x0800033d   Thumb Code     0  startup_stm32h533xx.o(.text)
    FPU_IRQHandler                           0x0800033d   Thumb Code     0  startup_stm32h533xx.o(.text)
    GPDMA1_Channel1_IRQHandler               0x0800033d   Thumb Code     0  startup_stm32h533xx.o(.text)
    GPDMA1_Channel2_IRQHandler               0x0800033d   Thumb Code     0  startup_stm32h533xx.o(.text)
    GPDMA1_Channel3_IRQHandler               0x0800033d   Thumb Code     0  startup_stm32h533xx.o(.text)
    GPDMA1_Channel4_IRQHandler               0x0800033d   Thumb Code     0  startup_stm32h533xx.o(.text)
    GPDMA1_Channel5_IRQHandler               0x0800033d   Thumb Code     0  startup_stm32h533xx.o(.text)
    GPDMA1_Channel6_IRQHandler               0x0800033d   Thumb Code     0  startup_stm32h533xx.o(.text)
    GPDMA1_Channel7_IRQHandler               0x0800033d   Thumb Code     0  startup_stm32h533xx.o(.text)
    GPDMA2_Channel0_IRQHandler               0x0800033d   Thumb Code     0  startup_stm32h533xx.o(.text)
    GPDMA2_Channel1_IRQHandler               0x0800033d   Thumb Code     0  startup_stm32h533xx.o(.text)
    GPDMA2_Channel2_IRQHandler               0x0800033d   Thumb Code     0  startup_stm32h533xx.o(.text)
    GPDMA2_Channel3_IRQHandler               0x0800033d   Thumb Code     0  startup_stm32h533xx.o(.text)
    GPDMA2_Channel4_IRQHandler               0x0800033d   Thumb Code     0  startup_stm32h533xx.o(.text)
    GPDMA2_Channel5_IRQHandler               0x0800033d   Thumb Code     0  startup_stm32h533xx.o(.text)
    GPDMA2_Channel6_IRQHandler               0x0800033d   Thumb Code     0  startup_stm32h533xx.o(.text)
    GPDMA2_Channel7_IRQHandler               0x0800033d   Thumb Code     0  startup_stm32h533xx.o(.text)
    GTZC_IRQHandler                          0x0800033d   Thumb Code     0  startup_stm32h533xx.o(.text)
    HASH_IRQHandler                          0x0800033d   Thumb Code     0  startup_stm32h533xx.o(.text)
    I2C1_ER_IRQHandler                       0x0800033d   Thumb Code     0  startup_stm32h533xx.o(.text)
    I2C1_EV_IRQHandler                       0x0800033d   Thumb Code     0  startup_stm32h533xx.o(.text)
    I2C2_ER_IRQHandler                       0x0800033d   Thumb Code     0  startup_stm32h533xx.o(.text)
    I2C2_EV_IRQHandler                       0x0800033d   Thumb Code     0  startup_stm32h533xx.o(.text)
    I2C3_ER_IRQHandler                       0x0800033d   Thumb Code     0  startup_stm32h533xx.o(.text)
    I2C3_EV_IRQHandler                       0x0800033d   Thumb Code     0  startup_stm32h533xx.o(.text)
    I3C1_ER_IRQHandler                       0x0800033d   Thumb Code     0  startup_stm32h533xx.o(.text)
    I3C1_EV_IRQHandler                       0x0800033d   Thumb Code     0  startup_stm32h533xx.o(.text)
    I3C2_ER_IRQHandler                       0x0800033d   Thumb Code     0  startup_stm32h533xx.o(.text)
    I3C2_EV_IRQHandler                       0x0800033d   Thumb Code     0  startup_stm32h533xx.o(.text)
    ICACHE_IRQHandler                        0x0800033d   Thumb Code     0  startup_stm32h533xx.o(.text)
    IWDG_IRQHandler                          0x0800033d   Thumb Code     0  startup_stm32h533xx.o(.text)
    LPTIM1_IRQHandler                        0x0800033d   Thumb Code     0  startup_stm32h533xx.o(.text)
    LPTIM2_IRQHandler                        0x0800033d   Thumb Code     0  startup_stm32h533xx.o(.text)
    LPUART1_IRQHandler                       0x0800033d   Thumb Code     0  startup_stm32h533xx.o(.text)
    OCTOSPI1_IRQHandler                      0x0800033d   Thumb Code     0  startup_stm32h533xx.o(.text)
    OTFDEC1_IRQHandler                       0x0800033d   Thumb Code     0  startup_stm32h533xx.o(.text)
    PKA_IRQHandler                           0x0800033d   Thumb Code     0  startup_stm32h533xx.o(.text)
    PVD_AVD_IRQHandler                       0x0800033d   Thumb Code     0  startup_stm32h533xx.o(.text)
    RAMCFG_IRQHandler                        0x0800033d   Thumb Code     0  startup_stm32h533xx.o(.text)
    RCC_IRQHandler                           0x0800033d   Thumb Code     0  startup_stm32h533xx.o(.text)
    RCC_S_IRQHandler                         0x0800033d   Thumb Code     0  startup_stm32h533xx.o(.text)
    RNG_IRQHandler                           0x0800033d   Thumb Code     0  startup_stm32h533xx.o(.text)
    RTC_IRQHandler                           0x0800033d   Thumb Code     0  startup_stm32h533xx.o(.text)
    RTC_S_IRQHandler                         0x0800033d   Thumb Code     0  startup_stm32h533xx.o(.text)
    SAES_IRQHandler                          0x0800033d   Thumb Code     0  startup_stm32h533xx.o(.text)
    SDMMC1_IRQHandler                        0x0800033d   Thumb Code     0  startup_stm32h533xx.o(.text)
    SPI1_IRQHandler                          0x0800033d   Thumb Code     0  startup_stm32h533xx.o(.text)
    SPI2_IRQHandler                          0x0800033d   Thumb Code     0  startup_stm32h533xx.o(.text)
    SPI3_IRQHandler                          0x0800033d   Thumb Code     0  startup_stm32h533xx.o(.text)
    SPI4_IRQHandler                          0x0800033d   Thumb Code     0  startup_stm32h533xx.o(.text)
    TAMP_IRQHandler                          0x0800033d   Thumb Code     0  startup_stm32h533xx.o(.text)
    TIM12_IRQHandler                         0x0800033d   Thumb Code     0  startup_stm32h533xx.o(.text)
    TIM15_IRQHandler                         0x0800033d   Thumb Code     0  startup_stm32h533xx.o(.text)
    TIM1_BRK_IRQHandler                      0x0800033d   Thumb Code     0  startup_stm32h533xx.o(.text)
    TIM1_CC_IRQHandler                       0x0800033d   Thumb Code     0  startup_stm32h533xx.o(.text)
    TIM1_TRG_COM_IRQHandler                  0x0800033d   Thumb Code     0  startup_stm32h533xx.o(.text)
    TIM1_UP_IRQHandler                       0x0800033d   Thumb Code     0  startup_stm32h533xx.o(.text)
    TIM2_IRQHandler                          0x0800033d   Thumb Code     0  startup_stm32h533xx.o(.text)
    TIM3_IRQHandler                          0x0800033d   Thumb Code     0  startup_stm32h533xx.o(.text)
    TIM4_IRQHandler                          0x0800033d   Thumb Code     0  startup_stm32h533xx.o(.text)
    TIM5_IRQHandler                          0x0800033d   Thumb Code     0  startup_stm32h533xx.o(.text)
    TIM7_IRQHandler                          0x0800033d   Thumb Code     0  startup_stm32h533xx.o(.text)
    TIM8_BRK_IRQHandler                      0x0800033d   Thumb Code     0  startup_stm32h533xx.o(.text)
    TIM8_CC_IRQHandler                       0x0800033d   Thumb Code     0  startup_stm32h533xx.o(.text)
    TIM8_TRG_COM_IRQHandler                  0x0800033d   Thumb Code     0  startup_stm32h533xx.o(.text)
    TIM8_UP_IRQHandler                       0x0800033d   Thumb Code     0  startup_stm32h533xx.o(.text)
    UART4_IRQHandler                         0x0800033d   Thumb Code     0  startup_stm32h533xx.o(.text)
    UART5_IRQHandler                         0x0800033d   Thumb Code     0  startup_stm32h533xx.o(.text)
    UCPD1_IRQHandler                         0x0800033d   Thumb Code     0  startup_stm32h533xx.o(.text)
    USART1_IRQHandler                        0x0800033d   Thumb Code     0  startup_stm32h533xx.o(.text)
    USART2_IRQHandler                        0x0800033d   Thumb Code     0  startup_stm32h533xx.o(.text)
    USART3_IRQHandler                        0x0800033d   Thumb Code     0  startup_stm32h533xx.o(.text)
    USART6_IRQHandler                        0x0800033d   Thumb Code     0  startup_stm32h533xx.o(.text)
    WWDG_IRQHandler                          0x0800033d   Thumb Code     0  startup_stm32h533xx.o(.text)
    __user_initial_stackheap                 0x08000341   Thumb Code    10  startup_stm32h533xx.o(.text)
    __aeabi_uldivmod                         0x08000365   Thumb Code     0  lludivv7m.o(.text)
    _ll_udiv                                 0x08000365   Thumb Code   240  lludivv7m.o(.text)
    strlen                                   0x08000455   Thumb Code    62  strlen.o(.text)
    __aeabi_memcpy                           0x08000493   Thumb Code     0  rt_memcpy_v6.o(.text)
    __rt_memcpy                              0x08000493   Thumb Code   138  rt_memcpy_v6.o(.text)
    _memcpy_lastbytes                        0x080004f9   Thumb Code     0  rt_memcpy_v6.o(.text)
    __aeabi_memclr                           0x0800051d   Thumb Code     0  rt_memclr.o(.text)
    __rt_memclr                              0x0800051d   Thumb Code     0  rt_memclr.o(.text)
    _memset                                  0x08000521   Thumb Code    64  rt_memclr.o(.text)
    __aeabi_memclr4                          0x08000561   Thumb Code     0  rt_memclr_w.o(.text)
    __aeabi_memclr8                          0x08000561   Thumb Code     0  rt_memclr_w.o(.text)
    __rt_memclr_w                            0x08000561   Thumb Code     0  rt_memclr_w.o(.text)
    _memset_w                                0x08000565   Thumb Code    74  rt_memclr_w.o(.text)
    __use_two_region_memory                  0x080005af   Thumb Code     2  heapauxi.o(.text)
    __rt_heap_escrow$2region                 0x080005b1   Thumb Code     2  heapauxi.o(.text)
    __rt_heap_expand$2region                 0x080005b3   Thumb Code     2  heapauxi.o(.text)
    __aeabi_memcpy4                          0x080005b5   Thumb Code     0  rt_memcpy_w.o(.text)
    __aeabi_memcpy8                          0x080005b5   Thumb Code     0  rt_memcpy_w.o(.text)
    __rt_memcpy_w                            0x080005b5   Thumb Code   100  rt_memcpy_w.o(.text)
    _memcpy_lastbytes_aligned                0x080005fd   Thumb Code     0  rt_memcpy_w.o(.text)
    __user_setup_stackheap                   0x08000619   Thumb Code    74  sys_stackheap_outer.o(.text)
    exit                                     0x08000663   Thumb Code    18  exit.o(.text)
    __user_libspace                          0x08000675   Thumb Code     8  libspace.o(.text)
    __user_perproc_libspace                  0x08000675   Thumb Code     0  libspace.o(.text)
    __user_perthread_libspace                0x08000675   Thumb Code     0  libspace.o(.text)
    _sys_exit                                0x0800067d   Thumb Code     8  sys_exit.o(.text)
    __I$use$semihosting                      0x08000689   Thumb Code     0  use_no_semi.o(.text)
    __use_no_semihosting_swi                 0x08000689   Thumb Code     2  use_no_semi.o(.text)
    __semihosting_library_function           0x0800068b   Thumb Code     0  indicate_semi.o(.text)
    ADC1_IRQHandler                          0x0800068d   Thumb Code    12  stm32h5xx_it.o(.text.ADC1_IRQHandler)
    ADC_DMAConvCplt                          0x08000699   Thumb Code    98  stm32h5xx_hal_adc.o(.text.ADC_DMAConvCplt)
    ADC_DMAError                             0x080006fd   Thumb Code    22  stm32h5xx_hal_adc.o(.text.ADC_DMAError)
    ADC_DMAHalfConvCplt                      0x08000715   Thumb Code     6  stm32h5xx_hal_adc.o(.text.ADC_DMAHalfConvCplt)
    ADC_Enable                               0x0800071d   Thumb Code   242  stm32h5xx_hal_adc.o(.text.ADC_Enable)
    BSP_COM_Init                             0x08000811   Thumb Code   164  stm32h5xx_nucleo.o(.text.BSP_COM_Init)
    BSP_PB_Callback                          0x080008b5   Thumb Code     2  stm32h5xx_nucleo.o(.text.BSP_PB_Callback)
    BSP_PB_IRQHandler                        0x080008b9   Thumb Code    20  stm32h5xx_nucleo.o(.text.BSP_PB_IRQHandler)
    BSP_PB_Init                              0x080008cd   Thumb Code   152  stm32h5xx_nucleo.o(.text.BSP_PB_Init)
    BusFault_Handler                         0x0800096d   Thumb Code     2  stm32h5xx_it.o(.text.BusFault_Handler)
    DebugMon_Handler                         0x08000b45   Thumb Code     2  stm32h5xx_it.o(.text.DebugMon_Handler)
    EXTI13_IRQHandler                        0x08000b49   Thumb Code     6  stm32h5xx_it.o(.text.EXTI13_IRQHandler)
    Error_Handler                            0x08000b51   Thumb Code     6  main.o(.text.Error_Handler)
    GPDMA1_Channel0_IRQHandler               0x08000b59   Thumb Code    12  stm32h5xx_it.o(.text.GPDMA1_Channel0_IRQHandler)
    HAL_ADCEx_EndOfSamplingCallback          0x08000b65   Thumb Code     2  stm32h5xx_hal_adc_ex.o(.text.HAL_ADCEx_EndOfSamplingCallback)
    HAL_ADCEx_InjectedConvCpltCallback       0x08000b69   Thumb Code     2  stm32h5xx_hal_adc_ex.o(.text.HAL_ADCEx_InjectedConvCpltCallback)
    HAL_ADCEx_InjectedQueueOverflowCallback  0x08000b6d   Thumb Code     2  stm32h5xx_hal_adc_ex.o(.text.HAL_ADCEx_InjectedQueueOverflowCallback)
    HAL_ADCEx_LevelOutOfWindow2Callback      0x08000b71   Thumb Code     2  stm32h5xx_hal_adc_ex.o(.text.HAL_ADCEx_LevelOutOfWindow2Callback)
    HAL_ADCEx_LevelOutOfWindow3Callback      0x08000b75   Thumb Code     2  stm32h5xx_hal_adc_ex.o(.text.HAL_ADCEx_LevelOutOfWindow3Callback)
    HAL_ADC_ConfigChannel                    0x08000b79   Thumb Code   984  stm32h5xx_hal_adc.o(.text.HAL_ADC_ConfigChannel)
    HAL_ADC_ConvCpltCallback                 0x08000f51   Thumb Code     2  stm32h5xx_hal_adc.o(.text.HAL_ADC_ConvCpltCallback)
    HAL_ADC_ConvHalfCpltCallback             0x08000f55   Thumb Code     2  stm32h5xx_hal_adc.o(.text.HAL_ADC_ConvHalfCpltCallback)
    HAL_ADC_ErrorCallback                    0x08000f59   Thumb Code     2  stm32h5xx_hal_adc.o(.text.HAL_ADC_ErrorCallback)
    HAL_ADC_IRQHandler                       0x08000f5d   Thumb Code   638  stm32h5xx_hal_adc.o(.text.HAL_ADC_IRQHandler)
    HAL_ADC_Init                             0x080011dd   Thumb Code   506  stm32h5xx_hal_adc.o(.text.HAL_ADC_Init)
    HAL_ADC_LevelOutOfWindowCallback         0x080013d9   Thumb Code     2  stm32h5xx_hal_adc.o(.text.HAL_ADC_LevelOutOfWindowCallback)
    HAL_ADC_MspInit                          0x080013dd   Thumb Code   352  stm32h5xx_hal_msp.o(.text.HAL_ADC_MspInit)
    HAL_ADC_Start_DMA                        0x0800153d   Thumb Code   348  stm32h5xx_hal_adc.o(.text.HAL_ADC_Start_DMA)
    HAL_DMAEx_List_BuildNode                 0x08001699   Thumb Code   372  stm32h5xx_hal_dma_ex.o(.text.HAL_DMAEx_List_BuildNode)
    HAL_DMAEx_List_GetNodeConfig             0x0800180d   Thumb Code   342  stm32h5xx_hal_dma_ex.o(.text.HAL_DMAEx_List_GetNodeConfig)
    HAL_DMAEx_List_Init                      0x08001965   Thumb Code   790  stm32h5xx_hal_dma_ex.o(.text.HAL_DMAEx_List_Init)
    HAL_DMAEx_List_InsertNode                0x08001c7d   Thumb Code   298  stm32h5xx_hal_dma_ex.o(.text.HAL_DMAEx_List_InsertNode)
    HAL_DMAEx_List_LinkQ                     0x08001da9   Thumb Code   246  stm32h5xx_hal_dma_ex.o(.text.HAL_DMAEx_List_LinkQ)
    HAL_DMAEx_List_SetCircularMode           0x08001ea1   Thumb Code   278  stm32h5xx_hal_dma_ex.o(.text.HAL_DMAEx_List_SetCircularMode)
    HAL_DMAEx_List_Start_IT                  0x08001fb9   Thumb Code   216  stm32h5xx_hal_dma_ex.o(.text.HAL_DMAEx_List_Start_IT)
    HAL_DMA_ConfigChannelAttributes          0x08002091   Thumb Code    58  stm32h5xx_hal_dma.o(.text.HAL_DMA_ConfigChannelAttributes)
    HAL_DMA_IRQHandler                       0x080020cd   Thumb Code   424  stm32h5xx_hal_dma.o(.text.HAL_DMA_IRQHandler)
    HAL_DMA_Start_IT                         0x08002275   Thumb Code   178  stm32h5xx_hal_dma.o(.text.HAL_DMA_Start_IT)
    HAL_EXTI_GetHandle                       0x08002329   Thumb Code    12  stm32h5xx_hal_exti.o(.text.HAL_EXTI_GetHandle)
    HAL_EXTI_IRQHandler                      0x08002335   Thumb Code    84  stm32h5xx_hal_exti.o(.text.HAL_EXTI_IRQHandler)
    HAL_EXTI_RegisterCallback                0x08002389   Thumb Code    36  stm32h5xx_hal_exti.o(.text.HAL_EXTI_RegisterCallback)
    HAL_GPIO_Init                            0x080023ad   Thumb Code   392  stm32h5xx_hal_gpio.o(.text.HAL_GPIO_Init)
    HAL_GPIO_WritePin                        0x08002535   Thumb Code    12  stm32h5xx_hal_gpio.o(.text.HAL_GPIO_WritePin)
    HAL_GetTick                              0x08002541   Thumb Code    12  stm32h5xx_hal.o(.text.HAL_GetTick)
    HAL_IncTick                              0x0800254d   Thumb Code    26  stm32h5xx_hal.o(.text.HAL_IncTick)
    HAL_Init                                 0x08002569   Thumb Code    76  stm32h5xx_hal.o(.text.HAL_Init)
    HAL_InitTick                             0x080025b5   Thumb Code   168  stm32h5xx_hal.o(.text.HAL_InitTick)
    HAL_MspInit                              0x0800265d   Thumb Code     2  stm32h5xx_hal_msp.o(.text.HAL_MspInit)
    HAL_NVIC_EnableIRQ                       0x08002661   Thumb Code    34  stm32h5xx_hal_cortex.o(.text.HAL_NVIC_EnableIRQ)
    HAL_NVIC_SetPriority                     0x08002685   Thumb Code    86  stm32h5xx_hal_cortex.o(.text.HAL_NVIC_SetPriority)
    HAL_NVIC_SetPriorityGrouping             0x080026dd   Thumb Code    32  stm32h5xx_hal_cortex.o(.text.HAL_NVIC_SetPriorityGrouping)
    HAL_PCDEx_ActivateLPM                    0x080026fd   Thumb Code    34  stm32h5xx_hal_pcd_ex.o(.text.HAL_PCDEx_ActivateLPM)
    HAL_PCD_Init                             0x08002721   Thumb Code   598  stm32h5xx_hal_pcd.o(.text.HAL_PCD_Init)
    HAL_PCD_MspInit                          0x08002979   Thumb Code   112  stm32h5xx_hal_msp.o(.text.HAL_PCD_MspInit)
    HAL_PWREx_EnableVddUSB                   0x080029e9   Thumb Code    18  stm32h5xx_hal_pwr_ex.o(.text.HAL_PWREx_EnableVddUSB)
    HAL_RCCEx_GetPLL1ClockFreq               0x080029fd   Thumb Code   424  stm32h5xx_hal_rcc_ex.o(.text.HAL_RCCEx_GetPLL1ClockFreq)
    HAL_RCCEx_GetPLL2ClockFreq               0x08002bb1   Thumb Code   424  stm32h5xx_hal_rcc_ex.o(.text.HAL_RCCEx_GetPLL2ClockFreq)
    HAL_RCCEx_GetPLL3ClockFreq               0x08002d65   Thumb Code   424  stm32h5xx_hal_rcc_ex.o(.text.HAL_RCCEx_GetPLL3ClockFreq)
    HAL_RCCEx_GetPeriphCLKFreq               0x08002f19   Thumb Code  2730  stm32h5xx_hal_rcc_ex.o(.text.HAL_RCCEx_GetPeriphCLKFreq)
    HAL_RCCEx_PeriphCLKConfig                0x080039c5   Thumb Code  2632  stm32h5xx_hal_rcc_ex.o(.text.HAL_RCCEx_PeriphCLKConfig)
    HAL_RCC_ClockConfig                      0x0800440d   Thumb Code   606  stm32h5xx_hal_rcc.o(.text.HAL_RCC_ClockConfig)
    HAL_RCC_GetHCLKFreq                      0x0800466d   Thumb Code    48  stm32h5xx_hal_rcc.o(.text.HAL_RCC_GetHCLKFreq)
    HAL_RCC_GetPCLK1Freq                     0x0800469d   Thumb Code    70  stm32h5xx_hal_rcc.o(.text.HAL_RCC_GetPCLK1Freq)
    HAL_RCC_GetPCLK2Freq                     0x080046e5   Thumb Code    70  stm32h5xx_hal_rcc.o(.text.HAL_RCC_GetPCLK2Freq)
    HAL_RCC_GetPCLK3Freq                     0x0800472d   Thumb Code    70  stm32h5xx_hal_rcc.o(.text.HAL_RCC_GetPCLK3Freq)
    HAL_RCC_GetSysClockFreq                  0x08004775   Thumb Code   284  stm32h5xx_hal_rcc.o(.text.HAL_RCC_GetSysClockFreq)
    HAL_RCC_OscConfig                        0x080048a1   Thumb Code  1602  stm32h5xx_hal_rcc.o(.text.HAL_RCC_OscConfig)
    HAL_SPI_Init                             0x08004ee5   Thumb Code   484  stm32h5xx_hal_spi.o(.text.HAL_SPI_Init)
    HAL_SPI_MspInit                          0x080050c9   Thumb Code   154  stm32h5xx_hal_msp.o(.text.HAL_SPI_MspInit)
    HAL_SPI_Transmit                         0x08005165   Thumb Code   748  stm32h5xx_hal_spi.o(.text.HAL_SPI_Transmit)
    HAL_SPI_TransmitReceive                  0x08005451   Thumb Code  1146  stm32h5xx_hal_spi.o(.text.HAL_SPI_TransmitReceive)
    HAL_SYSTICK_CLKSourceConfig              0x080058cd   Thumb Code   118  stm32h5xx_hal_cortex.o(.text.HAL_SYSTICK_CLKSourceConfig)
    HAL_SYSTICK_Config                       0x08005945   Thumb Code    36  stm32h5xx_hal_cortex.o(.text.HAL_SYSTICK_Config)
    HAL_SYSTICK_GetCLKSourceConfig           0x08005969   Thumb Code    48  stm32h5xx_hal_cortex.o(.text.HAL_SYSTICK_GetCLKSourceConfig)
    HAL_TIMEx_Break2Callback                 0x08005999   Thumb Code     2  stm32h5xx_hal_tim_ex.o(.text.HAL_TIMEx_Break2Callback)
    HAL_TIMEx_BreakCallback                  0x0800599d   Thumb Code     2  stm32h5xx_hal_tim_ex.o(.text.HAL_TIMEx_BreakCallback)
    HAL_TIMEx_CommutCallback                 0x080059a1   Thumb Code     2  stm32h5xx_hal_tim_ex.o(.text.HAL_TIMEx_CommutCallback)
    HAL_TIMEx_DirectionChangeCallback        0x080059a5   Thumb Code     2  stm32h5xx_hal_tim_ex.o(.text.HAL_TIMEx_DirectionChangeCallback)
    HAL_TIMEx_EncoderIndexCallback           0x080059a9   Thumb Code     2  stm32h5xx_hal_tim_ex.o(.text.HAL_TIMEx_EncoderIndexCallback)
    HAL_TIMEx_IndexErrorCallback             0x080059ad   Thumb Code     2  stm32h5xx_hal_tim_ex.o(.text.HAL_TIMEx_IndexErrorCallback)
    HAL_TIMEx_MasterConfigSynchronization    0x080059b1   Thumb Code   402  stm32h5xx_hal_tim_ex.o(.text.HAL_TIMEx_MasterConfigSynchronization)
    HAL_TIMEx_TransitionErrorCallback        0x08005b45   Thumb Code     2  stm32h5xx_hal_tim_ex.o(.text.HAL_TIMEx_TransitionErrorCallback)
    HAL_TIM_Base_Init                        0x08005b49   Thumb Code    98  stm32h5xx_hal_tim.o(.text.HAL_TIM_Base_Init)
    HAL_TIM_Base_MspInit                     0x08005bad   Thumb Code    68  stm32h5xx_hal_msp.o(.text.HAL_TIM_Base_MspInit)
    HAL_TIM_Base_Start                       0x08005bf1   Thumb Code   312  stm32h5xx_hal_tim.o(.text.HAL_TIM_Base_Start)
    HAL_TIM_IC_CaptureCallback               0x08005d29   Thumb Code     2  stm32h5xx_hal_tim.o(.text.HAL_TIM_IC_CaptureCallback)
    HAL_TIM_IRQHandler                       0x08005d2d   Thumb Code   460  stm32h5xx_hal_tim.o(.text.HAL_TIM_IRQHandler)
    HAL_TIM_OC_DelayElapsedCallback          0x08005ef9   Thumb Code     2  stm32h5xx_hal_tim.o(.text.HAL_TIM_OC_DelayElapsedCallback)
    HAL_TIM_PWM_PulseFinishedCallback        0x08005efd   Thumb Code     2  stm32h5xx_hal_tim.o(.text.HAL_TIM_PWM_PulseFinishedCallback)
    HAL_TIM_PeriodElapsedCallback            0x08005f01   Thumb Code     2  stm32h5xx_hal_tim.o(.text.HAL_TIM_PeriodElapsedCallback)
    HAL_TIM_TriggerCallback                  0x08005f05   Thumb Code     2  stm32h5xx_hal_tim.o(.text.HAL_TIM_TriggerCallback)
    HAL_UART_Init                            0x08005f09   Thumb Code   100  stm32h5xx_hal_uart.o(.text.HAL_UART_Init)
    HAL_UART_MspInit                         0x08005f6d   Thumb Code     2  stm32h5xx_hal_uart.o(.text.HAL_UART_MspInit)
    HardFault_Handler                        0x08005f71   Thumb Code     2  stm32h5xx_it.o(.text.HardFault_Handler)
    MX_USART_Init                            0x08005f75   Thumb Code    52  stm32h5xx_nucleo.o(.text.MX_USART_Init)
    MemManage_Handler                        0x08005fa9   Thumb Code     2  stm32h5xx_it.o(.text.MemManage_Handler)
    NMI_Handler                              0x08005fad   Thumb Code     2  stm32h5xx_it.o(.text.NMI_Handler)
    PendSV_Handler                           0x08005fb1   Thumb Code     2  stm32h5xx_it.o(.text.PendSV_Handler)
    SVC_Handler                              0x0800625d   Thumb Code     2  stm32h5xx_it.o(.text.SVC_Handler)
    SysTick_Handler                          0x08006261   Thumb Code     4  stm32h5xx_it.o(.text.SysTick_Handler)
    SystemClock_Config                       0x08006265   Thumb Code   210  main.o(.text.SystemClock_Config)
    SystemInit                               0x08006339   Thumb Code   174  system_stm32h5xx.o(.text.SystemInit)
    TIM6_IRQHandler                          0x080063e9   Thumb Code    12  stm32h5xx_it.o(.text.TIM6_IRQHandler)
    TIM_Base_SetConfig                       0x080063f5   Thumb Code   570  stm32h5xx_hal_tim.o(.text.TIM_Base_SetConfig)
    UART_AdvFeatureConfig                    0x08006631   Thumb Code   230  stm32h5xx_hal_uart.o(.text.UART_AdvFeatureConfig)
    UART_CheckIdleState                      0x08006719   Thumb Code   362  stm32h5xx_hal_uart.o(.text.UART_CheckIdleState)
    UART_SetConfig                           0x08006885   Thumb Code   572  stm32h5xx_hal_uart.o(.text.UART_SetConfig)
    UART_WaitOnFlagUntilTimeout              0x08006ac1   Thumb Code   818  stm32h5xx_hal_uart.o(.text.UART_WaitOnFlagUntilTimeout)
    USB_CoreInit                             0x08006df5   Thumb Code    32  stm32h5xx_ll_usb.o(.text.USB_CoreInit)
    USB_DRD_FS_IRQHandler                    0x08006e15   Thumb Code     6  stm32h5xx_it.o(.text.USB_DRD_FS_IRQHandler)
    USB_DevDisconnect                        0x08006e1d   Thumb Code    14  stm32h5xx_ll_usb.o(.text.USB_DevDisconnect)
    USB_DevInit                              0x08006e2d   Thumb Code    30  stm32h5xx_ll_usb.o(.text.USB_DevInit)
    USB_DisableGlobalInt                     0x08006e4d   Thumb Code    18  stm32h5xx_ll_usb.o(.text.USB_DisableGlobalInt)
    USB_SetCurrentMode                       0x08006e61   Thumb Code    36  stm32h5xx_ll_usb.o(.text.USB_SetCurrentMode)
    UsageFault_Handler                       0x08006e85   Thumb Code     2  stm32h5xx_it.o(.text.UsageFault_Handler)
    btable_set_rx_bufsize                    0x08006e89   Thumb Code    86  fsdev_common.o(.text.btable_set_rx_bufsize)
    dcd_edpt0_status_complete                0x08006f79   Thumb Code    50  dcd_stm32_fsdev.o(.text.dcd_edpt0_status_complete)
    dcd_edpt_clear_stall                     0x08006fad   Thumb Code   150  dcd_stm32_fsdev.o(.text.dcd_edpt_clear_stall)
    dcd_edpt_close_all                       0x08007045   Thumb Code   108  dcd_stm32_fsdev.o(.text.dcd_edpt_close_all)
    dcd_edpt_open                            0x080070b1   Thumb Code   332  dcd_stm32_fsdev.o(.text.dcd_edpt_open)
    dcd_edpt_stall                           0x080071fd   Thumb Code   124  dcd_stm32_fsdev.o(.text.dcd_edpt_stall)
    dcd_edpt_xfer                            0x08007279   Thumb Code   172  dcd_stm32_fsdev.o(.text.dcd_edpt_xfer)
    dcd_edpt_xfer_fifo                       0x08007325   Thumb Code   172  dcd_stm32_fsdev.o(.text.dcd_edpt_xfer_fifo)
    dcd_event_handler                        0x080077a9   Thumb Code   744  usbd.o(.text.dcd_event_handler)
    dcd_init                                 0x08007a91   Thumb Code    42  dcd_stm32_fsdev.o(.text.dcd_init)
    dcd_int_disable                          0x08007abd   Thumb Code    24  dcd_stm32_fsdev.o(.text.dcd_int_disable)
    dcd_int_enable                           0x08007ad5   Thumb Code    24  dcd_stm32_fsdev.o(.text.dcd_int_enable)
    dcd_int_handler                          0x08007aed   Thumb Code   894  dcd_stm32_fsdev.o(.text.dcd_int_handler)
    dcd_set_address                          0x08007e6d   Thumb Code    24  dcd_stm32_fsdev.o(.text.dcd_set_address)
    dcd_sof_enable                           0x08007e85   Thumb Code    22  dcd_stm32_fsdev.o(.text.dcd_sof_enable)
    fsdev_core_reset                         0x08007f6d   Thumb Code   160  fsdev_common.o(.text.fsdev_core_reset)
    main                                     0x0800811d   Thumb Code   794  main.o(.text.main)
    mcp_init                                 0x08008439   Thumb Code   224  main.o(.text.mcp_init)
    midid_control_xfer_cb                    0x08008519   Thumb Code     4  midi_device.o(.text.midid_control_xfer_cb)
    midid_deinit                             0x0800851d   Thumb Code     4  midi_device.o(.text.midid_deinit)
    midid_init                               0x08008521   Thumb Code    76  midi_device.o(.text.midid_init)
    midid_open                               0x0800856d   Thumb Code   376  midi_device.o(.text.midid_open)
    midid_reset                              0x080086e5   Thumb Code    44  midi_device.o(.text.midid_reset)
    midid_xfer_cb                            0x08008711   Thumb Code   146  midi_device.o(.text.midid_xfer_cb)
    pma_align_buffer_size                    0x080087a5   Thumb Code    50  fsdev_common.o(.text.pma_align_buffer_size)
    scan_matrix                              0x080089fd   Thumb Code   820  main.o(.text.scan_matrix)
    tu_bind_driver_to_ep_itf                 0x08008d31   Thumb Code   116  tusb.o(.text.tu_bind_driver_to_ep_itf)
    tu_edpt_claim                            0x08008da5   Thumb Code    40  tusb.o(.text.tu_edpt_claim)
    tu_edpt_release                          0x08008dcd   Thumb Code    28  tusb.o(.text.tu_edpt_release)
    tu_edpt_stream_init                      0x08008de9   Thumb Code    66  tusb.o(.text.tu_edpt_stream_init)
    tu_edpt_stream_read                      0x08008e2d   Thumb Code    26  tusb.o(.text.tu_edpt_stream_read)
    tu_edpt_stream_read_xfer                 0x08008e49   Thumb Code   194  tusb.o(.text.tu_edpt_stream_read_xfer)
    tu_edpt_stream_write                     0x08008f0d   Thumb Code    68  tusb.o(.text.tu_edpt_stream_write)
    tu_edpt_stream_write_available           0x08008f51   Thumb Code    24  tusb.o(.text.tu_edpt_stream_write_available)
    tu_edpt_stream_write_xfer                0x08008f69   Thumb Code   190  tusb.o(.text.tu_edpt_stream_write_xfer)
    tu_edpt_stream_write_zlp_if_needed       0x08009029   Thumb Code   128  tusb.o(.text.tu_edpt_stream_write_zlp_if_needed)
    tu_fifo_clear                            0x080090a9   Thumb Code     8  tusb_fifo.o(.text.tu_fifo_clear)
    tu_fifo_config                           0x080090b1   Thumb Code    30  tusb_fifo.o(.text.tu_fifo_config)
    tu_fifo_peek_n_access_mode               0x080090d1   Thumb Code   904  tusb_fifo.o(.text.tu_fifo_peek_n_access_mode)
    tu_fifo_read_n_access_mode               0x08009459   Thumb Code    58  tusb_fifo.o(.text.tu_fifo_read_n_access_mode)
    tu_fifo_write_n_access_mode              0x08009495   Thumb Code  1116  tusb_fifo.o(.text.tu_fifo_write_n_access_mode)
    tu_hwfifo_read                           0x080098f1   Thumb Code   172  tusb_fifo.o(.text.tu_hwfifo_read)
    tu_hwfifo_write                          0x0800999d   Thumb Code   160  tusb_fifo.o(.text.tu_hwfifo_write)
    tud_control_status                       0x08009a3d   Thumb Code    54  usbd_control.o(.text.tud_control_status)
    tud_control_xfer                         0x08009a75   Thumb Code   214  usbd_control.o(.text.tud_control_xfer)
    tud_descriptor_bos_cb                    0x08009b4d   Thumb Code     4  usbd.o(.text.tud_descriptor_bos_cb)
    tud_descriptor_configuration_cb          0x08009b51   Thumb Code    10  usb_descriptors.o(.text.tud_descriptor_configuration_cb)
    tud_descriptor_device_cb                 0x08009b5d   Thumb Code    10  usb_descriptors.o(.text.tud_descriptor_device_cb)
    tud_descriptor_device_qualifier_cb       0x08009b69   Thumb Code     4  usbd.o(.text.tud_descriptor_device_qualifier_cb)
    tud_descriptor_other_speed_configuration_cb 0x08009b6d   Thumb Code     4  usbd.o(.text.tud_descriptor_other_speed_configuration_cb)
    tud_descriptor_string_cb                 0x08009b71   Thumb Code   232  usb_descriptors.o(.text.tud_descriptor_string_cb)
    tud_event_hook_cb                        0x08009c59   Thumb Code     2  usbd.o(.text.tud_event_hook_cb)
    tud_midi_n_available                     0x08009c5d   Thumb Code    50  midi_device.o(.text.tud_midi_n_available)
    tud_midi_n_mounted                       0x08009c91   Thumb Code    38  midi_device.o(.text.tud_midi_n_mounted)
    tud_midi_n_packet_read                   0x08009cb9   Thumb Code    36  midi_device.o(.text.tud_midi_n_packet_read)
    tud_midi_n_stream_write                  0x08009cdd   Thumb Code   438  midi_device.o(.text.tud_midi_n_stream_write)
    tud_midi_rx_cb                           0x08009e95   Thumb Code     2  midi_device.o(.text.tud_midi_rx_cb)
    tud_mount_cb                             0x08009e99   Thumb Code     2  usbd.o(.text.tud_mount_cb)
    tud_mounted                              0x08009e9d   Thumb Code    18  usbd.o(.text.tud_mounted)
    tud_resume_cb                            0x08009eb1   Thumb Code     2  usbd.o(.text.tud_resume_cb)
    tud_rhport_init                          0x08009eb5   Thumb Code   260  usbd.o(.text.tud_rhport_init)
    tud_sof_cb                               0x08009fb9   Thumb Code     2  usbd.o(.text.tud_sof_cb)
    tud_suspend_cb                           0x08009fbd   Thumb Code     2  usbd.o(.text.tud_suspend_cb)
    tud_task_ext                             0x08009fc1   Thumb Code  1632  usbd.o(.text.tud_task_ext)
    tud_umount_cb                            0x0800a621   Thumb Code     2  usbd.o(.text.tud_umount_cb)
    tud_vendor_control_xfer_cb               0x0800a625   Thumb Code     4  usbd.o(.text.tud_vendor_control_xfer_cb)
    tusb_rhport_init                         0x0800a629   Thumb Code   138  tusb.o(.text.tusb_rhport_init)
    usbd_app_driver_get_cb                   0x0800a6b5   Thumb Code    10  usbd.o(.text.usbd_app_driver_get_cb)
    usbd_control_reset                       0x0800a6c1   Thumb Code    22  usbd_control.o(.text.usbd_control_reset)
    usbd_control_set_complete_callback       0x0800a6d9   Thumb Code    12  usbd_control.o(.text.usbd_control_set_complete_callback)
    usbd_control_set_request                 0x0800a6e5   Thumb Code    24  usbd_control.o(.text.usbd_control_set_request)
    usbd_control_xfer_cb                     0x0800a6fd   Thumb Code   348  usbd_control.o(.text.usbd_control_xfer_cb)
    usbd_edpt_claim                          0x0800a859   Thumb Code    28  usbd.o(.text.usbd_edpt_claim)
    usbd_edpt_clear_stall                    0x0800a875   Thumb Code    64  usbd.o(.text.usbd_edpt_clear_stall)
    usbd_edpt_open                           0x0800a8b5   Thumb Code    40  usbd.o(.text.usbd_edpt_open)
    usbd_edpt_release                        0x0800a8dd   Thumb Code    28  usbd.o(.text.usbd_edpt_release)
    usbd_edpt_stall                          0x0800a8f9   Thumb Code    64  usbd.o(.text.usbd_edpt_stall)
    usbd_edpt_xfer                           0x0800a939   Thumb Code   138  usbd.o(.text.usbd_edpt_xfer)
    usbd_edpt_xfer_fifo                      0x0800a9c5   Thumb Code   138  usbd.o(.text.usbd_edpt_xfer_fifo)
    usbd_int_set                             0x0800aa51   Thumb Code    24  usbd.o(.text.usbd_int_set)
    _fp_init                                 0x0800aa69   Thumb Code    26  fpinit.o(x$fpl$fpinit)
    __fplib_config_fpu_vfp                   0x0800aa81   Thumb Code     0  fpinit.o(x$fpl$fpinit)
    __fplib_config_pureend_doubles           0x0800aa81   Thumb Code     0  fpinit.o(x$fpl$fpinit)
    AHBPrescTable                            0x0800aa84   Data          16  system_stm32h5xx.o(.rodata.AHBPrescTable)
    APBPrescTable                            0x0800aa94   Data           8  system_stm32h5xx.o(.rodata.APBPrescTable)
    UARTPrescTable                           0x0800aa9c   Data          24  stm32h5xx_hal_uart.o(.rodata.UARTPrescTable)
    desc_device                              0x0800aad8   Data          18  usb_descriptors.o(.rodata.desc_device)
    desc_fs_configuration                    0x0800aaea   Data         101  usb_descriptors.o(.rodata.desc_fs_configuration)
    Region$$Table$$Base                      0x0800ab90   Number         0  anon$$obj.o(Region$$Table)
    Region$$Table$$Limit                     0x0800abb0   Number         0  anon$$obj.o(Region$$Table)
    uwTickFreq                               0x20000000   Data           1  stm32h5xx_hal.o(.data..L_MergedGlobals)
    uwTickPrio                               0x20000004   Data           4  stm32h5xx_hal.o(.data..L_MergedGlobals)
    _usbd_qdef                               0x2000000c   Data          20  usbd.o(.data..L_MergedGlobals)
    COM_USART                                0x20000020   Data           4  stm32h5xx_nucleo.o(.data.COM_USART)
    SystemCoreClock                          0x20000024   Data           4  system_stm32h5xx.o(.data.SystemCoreClock)
    string_desc_arr                          0x20000028   Data          20  usb_descriptors.o(.data.string_desc_arr)
    __libspace_start                         0x20000040   Data          96  libspace.o(.bss)
    __temporary_stack_top$libspace           0x200000a0   Data           0  libspace.o(.bss)
    last_midi_value                          0x200000a0   Data           1  main.o(.bss..L_MergedGlobals)
    adc_value                                0x200000a1   Data           1  main.o(.bss..L_MergedGlobals)
    BspCOMInit                               0x200000b8   Data          16  main.o(.bss..L_MergedGlobals)
    htim6                                    0x200000c8   Data          76  main.o(.bss..L_MergedGlobals)
    List_GPDMA1_Channel0                     0x200001d4   Data          24  main.o(.bss.List_GPDMA1_Channel0)
    Node_GPDMA1_Channel0                     0x200001ec   Data          36  main.o(.bss.Node_GPDMA1_Channel0)
    _tusb_rhport_role                        0x20000310   Data           2  tusb.o(.bss._tusb_rhport_role)
    _usbd_qdef_buf                           0x20000312   Data         192  usbd.o(.bss._usbd_qdef_buf)
    hadc1                                    0x200003d4   Data         104  main.o(.bss.hadc1)
    handle_GPDMA1_Channel0                   0x2000043c   Data         120  main.o(.bss.handle_GPDMA1_Channel0)
    hcom_uart                                0x200004b4   Data         148  stm32h5xx_nucleo.o(.bss.hcom_uart)
    hpb_exti                                 0x20000548   Data          12  stm32h5xx_nucleo.o(.bss.hpb_exti)
    hpcd_USB_DRD_FS                          0x20000554   Data         740  main.o(.bss.hpcd_USB_DRD_FS)
    hspi1                                    0x20000838   Data         144  main.o(.bss.hspi1)
    uwTick                                   0x200008cc   Data           4  stm32h5xx_hal.o(.bss.uwTick)



==============================================================================

Memory Map of the image

  Image Entry point : 0x08000255

  Load Region LR_IROM1 (Base: 0x08000000, Size: 0x0000abf0, Max: 0x00080000, ABSOLUTE)

    Execution Region ER_IROM1 (Exec base: 0x08000000, Load base: 0x08000000, Size: 0x0000abb0, Max: 0x00080000, ABSOLUTE)

    Exec Addr    Load Addr    Size         Type   Attr      Idx    E Section Name        Object

    0x08000000   0x08000000   0x00000254   Data   RO            3    RESET               startup_stm32h533xx.o
    0x08000254   0x08000254   0x00000008   Code   RO         2240  * !!!main             c_w.l(__main.o)
    0x0800025c   0x0800025c   0x0000005c   Code   RO         2417    !!!scatter          c_w.l(__scatter.o)
    0x080002b8   0x080002b8   0x0000001a   Code   RO         2421    !!handler_copy      c_w.l(__scatter_copy.o)
    0x080002d2   0x080002d2   0x00000002   PAD
    0x080002d4   0x080002d4   0x00000002   Code   RO         2418    !!handler_null      c_w.l(__scatter.o)
    0x080002d6   0x080002d6   0x00000002   PAD
    0x080002d8   0x080002d8   0x0000001c   Code   RO         2423    !!handler_zi        c_w.l(__scatter_zi.o)
    0x080002f4   0x080002f4   0x00000002   Code   RO         2279    .ARM.Collect$$libinit$$00000000  c_w.l(libinit.o)
    0x080002f6   0x080002f6   0x00000004   Code   RO         2291    .ARM.Collect$$libinit$$00000001  c_w.l(libinit2.o)
    0x080002fa   0x080002fa   0x00000000   Code   RO         2294    .ARM.Collect$$libinit$$00000004  c_w.l(libinit2.o)
    0x080002fa   0x080002fa   0x00000000   Code   RO         2296    .ARM.Collect$$libinit$$00000006  c_w.l(libinit2.o)
    0x080002fa   0x080002fa   0x00000000   Code   RO         2299    .ARM.Collect$$libinit$$0000000C  c_w.l(libinit2.o)
    0x080002fa   0x080002fa   0x00000000   Code   RO         2301    .ARM.Collect$$libinit$$0000000E  c_w.l(libinit2.o)
    0x080002fa   0x080002fa   0x00000000   Code   RO         2303    .ARM.Collect$$libinit$$00000010  c_w.l(libinit2.o)
    0x080002fa   0x080002fa   0x00000000   Code   RO         2306    .ARM.Collect$$libinit$$00000013  c_w.l(libinit2.o)
    0x080002fa   0x080002fa   0x00000000   Code   RO         2308    .ARM.Collect$$libinit$$00000015  c_w.l(libinit2.o)
    0x080002fa   0x080002fa   0x00000000   Code   RO         2310    .ARM.Collect$$libinit$$00000017  c_w.l(libinit2.o)
    0x080002fa   0x080002fa   0x00000000   Code   RO         2312    .ARM.Collect$$libinit$$00000019  c_w.l(libinit2.o)
    0x080002fa   0x080002fa   0x00000000   Code   RO         2314    .ARM.Collect$$libinit$$0000001B  c_w.l(libinit2.o)
    0x080002fa   0x080002fa   0x00000000   Code   RO         2316    .ARM.Collect$$libinit$$0000001D  c_w.l(libinit2.o)
    0x080002fa   0x080002fa   0x00000000   Code   RO         2318    .ARM.Collect$$libinit$$0000001F  c_w.l(libinit2.o)
    0x080002fa   0x080002fa   0x00000000   Code   RO         2320    .ARM.Collect$$libinit$$00000021  c_w.l(libinit2.o)
    0x080002fa   0x080002fa   0x00000000   Code   RO         2322    .ARM.Collect$$libinit$$00000023  c_w.l(libinit2.o)
    0x080002fa   0x080002fa   0x00000000   Code   RO         2324    .ARM.Collect$$libinit$$00000025  c_w.l(libinit2.o)
    0x080002fa   0x080002fa   0x00000000   Code   RO         2326    .ARM.Collect$$libinit$$00000027  c_w.l(libinit2.o)
    0x080002fa   0x080002fa   0x00000000   Code   RO         2330    .ARM.Collect$$libinit$$0000002E  c_w.l(libinit2.o)
    0x080002fa   0x080002fa   0x00000000   Code   RO         2332    .ARM.Collect$$libinit$$00000030  c_w.l(libinit2.o)
    0x080002fa   0x080002fa   0x00000000   Code   RO         2334    .ARM.Collect$$libinit$$00000032  c_w.l(libinit2.o)
    0x080002fa   0x080002fa   0x00000000   Code   RO         2336    .ARM.Collect$$libinit$$00000034  c_w.l(libinit2.o)
    0x080002fa   0x080002fa   0x00000002   Code   RO         2337    .ARM.Collect$$libinit$$00000035  c_w.l(libinit2.o)
    0x080002fc   0x080002fc   0x00000002   Code   RO         2372    .ARM.Collect$$libshutdown$$00000000  c_w.l(libshutdown.o)
    0x080002fe   0x080002fe   0x00000000   Code   RO         2400    .ARM.Collect$$libshutdown$$00000002  c_w.l(libshutdown2.o)
    0x080002fe   0x080002fe   0x00000000   Code   RO         2402    .ARM.Collect$$libshutdown$$00000004  c_w.l(libshutdown2.o)
    0x080002fe   0x080002fe   0x00000000   Code   RO         2405    .ARM.Collect$$libshutdown$$00000007  c_w.l(libshutdown2.o)
    0x080002fe   0x080002fe   0x00000000   Code   RO         2408    .ARM.Collect$$libshutdown$$0000000A  c_w.l(libshutdown2.o)
    0x080002fe   0x080002fe   0x00000000   Code   RO         2410    .ARM.Collect$$libshutdown$$0000000C  c_w.l(libshutdown2.o)
    0x080002fe   0x080002fe   0x00000000   Code   RO         2413    .ARM.Collect$$libshutdown$$0000000F  c_w.l(libshutdown2.o)
    0x080002fe   0x080002fe   0x00000002   Code   RO         2414    .ARM.Collect$$libshutdown$$00000010  c_w.l(libshutdown2.o)
    0x08000300   0x08000300   0x00000000   Code   RO         2242    .ARM.Collect$$rtentry$$00000000  c_w.l(__rtentry.o)
    0x08000300   0x08000300   0x00000000   Code   RO         2250    .ARM.Collect$$rtentry$$00000002  c_w.l(__rtentry2.o)
    0x08000300   0x08000300   0x00000006   Code   RO         2262    .ARM.Collect$$rtentry$$00000004  c_w.l(__rtentry4.o)
    0x08000306   0x08000306   0x00000000   Code   RO         2252    .ARM.Collect$$rtentry$$00000009  c_w.l(__rtentry2.o)
    0x08000306   0x08000306   0x00000004   Code   RO         2253    .ARM.Collect$$rtentry$$0000000A  c_w.l(__rtentry2.o)
    0x0800030a   0x0800030a   0x00000000   Code   RO         2255    .ARM.Collect$$rtentry$$0000000C  c_w.l(__rtentry2.o)
    0x0800030a   0x0800030a   0x00000008   Code   RO         2256    .ARM.Collect$$rtentry$$0000000D  c_w.l(__rtentry2.o)
    0x08000312   0x08000312   0x00000002   Code   RO         2283    .ARM.Collect$$rtexit$$00000000  c_w.l(rtexit.o)
    0x08000314   0x08000314   0x00000000   Code   RO         2343    .ARM.Collect$$rtexit$$00000002  c_w.l(rtexit2.o)
    0x08000314   0x08000314   0x00000004   Code   RO         2344    .ARM.Collect$$rtexit$$00000003  c_w.l(rtexit2.o)
    0x08000318   0x08000318   0x00000006   Code   RO         2345    .ARM.Collect$$rtexit$$00000004  c_w.l(rtexit2.o)
    0x0800031e   0x0800031e   0x00000002   PAD
    0x08000320   0x08000320   0x00000044   Code   RO            4    .text               startup_stm32h533xx.o
    0x08000364   0x08000364   0x000000f0   Code   RO         2228    .text               c_w.l(lludivv7m.o)
    0x08000454   0x08000454   0x0000003e   Code   RO         2230    .text               c_w.l(strlen.o)
    0x08000492   0x08000492   0x0000008a   Code   RO         2232    .text               c_w.l(rt_memcpy_v6.o)
    0x0800051c   0x0800051c   0x00000044   Code   RO         2234    .text               c_w.l(rt_memclr.o)
    0x08000560   0x08000560   0x0000004e   Code   RO         2236    .text               c_w.l(rt_memclr_w.o)
    0x080005ae   0x080005ae   0x00000006   Code   RO         2238    .text               c_w.l(heapauxi.o)
    0x080005b4   0x080005b4   0x00000064   Code   RO         2247    .text               c_w.l(rt_memcpy_w.o)
    0x08000618   0x08000618   0x0000004a   Code   RO         2266    .text               c_w.l(sys_stackheap_outer.o)
    0x08000662   0x08000662   0x00000012   Code   RO         2268    .text               c_w.l(exit.o)
    0x08000674   0x08000674   0x00000008   Code   RO         2280    .text               c_w.l(libspace.o)
    0x0800067c   0x0800067c   0x0000000c   Code   RO         2338    .text               c_w.l(sys_exit.o)
    0x08000688   0x08000688   0x00000002   Code   RO         2361    .text               c_w.l(use_no_semi.o)
    0x0800068a   0x0800068a   0x00000000   Code   RO         2363    .text               c_w.l(indicate_semi.o)
    0x0800068a   0x0800068a   0x00000002   PAD
    0x0800068c   0x0800068c   0x0000000c   Code   RO           73    .text.ADC1_IRQHandler  stm32h5xx_it.o
    0x08000698   0x08000698   0x00000062   Code   RO          192    .text.ADC_DMAConvCplt  stm32h5xx_hal_adc.o
    0x080006fa   0x080006fa   0x00000002   PAD
    0x080006fc   0x080006fc   0x00000016   Code   RO          196    .text.ADC_DMAError  stm32h5xx_hal_adc.o
    0x08000712   0x08000712   0x00000002   PAD
    0x08000714   0x08000714   0x00000006   Code   RO          194    .text.ADC_DMAHalfConvCplt  stm32h5xx_hal_adc.o
    0x0800071a   0x0800071a   0x00000002   PAD
    0x0800071c   0x0800071c   0x000000f2   Code   RO          178    .text.ADC_Enable    stm32h5xx_hal_adc.o
    0x0800080e   0x0800080e   0x00000002   PAD
    0x08000810   0x08000810   0x000000a4   Code   RO          142    .text.BSP_COM_Init  stm32h5xx_nucleo.o
    0x080008b4   0x080008b4   0x00000002   Code   RO          140    .text.BSP_PB_Callback  stm32h5xx_nucleo.o
    0x080008b6   0x080008b6   0x00000002   PAD
    0x080008b8   0x080008b8   0x00000014   Code   RO          138    .text.BSP_PB_IRQHandler  stm32h5xx_nucleo.o
    0x080008cc   0x080008cc   0x00000098   Code   RO          130    .text.BSP_PB_Init   stm32h5xx_nucleo.o
    0x08000964   0x08000964   0x00000006   Code   RO          132    .text.BUTTON_USER_EXTI_Callback  stm32h5xx_nucleo.o
    0x0800096a   0x0800096a   0x00000002   PAD
    0x0800096c   0x0800096c   0x00000002   Code   RO           57    .text.BusFault_Handler  stm32h5xx_it.o
    0x0800096e   0x0800096e   0x00000002   PAD
    0x08000970   0x08000970   0x000001d2   Code   RO          348    .text.DMA_List_FindNode  stm32h5xx_hal_dma_ex.o
    0x08000b42   0x08000b42   0x00000002   PAD
    0x08000b44   0x08000b44   0x00000002   Code   RO           63    .text.DebugMon_Handler  stm32h5xx_it.o
    0x08000b46   0x08000b46   0x00000002   PAD
    0x08000b48   0x08000b48   0x00000006   Code   RO           69    .text.EXTI13_IRQHandler  stm32h5xx_it.o
    0x08000b4e   0x08000b4e   0x00000002   PAD
    0x08000b50   0x08000b50   0x00000006   Code   RO           33    .text.Error_Handler  main.o
    0x08000b56   0x08000b56   0x00000002   PAD
    0x08000b58   0x08000b58   0x0000000c   Code   RO           71    .text.GPDMA1_Channel0_IRQHandler  stm32h5xx_it.o
    0x08000b64   0x08000b64   0x00000002   Code   RO          264    .text.HAL_ADCEx_EndOfSamplingCallback  stm32h5xx_hal_adc_ex.o
    0x08000b66   0x08000b66   0x00000002   PAD
    0x08000b68   0x08000b68   0x00000002   Code   RO          256    .text.HAL_ADCEx_InjectedConvCpltCallback  stm32h5xx_hal_adc_ex.o
    0x08000b6a   0x08000b6a   0x00000002   PAD
    0x08000b6c   0x08000b6c   0x00000002   Code   RO          258    .text.HAL_ADCEx_InjectedQueueOverflowCallback  stm32h5xx_hal_adc_ex.o
    0x08000b6e   0x08000b6e   0x00000002   PAD
    0x08000b70   0x08000b70   0x00000002   Code   RO          260    .text.HAL_ADCEx_LevelOutOfWindow2Callback  stm32h5xx_hal_adc_ex.o
    0x08000b72   0x08000b72   0x00000002   PAD
    0x08000b74   0x08000b74   0x00000002   Code   RO          262    .text.HAL_ADCEx_LevelOutOfWindow3Callback  stm32h5xx_hal_adc_ex.o
    0x08000b76   0x08000b76   0x00000002   PAD
    0x08000b78   0x08000b78   0x000003d8   Code   RO          216    .text.HAL_ADC_ConfigChannel  stm32h5xx_hal_adc.o
    0x08000f50   0x08000f50   0x00000002   Code   RO          208    .text.HAL_ADC_ConvCpltCallback  stm32h5xx_hal_adc.o
    0x08000f52   0x08000f52   0x00000002   PAD
    0x08000f54   0x08000f54   0x00000002   Code   RO          214    .text.HAL_ADC_ConvHalfCpltCallback  stm32h5xx_hal_adc.o
    0x08000f56   0x08000f56   0x00000002   PAD
    0x08000f58   0x08000f58   0x00000002   Code   RO          212    .text.HAL_ADC_ErrorCallback  stm32h5xx_hal_adc.o
    0x08000f5a   0x08000f5a   0x00000002   PAD
    0x08000f5c   0x08000f5c   0x0000027e   Code   RO          206    .text.HAL_ADC_IRQHandler  stm32h5xx_hal_adc.o
    0x080011da   0x080011da   0x00000002   PAD
    0x080011dc   0x080011dc   0x000001fa   Code   RO          164    .text.HAL_ADC_Init  stm32h5xx_hal_adc.o
    0x080013d6   0x080013d6   0x00000002   PAD
    0x080013d8   0x080013d8   0x00000002   Code   RO          210    .text.HAL_ADC_LevelOutOfWindowCallback  stm32h5xx_hal_adc.o
    0x080013da   0x080013da   0x00000002   PAD
    0x080013dc   0x080013dc   0x00000160   Code   RO           88    .text.HAL_ADC_MspInit  stm32h5xx_hal_msp.o
    0x0800153c   0x0800153c   0x0000015c   Code   RO          190    .text.HAL_ADC_Start_DMA  stm32h5xx_hal_adc.o
    0x08001698   0x08001698   0x00000174   Code   RO          340    .text.HAL_DMAEx_List_BuildNode  stm32h5xx_hal_dma_ex.o
    0x0800180c   0x0800180c   0x00000156   Code   RO          342    .text.HAL_DMAEx_List_GetNodeConfig  stm32h5xx_hal_dma_ex.o
    0x08001962   0x08001962   0x00000002   PAD
    0x08001964   0x08001964   0x00000316   Code   RO          332    .text.HAL_DMAEx_List_Init  stm32h5xx_hal_dma_ex.o
    0x08001c7a   0x08001c7a   0x00000002   PAD
    0x08001c7c   0x08001c7c   0x0000012a   Code   RO          344    .text.HAL_DMAEx_List_InsertNode  stm32h5xx_hal_dma_ex.o
    0x08001da6   0x08001da6   0x00000002   PAD
    0x08001da8   0x08001da8   0x000000f6   Code   RO          384    .text.HAL_DMAEx_List_LinkQ  stm32h5xx_hal_dma_ex.o
    0x08001e9e   0x08001e9e   0x00000002   PAD
    0x08001ea0   0x08001ea0   0x00000116   Code   RO          376    .text.HAL_DMAEx_List_SetCircularMode  stm32h5xx_hal_dma_ex.o
    0x08001fb6   0x08001fb6   0x00000002   PAD
    0x08001fb8   0x08001fb8   0x000000d8   Code   RO          338    .text.HAL_DMAEx_List_Start_IT  stm32h5xx_hal_dma_ex.o
    0x08002090   0x08002090   0x0000003a   Code   RO          318    .text.HAL_DMA_ConfigChannelAttributes  stm32h5xx_hal_dma.o
    0x080020ca   0x080020ca   0x00000002   PAD
    0x080020cc   0x080020cc   0x000001a8   Code   RO          308    .text.HAL_DMA_IRQHandler  stm32h5xx_hal_dma.o
    0x08002274   0x08002274   0x000000b2   Code   RO          300    .text.HAL_DMA_Start_IT  stm32h5xx_hal_dma.o
    0x08002326   0x08002326   0x00000002   PAD
    0x08002328   0x08002328   0x0000000c   Code   RO          958    .text.HAL_EXTI_GetHandle  stm32h5xx_hal_exti.o
    0x08002334   0x08002334   0x00000054   Code   RO          960    .text.HAL_EXTI_IRQHandler  stm32h5xx_hal_exti.o
    0x08002388   0x08002388   0x00000024   Code   RO          956    .text.HAL_EXTI_RegisterCallback  stm32h5xx_hal_exti.o
    0x080023ac   0x080023ac   0x00000188   Code   RO          604    .text.HAL_GPIO_Init  stm32h5xx_hal_gpio.o
    0x08002534   0x08002534   0x0000000c   Code   RO          610    .text.HAL_GPIO_WritePin  stm32h5xx_hal_gpio.o
    0x08002540   0x08002540   0x0000000c   Code   RO          832    .text.HAL_GetTick   stm32h5xx_hal.o
    0x0800254c   0x0800254c   0x0000001a   Code   RO          830    .text.HAL_IncTick   stm32h5xx_hal.o
    0x08002566   0x08002566   0x00000002   PAD
    0x08002568   0x08002568   0x0000004c   Code   RO          820    .text.HAL_Init      stm32h5xx_hal.o
    0x080025b4   0x080025b4   0x000000a8   Code   RO          822    .text.HAL_InitTick  stm32h5xx_hal.o
    0x0800265c   0x0800265c   0x00000002   Code   RO           86    .text.HAL_MspInit   stm32h5xx_hal_msp.o
    0x0800265e   0x0800265e   0x00000002   PAD
    0x08002660   0x08002660   0x00000022   Code   RO          770    .text.HAL_NVIC_EnableIRQ  stm32h5xx_hal_cortex.o
    0x08002682   0x08002682   0x00000002   PAD
    0x08002684   0x08002684   0x00000056   Code   RO          768    .text.HAL_NVIC_SetPriority  stm32h5xx_hal_cortex.o
    0x080026da   0x080026da   0x00000002   PAD
    0x080026dc   0x080026dc   0x00000020   Code   RO          766    .text.HAL_NVIC_SetPriorityGrouping  stm32h5xx_hal_cortex.o
    0x080026fc   0x080026fc   0x00000022   Code   RO         1560    .text.HAL_PCDEx_ActivateLPM  stm32h5xx_hal_pcd_ex.o
    0x0800271e   0x0800271e   0x00000002   PAD
    0x08002720   0x08002720   0x00000256   Code   RO         1476    .text.HAL_PCD_Init  stm32h5xx_hal_pcd.o
    0x08002976   0x08002976   0x00000002   PAD
    0x08002978   0x08002978   0x00000070   Code   RO          100    .text.HAL_PCD_MspInit  stm32h5xx_hal_msp.o
    0x080029e8   0x080029e8   0x00000012   Code   RO          704    .text.HAL_PWREx_EnableVddUSB  stm32h5xx_hal_pwr_ex.o
    0x080029fa   0x080029fa   0x00000002   PAD
    0x080029fc   0x080029fc   0x000001b4   Code   RO          461    .text.HAL_RCCEx_GetPLL1ClockFreq  stm32h5xx_hal_rcc_ex.o
    0x08002bb0   0x08002bb0   0x000001b4   Code   RO          463    .text.HAL_RCCEx_GetPLL2ClockFreq  stm32h5xx_hal_rcc_ex.o
    0x08002d64   0x08002d64   0x000001b4   Code   RO          465    .text.HAL_RCCEx_GetPLL3ClockFreq  stm32h5xx_hal_rcc_ex.o
    0x08002f18   0x08002f18   0x00000aaa   Code   RO          467    .text.HAL_RCCEx_GetPeriphCLKFreq  stm32h5xx_hal_rcc_ex.o
    0x080039c2   0x080039c2   0x00000002   PAD
    0x080039c4   0x080039c4   0x00000a48   Code   RO          453    .text.HAL_RCCEx_PeriphCLKConfig  stm32h5xx_hal_rcc_ex.o
    0x0800440c   0x0800440c   0x0000025e   Code   RO          417    .text.HAL_RCC_ClockConfig  stm32h5xx_hal_rcc.o
    0x0800466a   0x0800466a   0x00000002   PAD
    0x0800466c   0x0800466c   0x00000030   Code   RO          415    .text.HAL_RCC_GetHCLKFreq  stm32h5xx_hal_rcc.o
    0x0800469c   0x0800469c   0x00000046   Code   RO          423    .text.HAL_RCC_GetPCLK1Freq  stm32h5xx_hal_rcc.o
    0x080046e2   0x080046e2   0x00000002   PAD
    0x080046e4   0x080046e4   0x00000046   Code   RO          425    .text.HAL_RCC_GetPCLK2Freq  stm32h5xx_hal_rcc.o
    0x0800472a   0x0800472a   0x00000002   PAD
    0x0800472c   0x0800472c   0x00000046   Code   RO          427    .text.HAL_RCC_GetPCLK3Freq  stm32h5xx_hal_rcc.o
    0x08004772   0x08004772   0x00000002   PAD
    0x08004774   0x08004774   0x0000012c   Code   RO          419    .text.HAL_RCC_GetSysClockFreq  stm32h5xx_hal_rcc.o
    0x080048a0   0x080048a0   0x00000642   Code   RO          413    .text.HAL_RCC_OscConfig  stm32h5xx_hal_rcc.o
    0x08004ee2   0x08004ee2   0x00000002   PAD
    0x08004ee4   0x08004ee4   0x000001e4   Code   RO          980    .text.HAL_SPI_Init  stm32h5xx_hal_spi.o
    0x080050c8   0x080050c8   0x0000009a   Code   RO           92    .text.HAL_SPI_MspInit  stm32h5xx_hal_msp.o
    0x08005162   0x08005162   0x00000002   PAD
    0x08005164   0x08005164   0x000002ec   Code   RO          988    .text.HAL_SPI_Transmit  stm32h5xx_hal_spi.o
    0x08005450   0x08005450   0x0000047a   Code   RO          994    .text.HAL_SPI_TransmitReceive  stm32h5xx_hal_spi.o
    0x080058ca   0x080058ca   0x00000002   PAD
    0x080058cc   0x080058cc   0x00000076   Code   RO          792    .text.HAL_SYSTICK_CLKSourceConfig  stm32h5xx_hal_cortex.o
    0x08005942   0x08005942   0x00000002   PAD
    0x08005944   0x08005944   0x00000024   Code   RO          790    .text.HAL_SYSTICK_Config  stm32h5xx_hal_cortex.o
    0x08005968   0x08005968   0x00000030   Code   RO          794    .text.HAL_SYSTICK_GetCLKSourceConfig  stm32h5xx_hal_cortex.o
    0x08005998   0x08005998   0x00000002   Code   RO         1453    .text.HAL_TIMEx_Break2Callback  stm32h5xx_hal_tim_ex.o
    0x0800599a   0x0800599a   0x00000002   PAD
    0x0800599c   0x0800599c   0x00000002   Code   RO         1451    .text.HAL_TIMEx_BreakCallback  stm32h5xx_hal_tim_ex.o
    0x0800599e   0x0800599e   0x00000002   PAD
    0x080059a0   0x080059a0   0x00000002   Code   RO         1447    .text.HAL_TIMEx_CommutCallback  stm32h5xx_hal_tim_ex.o
    0x080059a2   0x080059a2   0x00000002   PAD
    0x080059a4   0x080059a4   0x00000002   Code   RO         1457    .text.HAL_TIMEx_DirectionChangeCallback  stm32h5xx_hal_tim_ex.o
    0x080059a6   0x080059a6   0x00000002   PAD
    0x080059a8   0x080059a8   0x00000002   Code   RO         1455    .text.HAL_TIMEx_EncoderIndexCallback  stm32h5xx_hal_tim_ex.o
    0x080059aa   0x080059aa   0x00000002   PAD
    0x080059ac   0x080059ac   0x00000002   Code   RO         1459    .text.HAL_TIMEx_IndexErrorCallback  stm32h5xx_hal_tim_ex.o
    0x080059ae   0x080059ae   0x00000002   PAD
    0x080059b0   0x080059b0   0x00000192   Code   RO         1397    .text.HAL_TIMEx_MasterConfigSynchronization  stm32h5xx_hal_tim_ex.o
    0x08005b42   0x08005b42   0x00000002   PAD
    0x08005b44   0x08005b44   0x00000002   Code   RO         1461    .text.HAL_TIMEx_TransitionErrorCallback  stm32h5xx_hal_tim_ex.o
    0x08005b46   0x08005b46   0x00000002   PAD
    0x08005b48   0x08005b48   0x00000062   Code   RO         1096    .text.HAL_TIM_Base_Init  stm32h5xx_hal_tim.o
    0x08005baa   0x08005baa   0x00000002   PAD
    0x08005bac   0x08005bac   0x00000044   Code   RO           96    .text.HAL_TIM_Base_MspInit  stm32h5xx_hal_msp.o
    0x08005bf0   0x08005bf0   0x00000138   Code   RO         1106    .text.HAL_TIM_Base_Start  stm32h5xx_hal_tim.o
    0x08005d28   0x08005d28   0x00000002   Code   RO         1234    .text.HAL_TIM_IC_CaptureCallback  stm32h5xx_hal_tim.o
    0x08005d2a   0x08005d2a   0x00000002   PAD
    0x08005d2c   0x08005d2c   0x000001cc   Code   RO         1232    .text.HAL_TIM_IRQHandler  stm32h5xx_hal_tim.o
    0x08005ef8   0x08005ef8   0x00000002   Code   RO         1236    .text.HAL_TIM_OC_DelayElapsedCallback  stm32h5xx_hal_tim.o
    0x08005efa   0x08005efa   0x00000002   PAD
    0x08005efc   0x08005efc   0x00000002   Code   RO         1238    .text.HAL_TIM_PWM_PulseFinishedCallback  stm32h5xx_hal_tim.o
    0x08005efe   0x08005efe   0x00000002   PAD
    0x08005f00   0x08005f00   0x00000002   Code   RO         1240    .text.HAL_TIM_PeriodElapsedCallback  stm32h5xx_hal_tim.o
    0x08005f02   0x08005f02   0x00000002   PAD
    0x08005f04   0x08005f04   0x00000002   Code   RO         1242    .text.HAL_TIM_TriggerCallback  stm32h5xx_hal_tim.o
    0x08005f06   0x08005f06   0x00000002   PAD
    0x08005f08   0x08005f08   0x00000064   Code   RO         1689    .text.HAL_UART_Init  stm32h5xx_hal_uart.o
    0x08005f6c   0x08005f6c   0x00000002   Code   RO         1691    .text.HAL_UART_MspInit  stm32h5xx_hal_uart.o
    0x08005f6e   0x08005f6e   0x00000002   PAD
    0x08005f70   0x08005f70   0x00000002   Code   RO           53    .text.HardFault_Handler  stm32h5xx_it.o
    0x08005f72   0x08005f72   0x00000002   PAD
    0x08005f74   0x08005f74   0x00000034   Code   RO          144    .text.MX_USART_Init  stm32h5xx_nucleo.o
    0x08005fa8   0x08005fa8   0x00000002   Code   RO           55    .text.MemManage_Handler  stm32h5xx_it.o
    0x08005faa   0x08005faa   0x00000002   PAD
    0x08005fac   0x08005fac   0x00000002   Code   RO           51    .text.NMI_Handler   stm32h5xx_it.o
    0x08005fae   0x08005fae   0x00000002   PAD
    0x08005fb0   0x08005fb0   0x00000002   Code   RO           65    .text.PendSV_Handler  stm32h5xx_it.o
    0x08005fb2   0x08005fb2   0x00000002   PAD
    0x08005fb4   0x08005fb4   0x000000ea   Code   RO          455    .text.RCCEx_PLL2_Config  stm32h5xx_hal_rcc_ex.o
    0x0800609e   0x0800609e   0x00000002   PAD
    0x080060a0   0x080060a0   0x000000ea   Code   RO          457    .text.RCCEx_PLL3_Config  stm32h5xx_hal_rcc_ex.o
    0x0800618a   0x0800618a   0x00000002   PAD
    0x0800618c   0x0800618c   0x000000d0   Code   RO          990    .text.SPI_CloseTransfer  stm32h5xx_hal_spi.o
    0x0800625c   0x0800625c   0x00000002   Code   RO           61    .text.SVC_Handler   stm32h5xx_it.o
    0x0800625e   0x0800625e   0x00000002   PAD
    0x08006260   0x08006260   0x00000004   Code   RO           67    .text.SysTick_Handler  stm32h5xx_it.o
    0x08006264   0x08006264   0x000000d2   Code   RO           29    .text.SystemClock_Config  main.o
    0x08006336   0x08006336   0x00000002   PAD
    0x08006338   0x08006338   0x000000ae   Code   RO         1832    .text.SystemInit    system_stm32h5xx.o
    0x080063e6   0x080063e6   0x00000002   PAD
    0x080063e8   0x080063e8   0x0000000c   Code   RO           75    .text.TIM6_IRQHandler  stm32h5xx_it.o
    0x080063f4   0x080063f4   0x0000023a   Code   RO         1100    .text.TIM_Base_SetConfig  stm32h5xx_hal_tim.o
    0x0800662e   0x0800662e   0x00000002   PAD
    0x08006630   0x08006630   0x000000e6   Code   RO         1693    .text.UART_AdvFeatureConfig  stm32h5xx_hal_uart.o
    0x08006716   0x08006716   0x00000002   PAD
    0x08006718   0x08006718   0x0000016a   Code   RO         1697    .text.UART_CheckIdleState  stm32h5xx_hal_uart.o
    0x08006882   0x08006882   0x00000002   PAD
    0x08006884   0x08006884   0x0000023c   Code   RO         1695    .text.UART_SetConfig  stm32h5xx_hal_uart.o
    0x08006ac0   0x08006ac0   0x00000332   Code   RO         1711    .text.UART_WaitOnFlagUntilTimeout  stm32h5xx_hal_uart.o
    0x08006df2   0x08006df2   0x00000002   PAD
    0x08006df4   0x08006df4   0x00000020   Code   RO         1574    .text.USB_CoreInit  stm32h5xx_ll_usb.o
    0x08006e14   0x08006e14   0x00000006   Code   RO           77    .text.USB_DRD_FS_IRQHandler  stm32h5xx_it.o
    0x08006e1a   0x08006e1a   0x00000002   PAD
    0x08006e1c   0x08006e1c   0x0000000e   Code   RO         1608    .text.USB_DevDisconnect  stm32h5xx_ll_usb.o
    0x08006e2a   0x08006e2a   0x00000002   PAD
    0x08006e2c   0x08006e2c   0x0000001e   Code   RO         1582    .text.USB_DevInit   stm32h5xx_ll_usb.o
    0x08006e4a   0x08006e4a   0x00000002   PAD
    0x08006e4c   0x08006e4c   0x00000012   Code   RO         1578    .text.USB_DisableGlobalInt  stm32h5xx_ll_usb.o
    0x08006e5e   0x08006e5e   0x00000002   PAD
    0x08006e60   0x08006e60   0x00000024   Code   RO         1580    .text.USB_SetCurrentMode  stm32h5xx_ll_usb.o
    0x08006e84   0x08006e84   0x00000002   Code   RO           59    .text.UsageFault_Handler  stm32h5xx_it.o
    0x08006e86   0x08006e86   0x00000002   PAD
    0x08006e88   0x08006e88   0x00000056   Code   RO         2217    .text.btable_set_rx_bufsize  fsdev_common.o
    0x08006ede   0x08006ede   0x00000002   PAD
    0x08006ee0   0x08006ee0   0x00000098   Code   RO         2075    .text.configuration_reset  usbd.o
    0x08006f78   0x08006f78   0x00000032   Code   RO         2174    .text.dcd_edpt0_status_complete  dcd_stm32_fsdev.o
    0x08006faa   0x08006faa   0x00000002   PAD
    0x08006fac   0x08006fac   0x00000096   Code   RO         2194    .text.dcd_edpt_clear_stall  dcd_stm32_fsdev.o
    0x08007042   0x08007042   0x00000002   PAD
    0x08007044   0x08007044   0x0000006c   Code   RO         2180    .text.dcd_edpt_close_all  dcd_stm32_fsdev.o
    0x080070b0   0x080070b0   0x0000014c   Code   RO         2176    .text.dcd_edpt_open  dcd_stm32_fsdev.o
    0x080071fc   0x080071fc   0x0000007c   Code   RO         2192    .text.dcd_edpt_stall  dcd_stm32_fsdev.o
    0x08007278   0x08007278   0x000000ac   Code   RO         2168    .text.dcd_edpt_xfer  dcd_stm32_fsdev.o
    0x08007324   0x08007324   0x000000ac   Code   RO         2190    .text.dcd_edpt_xfer_fifo  dcd_stm32_fsdev.o
    0x080073d0   0x080073d0   0x000003d6   Code   RO         2178    .text.dcd_ep_alloc  dcd_stm32_fsdev.o
    0x080077a6   0x080077a6   0x00000002   PAD
    0x080077a8   0x080077a8   0x000002e8   Code   RO         2041    .text.dcd_event_handler  usbd.o
    0x08007a90   0x08007a90   0x0000002a   Code   RO         2156    .text.dcd_init      dcd_stm32_fsdev.o
    0x08007aba   0x08007aba   0x00000002   PAD
    0x08007abc   0x08007abc   0x00000018   Code   RO         2182    .text.dcd_int_disable  dcd_stm32_fsdev.o
    0x08007ad4   0x08007ad4   0x00000018   Code   RO         2184    .text.dcd_int_enable  dcd_stm32_fsdev.o
    0x08007aec   0x08007aec   0x0000037e   Code   RO         2172    .text.dcd_int_handler  dcd_stm32_fsdev.o
    0x08007e6a   0x08007e6a   0x00000002   PAD
    0x08007e6c   0x08007e6c   0x00000018   Code   RO         2166    .text.dcd_set_address  dcd_stm32_fsdev.o
    0x08007e84   0x08007e84   0x00000016   Code   RO         2164    .text.dcd_sof_enable  dcd_stm32_fsdev.o
    0x08007e9a   0x08007e9a   0x00000002   PAD
    0x08007e9c   0x08007e9c   0x000000ce   Code   RO         2198    .text.dcd_transmit_packet  dcd_stm32_fsdev.o
    0x08007f6a   0x08007f6a   0x00000002   PAD
    0x08007f6c   0x08007f6c   0x000000a0   Code   RO         2211    .text.fsdev_core_reset  fsdev_common.o
    0x0800800c   0x0800800c   0x00000110   Code   RO         2158    .text.handle_bus_reset  dcd_stm32_fsdev.o
    0x0800811c   0x0800811c   0x0000031a   Code   RO           27    .text.main          main.o
    0x08008436   0x08008436   0x00000002   PAD
    0x08008438   0x08008438   0x000000e0   Code   RO           23    .text.mcp_init      main.o
    0x08008518   0x08008518   0x00000004   Code   RO         2143    .text.midid_control_xfer_cb  midi_device.o
    0x0800851c   0x0800851c   0x00000004   Code   RO         2137    .text.midid_deinit  midi_device.o
    0x08008520   0x08008520   0x0000004c   Code   RO         2135    .text.midid_init    midi_device.o
    0x0800856c   0x0800856c   0x00000178   Code   RO         2141    .text.midid_open    midi_device.o
    0x080086e4   0x080086e4   0x0000002c   Code   RO         2139    .text.midid_reset   midi_device.o
    0x08008710   0x08008710   0x00000092   Code   RO         2145    .text.midid_xfer_cb  midi_device.o
    0x080087a2   0x080087a2   0x00000002   PAD
    0x080087a4   0x080087a4   0x00000032   Code   RO         2215    .text.pma_align_buffer_size  fsdev_common.o
    0x080087d6   0x080087d6   0x00000002   PAD
    0x080087d8   0x080087d8   0x000000c4   Code   RO         2079    .text.process_get_descriptor  usbd.o
    0x0800889c   0x0800889c   0x00000160   Code   RO         2077    .text.process_set_config  usbd.o
    0x080089fc   0x080089fc   0x00000334   Code   RO           25    .text.scan_matrix   main.o
    0x08008d30   0x08008d30   0x00000074   Code   RO         1902    .text.tu_bind_driver_to_ep_itf  tusb.o
    0x08008da4   0x08008da4   0x00000028   Code   RO         1898    .text.tu_edpt_claim  tusb.o
    0x08008dcc   0x08008dcc   0x0000001c   Code   RO         1900    .text.tu_edpt_release  tusb.o
    0x08008de8   0x08008de8   0x00000042   Code   RO         1904    .text.tu_edpt_stream_init  tusb.o
    0x08008e2a   0x08008e2a   0x00000002   PAD
    0x08008e2c   0x08008e2c   0x0000001a   Code   RO         1916    .text.tu_edpt_stream_read  tusb.o
    0x08008e46   0x08008e46   0x00000002   PAD
    0x08008e48   0x08008e48   0x000000c2   Code   RO         1914    .text.tu_edpt_stream_read_xfer  tusb.o
    0x08008f0a   0x08008f0a   0x00000002   PAD
    0x08008f0c   0x08008f0c   0x00000044   Code   RO         1910    .text.tu_edpt_stream_write  tusb.o
    0x08008f50   0x08008f50   0x00000018   Code   RO         1912    .text.tu_edpt_stream_write_available  tusb.o
    0x08008f68   0x08008f68   0x000000be   Code   RO         1908    .text.tu_edpt_stream_write_xfer  tusb.o
    0x08009026   0x08009026   0x00000002   PAD
    0x08009028   0x08009028   0x00000080   Code   RO         1906    .text.tu_edpt_stream_write_zlp_if_needed  tusb.o
    0x080090a8   0x080090a8   0x00000008   Code   RO         1929    .text.tu_fifo_clear  tusb_fifo.o
    0x080090b0   0x080090b0   0x0000001e   Code   RO         1927    .text.tu_fifo_config  tusb_fifo.o
    0x080090ce   0x080090ce   0x00000002   PAD
    0x080090d0   0x080090d0   0x00000388   Code   RO         1937    .text.tu_fifo_peek_n_access_mode  tusb_fifo.o
    0x08009458   0x08009458   0x0000003a   Code   RO         1941    .text.tu_fifo_read_n_access_mode  tusb_fifo.o
    0x08009492   0x08009492   0x00000002   PAD
    0x08009494   0x08009494   0x0000045c   Code   RO         1943    .text.tu_fifo_write_n_access_mode  tusb_fifo.o
    0x080098f0   0x080098f0   0x000000ac   Code   RO         1935    .text.tu_hwfifo_read  tusb_fifo.o
    0x0800999c   0x0800999c   0x000000a0   Code   RO         1933    .text.tu_hwfifo_write  tusb_fifo.o
    0x08009a3c   0x08009a3c   0x00000036   Code   RO         2096    .text.tud_control_status  usbd_control.o
    0x08009a72   0x08009a72   0x00000002   PAD
    0x08009a74   0x08009a74   0x000000d6   Code   RO         2098    .text.tud_control_xfer  usbd_control.o
    0x08009b4a   0x08009b4a   0x00000002   PAD
    0x08009b4c   0x08009b4c   0x00000004   Code   RO         1975    .text.tud_descriptor_bos_cb  usbd.o
    0x08009b50   0x08009b50   0x0000000a   Code   RO         1849    .text.tud_descriptor_configuration_cb  usb_descriptors.o
    0x08009b5a   0x08009b5a   0x00000002   PAD
    0x08009b5c   0x08009b5c   0x0000000a   Code   RO         1847    .text.tud_descriptor_device_cb  usb_descriptors.o
    0x08009b66   0x08009b66   0x00000002   PAD
    0x08009b68   0x08009b68   0x00000004   Code   RO         1977    .text.tud_descriptor_device_qualifier_cb  usbd.o
    0x08009b6c   0x08009b6c   0x00000004   Code   RO         1979    .text.tud_descriptor_other_speed_configuration_cb  usbd.o
    0x08009b70   0x08009b70   0x000000e8   Code   RO         1851    .text.tud_descriptor_string_cb  usb_descriptors.o
    0x08009c58   0x08009c58   0x00000002   Code   RO         1971    .text.tud_event_hook_cb  usbd.o
    0x08009c5a   0x08009c5a   0x00000002   PAD
    0x08009c5c   0x08009c5c   0x00000032   Code   RO         2121    .text.tud_midi_n_available  midi_device.o
    0x08009c8e   0x08009c8e   0x00000002   PAD
    0x08009c90   0x08009c90   0x00000026   Code   RO         2119    .text.tud_midi_n_mounted  midi_device.o
    0x08009cb6   0x08009cb6   0x00000002   PAD
    0x08009cb8   0x08009cb8   0x00000024   Code   RO         2125    .text.tud_midi_n_packet_read  midi_device.o
    0x08009cdc   0x08009cdc   0x000001b6   Code   RO         2129    .text.tud_midi_n_stream_write  midi_device.o
    0x08009e92   0x08009e92   0x00000002   PAD
    0x08009e94   0x08009e94   0x00000002   Code   RO         2117    .text.tud_midi_rx_cb  midi_device.o
    0x08009e96   0x08009e96   0x00000002   PAD
    0x08009e98   0x08009e98   0x00000002   Code   RO         1981    .text.tud_mount_cb  usbd.o
    0x08009e9a   0x08009e9a   0x00000002   PAD
    0x08009e9c   0x08009e9c   0x00000012   Code   RO         2015    .text.tud_mounted   usbd.o
    0x08009eae   0x08009eae   0x00000002   PAD
    0x08009eb0   0x08009eb0   0x00000002   Code   RO         1987    .text.tud_resume_cb  usbd.o
    0x08009eb2   0x08009eb2   0x00000002   PAD
    0x08009eb4   0x08009eb4   0x00000104   Code   RO         2033    .text.tud_rhport_init  usbd.o
    0x08009fb8   0x08009fb8   0x00000002   Code   RO         1973    .text.tud_sof_cb    usbd.o
    0x08009fba   0x08009fba   0x00000002   PAD
    0x08009fbc   0x08009fbc   0x00000002   Code   RO         1985    .text.tud_suspend_cb  usbd.o
    0x08009fbe   0x08009fbe   0x00000002   PAD
    0x08009fc0   0x08009fc0   0x00000660   Code   RO         2039    .text.tud_task_ext  usbd.o
    0x0800a620   0x0800a620   0x00000002   Code   RO         1983    .text.tud_umount_cb  usbd.o
    0x0800a622   0x0800a622   0x00000002   PAD
    0x0800a624   0x0800a624   0x00000004   Code   RO         1989    .text.tud_vendor_control_xfer_cb  usbd.o
    0x0800a628   0x0800a628   0x0000008a   Code   RO         1884    .text.tusb_rhport_init  tusb.o
    0x0800a6b2   0x0800a6b2   0x00000002   PAD
    0x0800a6b4   0x0800a6b4   0x0000000a   Code   RO         2005    .text.usbd_app_driver_get_cb  usbd.o
    0x0800a6be   0x0800a6be   0x00000002   PAD
    0x0800a6c0   0x0800a6c0   0x00000016   Code   RO         2100    .text.usbd_control_reset  usbd_control.o
    0x0800a6d6   0x0800a6d6   0x00000002   PAD
    0x0800a6d8   0x0800a6d8   0x0000000c   Code   RO         2102    .text.usbd_control_set_complete_callback  usbd_control.o
    0x0800a6e4   0x0800a6e4   0x00000018   Code   RO         2104    .text.usbd_control_set_request  usbd_control.o
    0x0800a6fc   0x0800a6fc   0x0000015c   Code   RO         2106    .text.usbd_control_xfer_cb  usbd_control.o
    0x0800a858   0x0800a858   0x0000001c   Code   RO         2053    .text.usbd_edpt_claim  usbd.o
    0x0800a874   0x0800a874   0x00000040   Code   RO         2065    .text.usbd_edpt_clear_stall  usbd.o
    0x0800a8b4   0x0800a8b4   0x00000028   Code   RO         2049    .text.usbd_edpt_open  usbd.o
    0x0800a8dc   0x0800a8dc   0x0000001c   Code   RO         2055    .text.usbd_edpt_release  usbd.o
    0x0800a8f8   0x0800a8f8   0x00000040   Code   RO         2063    .text.usbd_edpt_stall  usbd.o
    0x0800a938   0x0800a938   0x0000008a   Code   RO         2057    .text.usbd_edpt_xfer  usbd.o
    0x0800a9c2   0x0800a9c2   0x00000002   PAD
    0x0800a9c4   0x0800a9c4   0x0000008a   Code   RO         2059    .text.usbd_edpt_xfer_fifo  usbd.o
    0x0800aa4e   0x0800aa4e   0x00000002   PAD
    0x0800aa50   0x0800aa50   0x00000018   Code   RO         2003    .text.usbd_int_set  usbd.o
    0x0800aa68   0x0800aa68   0x0000001a   Code   RO         2355    x$fpl$fpinit        fz_wm.l(fpinit.o)
    0x0800aa82   0x0800aa82   0x00000002   Data   RO         1855    .rodata..compoundliteral  usb_descriptors.o
    0x0800aa84   0x0800aa84   0x00000010   Data   RO         1837    .rodata.AHBPrescTable  system_stm32h5xx.o
    0x0800aa94   0x0800aa94   0x00000008   Data   RO         1838    .rodata.APBPrescTable  system_stm32h5xx.o
    0x0800aa9c   0x0800aa9c   0x00000018   Data   RO         1823    .rodata.UARTPrescTable  stm32h5xx_hal_uart.o
    0x0800aab4   0x0800aab4   0x00000024   Data   RO         2083    .rodata._usbd_driver  usbd.o
    0x0800aad8   0x0800aad8   0x00000012   Data   RO         1853    .rodata.desc_device  usb_descriptors.o
    0x0800aaea   0x0800aaea   0x00000065   Data   RO         1854    .rodata.desc_fs_configuration  usb_descriptors.o
    0x0800ab4f   0x0800ab4f   0x0000003f   Data   RO         1856    .rodata.str1.1      usb_descriptors.o
    0x0800ab8e   0x0800ab8e   0x00000002   PAD
    0x0800ab90   0x0800ab90   0x00000020   Data   RO         2416    Region$$Table       anon$$obj.o


    Execution Region RW_IRAM1 (Exec base: 0x20000000, Load base: 0x0800abb0, Size: 0x00000fd0, Max: 0x00044000, ABSOLUTE)

    Exec Addr    Load Addr    Size         Type   Attr      Idx    E Section Name        Object

    0x20000000   0x0800abb0   0x00000008   Data   RW          941    .data..L_MergedGlobals  stm32h5xx_hal.o
    0x20000008   0x0800abb8   0x00000018   Data   RW         2084    .data..L_MergedGlobals  usbd.o
    0x20000020   0x0800abd0   0x00000004   Data   RW          152    .data.COM_USART     stm32h5xx_nucleo.o
    0x20000024   0x0800abd4   0x00000004   Data   RW         1836    .data.SystemCoreClock  system_stm32h5xx.o
    0x20000028   0x0800abd8   0x00000014   Data   RW         1857    .data.string_desc_arr  usb_descriptors.o
    0x2000003c   0x0800abec   0x00000004   PAD
    0x20000040        -       0x00000060   Zero   RW         2281    .bss                c_w.l(libspace.o)
    0x200000a0        -       0x00000074   Zero   RW           42    .bss..L_MergedGlobals  main.o
    0x20000114   0x0800abec   0x00000004   PAD
    0x20000118        -       0x00000054   Zero   RW         2108    .bss..L_MergedGlobals  usbd_control.o
    0x2000016c        -       0x00000022   Zero   RW         2202    .bss..L_MergedGlobals  dcd_stm32_fsdev.o
    0x2000018e   0x0800abec   0x00000002   PAD
    0x20000190        -       0x00000043   Zero   RW         2085    .bss..L_MergedGlobals.1  usbd.o
    0x200001d3   0x0800abec   0x00000001   PAD
    0x200001d4        -       0x00000018   Zero   RW           38    .bss.List_GPDMA1_Channel0  main.o
    0x200001ec        -       0x00000024   Zero   RW           37    .bss.Node_GPDMA1_Channel0  main.o
    0x20000210        -       0x00000040   Zero   RW         1858    .bss._desc_str      usb_descriptors.o
    0x20000250        -       0x000000c0   Zero   RW         2147    .bss._midid_itf     midi_device.o
    0x20000310        -       0x00000002   Zero   RW         1918    .bss._tusb_rhport_role  tusb.o
    0x20000312        -       0x000000c0   Zero   RW         2081    .bss._usbd_qdef_buf  usbd.o
    0x200003d2   0x0800abec   0x00000002   PAD
    0x200003d4        -       0x00000068   Zero   RW           35    .bss.hadc1          main.o
    0x2000043c        -       0x00000078   Zero   RW           39    .bss.handle_GPDMA1_Channel0  main.o
    0x200004b4        -       0x00000094   Zero   RW          154    .bss.hcom_uart      stm32h5xx_nucleo.o
    0x20000548        -       0x0000000c   Zero   RW          153    .bss.hpb_exti       stm32h5xx_nucleo.o
    0x20000554        -       0x000002e4   Zero   RW           40    .bss.hpcd_USB_DRD_FS  main.o
    0x20000838        -       0x00000090   Zero   RW           36    .bss.hspi1          main.o
    0x200008c8        -       0x00000001   Zero   RW         2200    .bss.remoteWakeCountdown  dcd_stm32_fsdev.o
    0x200008c9   0x0800abec   0x00000003   PAD
    0x200008cc        -       0x00000004   Zero   RW          940    .bss.uwTick         stm32h5xx_hal.o
    0x200008d0        -       0x00000100   Zero   RW         2201    .bss.xfer_status    dcd_stm32_fsdev.o
    0x200009d0        -       0x00000200   Zero   RW            2    HEAP                startup_stm32h533xx.o
    0x20000bd0        -       0x00000400   Zero   RW            1    STACK               startup_stm32h533xx.o


==============================================================================

Image component sizes


      Code (inc. data)   RO Data    RW Data    ZI Data      Debug   Object Name

      3598          0          0          0        291      32493   dcd_stm32_fsdev.o
       296          0          0          0          0       3110   fsdev_common.o
      2054          0          0          0       1284      30839   main.o
      1214          0          0          0        192      16718   midi_device.o
        68         28        596          0       1536        984   startup_stm32h533xx.o
       282          0          0          8          4      14433   stm32h5xx_hal.o
      2852          0          0          0          0      30215   stm32h5xx_hal_adc.o
        10          0          0          0          0      24702   stm32h5xx_hal_adc_ex.o
       354          6          0          0          0      14115   stm32h5xx_hal_cortex.o
       660          0          0          0          0      11351   stm32h5xx_hal_dma.o
      3008          0          0          0          0      44804   stm32h5xx_hal_dma_ex.o
       132          0          0          0          0       7141   stm32h5xx_hal_exti.o
       404          0          0          0          0       5260   stm32h5xx_hal_gpio.o
       688          0          0          0          0      19477   stm32h5xx_hal_msp.o
       598          0          0          0          0      17199   stm32h5xx_hal_pcd.o
        34          0          0          0          0       5575   stm32h5xx_hal_pcd_ex.o
        18          0          0          0          0       7426   stm32h5xx_hal_pwr_ex.o
      2766         16          0          0          0      12769   stm32h5xx_hal_rcc.o
      7138        336          0          0          0      23397   stm32h5xx_hal_rcc_ex.o
      2586          0          0          0          0      25072   stm32h5xx_hal_spi.o
      1450          0          0          0          0      77653   stm32h5xx_hal_tim.o
       416          0          0          0          0      30721   stm32h5xx_hal_tim_ex.o
      2084          0         24          0          0      39167   stm32h5xx_hal_uart.o
        68          0          0          0          0       8082   stm32h5xx_it.o
       130          0          0          0          0      33970   stm32h5xx_ll_usb.o
       396          0          0          4        160      15600   stm32h5xx_nucleo.o
       174          0         24          4          0       5920   system_stm32h5xx.o
      1018          0          0          0          2      14207   tusb.o
      2448          0          0          0          0      29962   tusb_fifo.o
       252          0        184         20         64       3202   usb_descriptors.o
      3916         46         36         24        259      33898   usbd.o
       674          0          0          0         84       5931   usbd_control.o

    ----------------------------------------------------------------------
     42016        432        898         60       3892     645393   Object Totals
         0          0         32          0          0          0   (incl. Generated)
       230          0          2          0         16          0   (incl. Padding)

    ----------------------------------------------------------------------

      Code (inc. data)   RO Data    RW Data    ZI Data      Debug   Library Member Name

         8          0          0          0          0         68   __main.o
         0          0          0          0          0          0   __rtentry.o
        12          0          0          0          0          0   __rtentry2.o
         6          0          0          0          0          0   __rtentry4.o
        94          8          0          0          0          0   __scatter.o
        26          0          0          0          0          0   __scatter_copy.o
        28          0          0          0          0          0   __scatter_zi.o
        18          0          0          0          0         80   exit.o
         6          0          0          0          0        152   heapauxi.o
         0          0          0          0          0          0   indicate_semi.o
         2          0          0          0          0          0   libinit.o
         6          0          0          0          0          0   libinit2.o
         2          0          0          0          0          0   libshutdown.o
         2          0          0          0          0          0   libshutdown2.o
         8          4          0          0         96         68   libspace.o
       240          0          0          0          0        100   lludivv7m.o
        68          0          0          0          0         68   rt_memclr.o
        78          0          0          0          0         80   rt_memclr_w.o
       138          0          0          0          0         68   rt_memcpy_v6.o
       100          0          0          0          0         80   rt_memcpy_w.o
         2          0          0          0          0          0   rtexit.o
        10          0          0          0          0          0   rtexit2.o
        62          0          0          0          0         76   strlen.o
        12          4          0          0          0         68   sys_exit.o
        74          0          0          0          0         80   sys_stackheap_outer.o
         2          0          0          0          0         68   use_no_semi.o
        26          0          0          0          0        116   fpinit.o

    ----------------------------------------------------------------------
      1038         16          0          0         96       1172   Library Totals
         8          0          0          0          0          0   (incl. Padding)

    ----------------------------------------------------------------------

      Code (inc. data)   RO Data    RW Data    ZI Data      Debug   Library Name

      1004         16          0          0         96       1056   c_w.l
        26          0          0          0          0        116   fz_wm.l

    ----------------------------------------------------------------------
      1038         16          0          0         96       1172   Library Totals

    ----------------------------------------------------------------------

==============================================================================


      Code (inc. data)   RO Data    RW Data    ZI Data      Debug   

     43054        448        898         60       3988     645565   Grand Totals
     43054        448        898         60       3988     645565   ELF Image Totals
     43054        448        898         60          0          0   ROM Totals

==============================================================================

    Total RO  Size (Code + RO Data)                43952 (  42.92kB)
    Total RW  Size (RW Data + ZI Data)              4048 (   3.95kB)
    Total ROM Size (Code + RO Data + RW Data)      44012 (  42.98kB)

==============================================================================

