<html>
<body>
<pre>
<h1>µVision Build Log</h1>
<h2>Tool Versions:</h2>
IDE-Version: µVision V5.40.0.0
Copyright (C) 2024 ARM Ltd and ARM Germany GmbH. All rights reserved.
License Information: Mauro Carlier
Vives Brugge
User-based license: Arm Development Studio Gold
Valid until: Jun 25 2026. Cached until: Feb 20 2026
 
Tool Versions:
Toolchain:       Arm Development Studio Gold  Version: 5.40.0.3
Toolchain Path:  C:\Users\mailm\AppData\Local\Keil_v5\ARM\ARMCLANG\Bin
C Compiler:      ArmClang.exe V6.22
Assembler:       Armasm.exe V6.22
Linker/Locator:  ArmLink.exe V6.22
Library Manager: ArmAr.exe V6.22
Hex Converter:   FromElf.exe V6.22
CPU DLL:         
Dialog DLL:      
Target DLL:      STLink\ST-LINKIII-KEIL_SWO.dll V3.3.0.0
Dialog DLL:      TCM.DLL V1.56.4.0
 
<h2>Project:</h2>
C:\Users\mailm\OneDrive - Hogeschool VIVES\2de Jaar\Periode 2\Entertainment Tech\Opdracht1_Template\USB_MIDI_H533RE\MDK-ARM\USB_MIDI2.uvprojx
Project File Date:  02/13/2026

<h2>Output:</h2>
*** Using Compiler 'V6.22', folder: 'C:\Users\mailm\AppData\Local\Keil_v5\ARM\ARMCLANG\Bin'
Rebuild target 'USB_MIDI2'
compiling stm32h5xx_hal_gpio.c...
assembling startup_stm32h533xx.s...
compiling stm32h5xx_hal_flash.c...
compiling stm32h5xx_hal_pwr_ex.c...
compiling stm32h5xx_it.c...
compiling stm32h5xx_nucleo.c...
compiling stm32h5xx_hal_cortex.c...
compiling stm32h5xx_hal_msp.c...
compiling stm32h5xx_hal_pwr.c...
compiling main.c...
compiling stm32h5xx_hal_flash_ex.c...
compiling stm32h5xx_hal_dma.c...
compiling stm32h5xx_hal_rcc.c...
compiling stm32h5xx_hal.c...
compiling stm32h5xx_hal_usart.c...
compiling stm32h5xx_hal_pcd_ex.c...
compiling stm32h5xx_hal_rcc_ex.c...
compiling stm32h5xx_hal_exti.c...
compiling stm32h5xx_hal_usart_ex.c...
compiling tusb_port.c...
compiling stm32h5xx_hal_dma_ex.c...
compiling stm32h5xx_hal_uart_ex.c...
compiling usb_descriptors.c...
compiling system_stm32h5xx.c...
compiling stm32h5xx_hal_pcd.c...
compiling tusb.c...
compiling usbd_control.c...
compiling stm32h5xx_ll_usb.c...
compiling fsdev_common.c...
compiling tusb_fifo.c...
compiling midi_device.c...
compiling usbd.c...
compiling stm32h5xx_hal_uart.c...
compiling dcd_stm32_fsdev.c...
linking...
Program Size: Code=29762 RO-data=898 RW-data=60 ZI-data=3468  
FromELF: creating hex file...
"USB_MIDI2\USB_MIDI2.axf" - 0 Error(s), 0 Warning(s).

<h2>Software Packages used:</h2>

Package Vendor: ARM
                https://www.keil.com/pack/ARM.CMSIS.6.2.0.pack
                ARM::CMSIS@6.2.0
                CMSIS (Common Microcontroller Software Interface Standard)
   * Component: CORE Version: 6.1.1

Package Vendor: Keil
                https://www.keil.com/pack/Keil.STM32H5xx_DFP.2.1.1.pack
                Keil::STM32H5xx_DFP@2.1.1
                STMicroelectronics STM32H5 Series Device Support

<h2>Collection of Component include folders:</h2>
  ./RTE/_USB_MIDI2
  C:/Users/mailm/AppData/Local/Arm/Packs/ARM/CMSIS/6.2.0/CMSIS/Core/Include

<h2>Collection of Component Files used:</h2>

   * Component: ARM::CMSIS:CORE@6.1.1
      Include file:  CMSIS/Core/Include/tz_context.h
Build Time Elapsed:  00:00:04
</pre>
</body>
</html>
