Component: Arm Compiler for Embedded 6.22 Tool: armlink [5ee90200]

==============================================================================

Section Cross References

    startup_stm32h533xx.o(STACK) refers (Special) to heapauxi.o(.text) for __use_two_region_memory
    startup_stm32h533xx.o(HEAP) refers (Special) to heapauxi.o(.text) for __use_two_region_memory
    startup_stm32h533xx.o(RESET) refers (Special) to heapauxi.o(.text) for __use_two_region_memory
    startup_stm32h533xx.o(RESET) refers to startup_stm32h533xx.o(STACK) for __initial_sp
    startup_stm32h533xx.o(RESET) refers to startup_stm32h533xx.o(.text) for Reset_Handler
    startup_stm32h533xx.o(RESET) refers to stm32h5xx_it.o(.text.NMI_Handler) for NMI_Handler
    startup_stm32h533xx.o(RESET) refers to stm32h5xx_it.o(.text.HardFault_Handler) for HardFault_Handler
    startup_stm32h533xx.o(RESET) refers to stm32h5xx_it.o(.text.MemManage_Handler) for MemManage_Handler
    startup_stm32h533xx.o(RESET) refers to stm32h5xx_it.o(.text.BusFault_Handler) for BusFault_Handler
    startup_stm32h533xx.o(RESET) refers to stm32h5xx_it.o(.text.UsageFault_Handler) for UsageFault_Handler
    startup_stm32h533xx.o(RESET) refers to stm32h5xx_it.o(.text.SVC_Handler) for SVC_Handler
    startup_stm32h533xx.o(RESET) refers to stm32h5xx_it.o(.text.DebugMon_Handler) for DebugMon_Handler
    startup_stm32h533xx.o(RESET) refers to stm32h5xx_it.o(.text.PendSV_Handler) for PendSV_Handler
    startup_stm32h533xx.o(RESET) refers to stm32h5xx_it.o(.text.SysTick_Handler) for SysTick_Handler
    startup_stm32h533xx.o(RESET) refers to stm32h5xx_it.o(.text.EXTI13_IRQHandler) for EXTI13_IRQHandler
    startup_stm32h533xx.o(.text) refers (Special) to heapauxi.o(.text) for __use_two_region_memory
    startup_stm32h533xx.o(.text) refers to system_stm32h5xx.o(.text.SystemInit) for SystemInit
    startup_stm32h533xx.o(.text) refers to __main.o(!!!main) for __main
    startup_stm32h533xx.o(.text) refers to startup_stm32h533xx.o(HEAP) for Heap_Mem
    startup_stm32h533xx.o(.text) refers to startup_stm32h533xx.o(STACK) for Stack_Mem
    main.o(.text.main) refers to stm32h5xx_hal.o(.text.HAL_Init) for HAL_Init
    main.o(.text.main) refers to rt_memclr_w.o(.text) for __aeabi_memclr4
    main.o(.text.main) refers to stm32h5xx_hal_rcc.o(.text.HAL_RCC_OscConfig) for HAL_RCC_OscConfig
    main.o(.text.main) refers to stm32h5xx_hal_rcc.o(.text.HAL_RCC_ClockConfig) for HAL_RCC_ClockConfig
    main.o(.text.main) refers to stm32h5xx_hal_gpio.o(.text.HAL_GPIO_Init) for HAL_GPIO_Init
    main.o(.text.main) refers to main.o(.bss.hpcd_USB_DRD_FS) for hpcd_USB_DRD_FS
    main.o(.text.main) refers to stm32h5xx_hal_pcd.o(.text.HAL_PCD_Init) for HAL_PCD_Init
    main.o(.text.main) refers to stm32h5xx_nucleo.o(.text.BSP_LED_Init) for BSP_LED_Init
    main.o(.text.main) refers to stm32h5xx_nucleo.o(.text.BSP_PB_Init) for BSP_PB_Init
    main.o(.text.main) refers to main.o(.bss.BspCOMInit) for BspCOMInit
    main.o(.text.main) refers to stm32h5xx_nucleo.o(.text.BSP_COM_Init) for BSP_COM_Init
    main.o(.ARM.exidx.text.main) refers to main.o(.text.main) for [Anonymous Symbol]
    main.o(.text.SystemClock_Config) refers to rt_memclr_w.o(.text) for __aeabi_memclr4
    main.o(.text.SystemClock_Config) refers to stm32h5xx_hal_rcc.o(.text.HAL_RCC_OscConfig) for HAL_RCC_OscConfig
    main.o(.text.SystemClock_Config) refers to stm32h5xx_hal_rcc.o(.text.HAL_RCC_ClockConfig) for HAL_RCC_ClockConfig
    main.o(.ARM.exidx.text.SystemClock_Config) refers to main.o(.text.SystemClock_Config) for [Anonymous Symbol]
    main.o(.ARM.exidx.text.Error_Handler) refers to main.o(.text.Error_Handler) for [Anonymous Symbol]
    stm32h5xx_it.o(.ARM.exidx.text.NMI_Handler) refers to stm32h5xx_it.o(.text.NMI_Handler) for [Anonymous Symbol]
    stm32h5xx_it.o(.ARM.exidx.text.HardFault_Handler) refers to stm32h5xx_it.o(.text.HardFault_Handler) for [Anonymous Symbol]
    stm32h5xx_it.o(.ARM.exidx.text.MemManage_Handler) refers to stm32h5xx_it.o(.text.MemManage_Handler) for [Anonymous Symbol]
    stm32h5xx_it.o(.ARM.exidx.text.BusFault_Handler) refers to stm32h5xx_it.o(.text.BusFault_Handler) for [Anonymous Symbol]
    stm32h5xx_it.o(.ARM.exidx.text.UsageFault_Handler) refers to stm32h5xx_it.o(.text.UsageFault_Handler) for [Anonymous Symbol]
    stm32h5xx_it.o(.ARM.exidx.text.SVC_Handler) refers to stm32h5xx_it.o(.text.SVC_Handler) for [Anonymous Symbol]
    stm32h5xx_it.o(.ARM.exidx.text.DebugMon_Handler) refers to stm32h5xx_it.o(.text.DebugMon_Handler) for [Anonymous Symbol]
    stm32h5xx_it.o(.ARM.exidx.text.PendSV_Handler) refers to stm32h5xx_it.o(.text.PendSV_Handler) for [Anonymous Symbol]
    stm32h5xx_it.o(.text.SysTick_Handler) refers to stm32h5xx_hal.o(.text.HAL_IncTick) for HAL_IncTick
    stm32h5xx_it.o(.ARM.exidx.text.SysTick_Handler) refers to stm32h5xx_it.o(.text.SysTick_Handler) for [Anonymous Symbol]
[...]
    Removing stm32h5xx_ll_usb.o(.ARM.exidx.text.USB_HC_Init), (8 bytes).
    Removing stm32h5xx_ll_usb.o(.text.USB_HC_StartXfer), (2356 bytes).
    Removing stm32h5xx_ll_usb.o(.ARM.exidx.text.USB_HC_StartXfer), (8 bytes).
    Removing stm32h5xx_ll_usb.o(.text.USB_HC_IN_Halt), (30 bytes).
    Removing stm32h5xx_ll_usb.o(.ARM.exidx.text.USB_HC_IN_Halt), (8 bytes).
    Removing stm32h5xx_ll_usb.o(.text.USB_HC_OUT_Halt), (30 bytes).
    Removing stm32h5xx_ll_usb.o(.ARM.exidx.text.USB_HC_OUT_Halt), (8 bytes).
    Removing stm32h5xx_ll_usb.o(.text.USB_StopHost), (32 bytes).
    Removing stm32h5xx_ll_usb.o(.ARM.exidx.text.USB_StopHost), (8 bytes).
    Removing stm32h5xx_hal_usart.o(.text), (0 bytes).
    Removing stm32h5xx_hal_usart_ex.o(.text), (0 bytes).
    Removing stm32h5xx_hal_uart_ex.o(.text), (0 bytes).
    Removing stm32h5xx_hal_uart_ex.o(.text.HAL_RS485Ex_Init), (132 bytes).
    Removing stm32h5xx_hal_uart_ex.o(.ARM.exidx.text.HAL_RS485Ex_Init), (8 bytes).
    Removing stm32h5xx_hal_uart_ex.o(.text.HAL_UARTEx_WakeupCallback), (2 bytes).
    Removing stm32h5xx_hal_uart_ex.o(.ARM.exidx.text.HAL_UARTEx_WakeupCallback), (8 bytes).
    Removing stm32h5xx_hal_uart_ex.o(.text.HAL_UARTEx_RxFifoFullCallback), (2 bytes).
    Removing stm32h5xx_hal_uart_ex.o(.ARM.exidx.text.HAL_UARTEx_RxFifoFullCallback), (8 bytes).
    Removing stm32h5xx_hal_uart_ex.o(.text.HAL_UARTEx_TxFifoEmptyCallback), (2 bytes).
    Removing stm32h5xx_hal_uart_ex.o(.ARM.exidx.text.HAL_UARTEx_TxFifoEmptyCallback), (8 bytes).
    Removing stm32h5xx_hal_uart_ex.o(.text.HAL_MultiProcessorEx_AddressLength_Set), (46 bytes).
    Removing stm32h5xx_hal_uart_ex.o(.ARM.exidx.text.HAL_MultiProcessorEx_AddressLength_Set), (8 bytes).
    Removing stm32h5xx_hal_uart_ex.o(.text.HAL_UARTEx_StopModeWakeUpSourceConfig), (140 bytes).
    Removing stm32h5xx_hal_uart_ex.o(.ARM.exidx.text.HAL_UARTEx_StopModeWakeUpSourceConfig), (8 bytes).
    Removing stm32h5xx_hal_uart_ex.o(.text.HAL_UARTEx_EnableStopMode), (104 bytes).
    Removing stm32h5xx_hal_uart_ex.o(.ARM.exidx.text.HAL_UARTEx_EnableStopMode), (8 bytes).
    Removing stm32h5xx_hal_uart_ex.o(.text.HAL_UARTEx_DisableStopMode), (104 bytes).
    Removing stm32h5xx_hal_uart_ex.o(.ARM.exidx.text.HAL_UARTEx_DisableStopMode), (8 bytes).
    Removing stm32h5xx_hal_uart_ex.o(.text.HAL_UARTEx_EnableFifoMode), (122 bytes).
    Removing stm32h5xx_hal_uart_ex.o(.ARM.exidx.text.HAL_UARTEx_EnableFifoMode), (8 bytes).
    Removing stm32h5xx_hal_uart_ex.o(.text.HAL_UARTEx_DisableFifoMode), (54 bytes).
    Removing stm32h5xx_hal_uart_ex.o(.ARM.exidx.text.HAL_UARTEx_DisableFifoMode), (8 bytes).
    Removing stm32h5xx_hal_uart_ex.o(.text.HAL_UARTEx_SetTxFifoThreshold), (140 bytes).
    Removing stm32h5xx_hal_uart_ex.o(.ARM.exidx.text.HAL_UARTEx_SetTxFifoThreshold), (8 bytes).
    Removing stm32h5xx_hal_uart_ex.o(.text.HAL_UARTEx_SetRxFifoThreshold), (140 bytes).
    Removing stm32h5xx_hal_uart_ex.o(.ARM.exidx.text.HAL_UARTEx_SetRxFifoThreshold), (8 bytes).
    Removing stm32h5xx_hal_uart_ex.o(.text.HAL_UARTEx_ReceiveToIdle), (468 bytes).
    Removing stm32h5xx_hal_uart_ex.o(.ARM.exidx.text.HAL_UARTEx_ReceiveToIdle), (8 bytes).
    Removing stm32h5xx_hal_uart_ex.o(.text.HAL_UARTEx_ReceiveToIdle_IT), (158 bytes).
    Removing stm32h5xx_hal_uart_ex.o(.ARM.exidx.text.HAL_UARTEx_ReceiveToIdle_IT), (8 bytes).
    Removing stm32h5xx_hal_uart_ex.o(.text.HAL_UARTEx_ReceiveToIdle_DMA), (148 bytes).
    Removing stm32h5xx_hal_uart_ex.o(.ARM.exidx.text.HAL_UARTEx_ReceiveToIdle_DMA), (8 bytes).
    Removing stm32h5xx_hal_uart_ex.o(.text.HAL_UARTEx_GetRxEventType), (4 bytes).
    Removing stm32h5xx_hal_uart_ex.o(.ARM.exidx.text.HAL_UARTEx_GetRxEventType), (8 bytes).
    Removing stm32h5xx_hal_uart_ex.o(.rodata.cst8), (16 bytes).
    Removing stm32h5xx_hal_uart.o(.text), (0 bytes).
    Removing stm32h5xx_hal_uart.o(.ARM.exidx.text.HAL_UART_Init), (8 bytes).
    Removing stm32h5xx_hal_uart.o(.ARM.exidx.text.HAL_UART_MspInit), (8 bytes).
    Removing stm32h5xx_hal_uart.o(.ARM.exidx.text.UART_AdvFeatureConfig), (8 bytes).
    Removing stm32h5xx_hal_uart.o(.ARM.exidx.text.UART_SetConfig), (8 bytes).
    Removing stm32h5xx_hal_uart.o(.ARM.exidx.text.UART_CheckIdleState), (8 bytes).
    Removing stm32h5xx_hal_uart.o(.text.HAL_HalfDuplex_Init), (108 bytes).
    Removing stm32h5xx_hal_uart.o(.ARM.exidx.text.HAL_HalfDuplex_Init), (8 bytes).
    Removing stm32h5xx_hal_uart.o(.text.HAL_LIN_Init), (138 bytes).
    Removing stm32h5xx_hal_uart.o(.ARM.exidx.text.HAL_LIN_Init), (8 bytes).
    Removing stm32h5xx_hal_uart.o(.text.HAL_MultiProcessor_Init), (132 bytes).
    Removing stm32h5xx_hal_uart.o(.ARM.exidx.text.HAL_MultiProcessor_Init), (8 bytes).
    Removing stm32h5xx_hal_uart.o(.text.HAL_UART_DeInit), (64 bytes).
    Removing stm32h5xx_hal_uart.o(.ARM.exidx.text.HAL_UART_DeInit), (8 bytes).
    Removing stm32h5xx_hal_uart.o(.text.HAL_UART_MspDeInit), (2 bytes).
    Removing stm32h5xx_hal_uart.o(.ARM.exidx.text.HAL_UART_MspDeInit), (8 bytes).
    Removing stm32h5xx_hal_uart.o(.text.HAL_UART_Transmit), (424 bytes).
    Removing stm32h5xx_hal_uart.o(.ARM.exidx.text.HAL_UART_Transmit), (8 bytes).
    Removing stm32h5xx_hal_uart.o(.ARM.exidx.text.UART_WaitOnFlagUntilTimeout), (8 bytes).
    Removing stm32h5xx_hal_uart.o(.text.HAL_UART_Receive), (262 bytes).
    Removing stm32h5xx_hal_uart.o(.ARM.exidx.text.HAL_UART_Receive), (8 bytes).
    Removing stm32h5xx_hal_uart.o(.text.HAL_UART_Transmit_IT), (318 bytes).
    Removing stm32h5xx_hal_uart.o(.ARM.exidx.text.HAL_UART_Transmit_IT), (8 bytes).
    Removing stm32h5xx_hal_uart.o(.text.UART_TxISR_16BIT_FIFOEN), (224 bytes).
    Removing stm32h5xx_hal_uart.o(.ARM.exidx.text.UART_TxISR_16BIT_FIFOEN), (8 bytes).
    Removing stm32h5xx_hal_uart.o(.text.UART_TxISR_8BIT_FIFOEN), (220 bytes).
    Removing stm32h5xx_hal_uart.o(.ARM.exidx.text.UART_TxISR_8BIT_FIFOEN), (8 bytes).
    Removing stm32h5xx_hal_uart.o(.text.UART_TxISR_16BIT), (204 bytes).
    Removing stm32h5xx_hal_uart.o(.ARM.exidx.text.UART_TxISR_16BIT), (8 bytes).
    Removing stm32h5xx_hal_uart.o(.text.UART_TxISR_8BIT), (200 bytes).
    Removing stm32h5xx_hal_uart.o(.ARM.exidx.text.UART_TxISR_8BIT), (8 bytes).
    Removing stm32h5xx_hal_uart.o(.text.HAL_UART_Receive_IT), (194 bytes).
    Removing stm32h5xx_hal_uart.o(.ARM.exidx.text.HAL_UART_Receive_IT), (8 bytes).
    Removing stm32h5xx_hal_uart.o(.text.UART_Start_Receive_IT), (610 bytes).
    Removing stm32h5xx_hal_uart.o(.ARM.exidx.text.UART_Start_Receive_IT), (8 bytes).
    Removing stm32h5xx_hal_uart.o(.text.HAL_UART_Transmit_DMA), (300 bytes).
    Removing stm32h5xx_hal_uart.o(.ARM.exidx.text.HAL_UART_Transmit_DMA), (8 bytes).
    Removing stm32h5xx_hal_uart.o(.text.UART_DMATransmitCplt), (100 bytes).
    Removing stm32h5xx_hal_uart.o(.ARM.exidx.text.UART_DMATransmitCplt), (8 bytes).
    Removing stm32h5xx_hal_uart.o(.text.UART_DMATxHalfCplt), (6 bytes).
    Removing stm32h5xx_hal_uart.o(.ARM.exidx.text.UART_DMATxHalfCplt), (8 bytes).
    Removing stm32h5xx_hal_uart.o(.text.UART_DMAError), (474 bytes).
    Removing stm32h5xx_hal_uart.o(.ARM.exidx.text.UART_DMAError), (8 bytes).
    Removing stm32h5xx_hal_uart.o(.text.HAL_UART_Receive_DMA), (174 bytes).
    Removing stm32h5xx_hal_uart.o(.ARM.exidx.text.HAL_UART_Receive_DMA), (8 bytes).
    Removing stm32h5xx_hal_uart.o(.text.UART_Start_Receive_DMA), (390 bytes).
    Removing stm32h5xx_hal_uart.o(.ARM.exidx.text.UART_Start_Receive_DMA), (8 bytes).
    Removing stm32h5xx_hal_uart.o(.text.HAL_UART_DMAPause), (268 bytes).
    Removing stm32h5xx_hal_uart.o(.ARM.exidx.text.HAL_UART_DMAPause), (8 bytes).
    Removing stm32h5xx_hal_uart.o(.text.HAL_UART_DMAResume), (220 bytes).
    Removing stm32h5xx_hal_uart.o(.ARM.exidx.text.HAL_UART_DMAResume), (8 bytes).
    Removing stm32h5xx_hal_uart.o(.text.HAL_UART_DMAStop), (652 bytes).
    Removing stm32h5xx_hal_uart.o(.ARM.exidx.text.HAL_UART_DMAStop), (8 bytes).
    Removing stm32h5xx_hal_uart.o(.text.HAL_UART_Abort), (372 bytes).
    Removing stm32h5xx_hal_uart.o(.ARM.exidx.text.HAL_UART_Abort), (8 bytes).
    Removing stm32h5xx_hal_uart.o(.text.HAL_UART_AbortTransmit), (230 bytes).
    Removing stm32h5xx_hal_uart.o(.ARM.exidx.text.HAL_UART_AbortTransmit), (8 bytes).
    Removing stm32h5xx_hal_uart.o(.text.HAL_UART_AbortReceive), (310 bytes).
    Removing stm32h5xx_hal_uart.o(.ARM.exidx.text.HAL_UART_AbortReceive), (8 bytes).
    Removing stm32h5xx_hal_uart.o(.text.HAL_UART_Abort_IT), (424 bytes).
    Removing stm32h5xx_hal_uart.o(.ARM.exidx.text.HAL_UART_Abort_IT), (8 bytes).
    Removing stm32h5xx_hal_uart.o(.text.UART_DMATxAbortCallback), (72 bytes).
    Removing stm32h5xx_hal_uart.o(.ARM.exidx.text.UART_DMATxAbortCallback), (8 bytes).
    Removing stm32h5xx_hal_uart.o(.text.UART_DMARxAbortCallback), (62 bytes).
    Removing stm32h5xx_hal_uart.o(.ARM.exidx.text.UART_DMARxAbortCallback), (8 bytes).
    Removing stm32h5xx_hal_uart.o(.text.HAL_UART_AbortCpltCallback), (2 bytes).
    Removing stm32h5xx_hal_uart.o(.ARM.exidx.text.HAL_UART_AbortCpltCallback), (8 bytes).
    Removing stm32h5xx_hal_uart.o(.text.HAL_UART_AbortTransmit_IT), (246 bytes).
    Removing stm32h5xx_hal_uart.o(.ARM.exidx.text.HAL_UART_AbortTransmit_IT), (8 bytes).
    Removing stm32h5xx_hal_uart.o(.text.UART_DMATxOnlyAbortCallback), (36 bytes).
    Removing stm32h5xx_hal_uart.o(.ARM.exidx.text.UART_DMATxOnlyAbortCallback), (8 bytes).
    Removing stm32h5xx_hal_uart.o(.text.HAL_UART_AbortTransmitCpltCallback), (2 bytes).
    Removing stm32h5xx_hal_uart.o(.ARM.exidx.text.HAL_UART_AbortTransmitCpltCallback), (8 bytes).
    Removing stm32h5xx_hal_uart.o(.text.HAL_UART_AbortReceive_IT), (332 bytes).
    Removing stm32h5xx_hal_uart.o(.ARM.exidx.text.HAL_UART_AbortReceive_IT), (8 bytes).
    Removing stm32h5xx_hal_uart.o(.text.UART_DMARxOnlyAbortCallback), (34 bytes).
    Removing stm32h5xx_hal_uart.o(.ARM.exidx.text.UART_DMARxOnlyAbortCallback), (8 bytes).
    Removing stm32h5xx_hal_uart.o(.text.HAL_UART_AbortReceiveCpltCallback), (2 bytes).
    Removing stm32h5xx_hal_uart.o(.ARM.exidx.text.HAL_UART_AbortReceiveCpltCallback), (8 bytes).
    Removing stm32h5xx_hal_uart.o(.text.HAL_UART_IRQHandler), (1462 bytes).
    Removing stm32h5xx_hal_uart.o(.ARM.exidx.text.HAL_UART_IRQHandler), (8 bytes).
    Removing stm32h5xx_hal_uart.o(.text.UART_DMAAbortOnError), (12 bytes).
    Removing stm32h5xx_hal_uart.o(.ARM.exidx.text.UART_DMAAbortOnError), (8 bytes).
    Removing stm32h5xx_hal_uart.o(.text.HAL_UART_ErrorCallback), (2 bytes).
    Removing stm32h5xx_hal_uart.o(.ARM.exidx.text.HAL_UART_ErrorCallback), (8 bytes).
    Removing stm32h5xx_hal_uart.o(.text.HAL_UARTEx_RxEventCallback), (2 bytes).
    Removing stm32h5xx_hal_uart.o(.ARM.exidx.text.HAL_UARTEx_RxEventCallback), (8 bytes).
    Removing stm32h5xx_hal_uart.o(.text.HAL_UART_TxCpltCallback), (2 bytes).
    Removing stm32h5xx_hal_uart.o(.ARM.exidx.text.HAL_UART_TxCpltCallback), (8 bytes).
    Removing stm32h5xx_hal_uart.o(.text.HAL_UART_TxHalfCpltCallback), (2 bytes).
    Removing stm32h5xx_hal_uart.o(.ARM.exidx.text.HAL_UART_TxHalfCpltCallback), (8 bytes).
    Removing stm32h5xx_hal_uart.o(.text.HAL_UART_RxCpltCallback), (2 bytes).
    Removing stm32h5xx_hal_uart.o(.ARM.exidx.text.HAL_UART_RxCpltCallback), (8 bytes).
    Removing stm32h5xx_hal_uart.o(.text.HAL_UART_RxHalfCpltCallback), (2 bytes).
    Removing stm32h5xx_hal_uart.o(.ARM.exidx.text.HAL_UART_RxHalfCpltCallback), (8 bytes).
    Removing stm32h5xx_hal_uart.o(.text.HAL_UART_ReceiverTimeout_Config), (32 bytes).
    Removing stm32h5xx_hal_uart.o(.ARM.exidx.text.HAL_UART_ReceiverTimeout_Config), (8 bytes).
    Removing stm32h5xx_hal_uart.o(.text.HAL_UART_EnableReceiverTimeout), (74 bytes).
    Removing stm32h5xx_hal_uart.o(.ARM.exidx.text.HAL_UART_EnableReceiverTimeout), (8 bytes).
    Removing stm32h5xx_hal_uart.o(.text.HAL_UART_DisableReceiverTimeout), (74 bytes).
    Removing stm32h5xx_hal_uart.o(.ARM.exidx.text.HAL_UART_DisableReceiverTimeout), (8 bytes).
    Removing stm32h5xx_hal_uart.o(.text.HAL_MultiProcessor_EnableMuteMode), (108 bytes).
    Removing stm32h5xx_hal_uart.o(.ARM.exidx.text.HAL_MultiProcessor_EnableMuteMode), (8 bytes).
    Removing stm32h5xx_hal_uart.o(.text.HAL_MultiProcessor_DisableMuteMode), (108 bytes).
    Removing stm32h5xx_hal_uart.o(.ARM.exidx.text.HAL_MultiProcessor_DisableMuteMode), (8 bytes).
    Removing stm32h5xx_hal_uart.o(.text.HAL_MultiProcessor_EnterMuteMode), (12 bytes).
    Removing stm32h5xx_hal_uart.o(.ARM.exidx.text.HAL_MultiProcessor_EnterMuteMode), (8 bytes).
    Removing stm32h5xx_hal_uart.o(.text.HAL_HalfDuplex_EnableTransmitter), (190 bytes).
    Removing stm32h5xx_hal_uart.o(.ARM.exidx.text.HAL_HalfDuplex_EnableTransmitter), (8 bytes).
    Removing stm32h5xx_hal_uart.o(.text.HAL_HalfDuplex_EnableReceiver), (190 bytes).
    Removing stm32h5xx_hal_uart.o(.ARM.exidx.text.HAL_HalfDuplex_EnableReceiver), (8 bytes).
    Removing stm32h5xx_hal_uart.o(.text.HAL_LIN_SendBreak), (44 bytes).
    Removing stm32h5xx_hal_uart.o(.ARM.exidx.text.HAL_LIN_SendBreak), (8 bytes).
    Removing stm32h5xx_hal_uart.o(.text.HAL_UART_GetState), (12 bytes).
    Removing stm32h5xx_hal_uart.o(.ARM.exidx.text.HAL_UART_GetState), (8 bytes).
    Removing stm32h5xx_hal_uart.o(.text.HAL_UART_GetError), (6 bytes).
    Removing stm32h5xx_hal_uart.o(.ARM.exidx.text.HAL_UART_GetError), (8 bytes).
    Removing stm32h5xx_hal_uart.o(.text.UART_RxISR_16BIT_FIFOEN), (804 bytes).
    Removing stm32h5xx_hal_uart.o(.ARM.exidx.text.UART_RxISR_16BIT_FIFOEN), (8 bytes).
    Removing stm32h5xx_hal_uart.o(.text.UART_RxISR_8BIT_FIFOEN), (808 bytes).
    Removing stm32h5xx_hal_uart.o(.ARM.exidx.text.UART_RxISR_8BIT_FIFOEN), (8 bytes).
    Removing stm32h5xx_hal_uart.o(.text.UART_RxISR_16BIT), (442 bytes).
    Removing stm32h5xx_hal_uart.o(.ARM.exidx.text.UART_RxISR_16BIT), (8 bytes).
    Removing stm32h5xx_hal_uart.o(.text.UART_RxISR_8BIT), (446 bytes).
    Removing stm32h5xx_hal_uart.o(.ARM.exidx.text.UART_RxISR_8BIT), (8 bytes).
    Removing stm32h5xx_hal_uart.o(.text.UART_DMAReceiveCplt), (304 bytes).
    Removing stm32h5xx_hal_uart.o(.ARM.exidx.text.UART_DMAReceiveCplt), (8 bytes).
    Removing stm32h5xx_hal_uart.o(.text.UART_DMARxHalfCplt), (54 bytes).
    Removing stm32h5xx_hal_uart.o(.ARM.exidx.text.UART_DMARxHalfCplt), (8 bytes).
    Removing system_stm32h5xx.o(.text), (0 bytes).
    Removing system_stm32h5xx.o(.ARM.exidx.text.SystemInit), (8 bytes).
    Removing system_stm32h5xx.o(.text.SystemCoreClockUpdate), (304 bytes).
    Removing system_stm32h5xx.o(.ARM.exidx.text.SystemCoreClockUpdate), (8 bytes).

938 unused section(s) (total 55585 bytes) removed from the image.

==============================================================================

Image Symbol Table

    Local Symbols

    Symbol Name                              Value     Ov Type        Size  Object(Section)

    ../clib/angel/boardlib.s                 0x00000000   Number         0  boardinit1.o ABSOLUTE
    ../clib/angel/boardlib.s                 0x00000000   Number         0  boardinit2.o ABSOLUTE
    ../clib/angel/boardlib.s                 0x00000000   Number         0  boardinit3.o ABSOLUTE
    ../clib/angel/boardlib.s                 0x00000000   Number         0  boardshut.o ABSOLUTE
    ../clib/angel/handlers.s                 0x00000000   Number         0  __scatter_copy.o ABSOLUTE
    ../clib/angel/handlers.s                 0x00000000   Number         0  __scatter_zi.o ABSOLUTE
    ../clib/angel/kernel.s                   0x00000000   Number         0  __rtentry.o ABSOLUTE
    ../clib/angel/kernel.s                   0x00000000   Number         0  __rtentry2.o ABSOLUTE
    ../clib/angel/kernel.s                   0x00000000   Number         0  __rtentry4.o ABSOLUTE
    ../clib/angel/kernel.s                   0x00000000   Number         0  rtexit.o ABSOLUTE
    ../clib/angel/kernel.s                   0x00000000   Number         0  rtexit2.o ABSOLUTE
    ../clib/angel/rt.s                       0x00000000   Number         0  aeabi_ldiv0.o ABSOLUTE
    ../clib/angel/rt.s                       0x00000000   Number         0  aeabi_ldiv0_sigfpe.o ABSOLUTE
    ../clib/angel/rt.s                       0x00000000   Number         0  rt_div0.o ABSOLUTE
    ../clib/angel/rt.s                       0x00000000   Number         0  rt_raise.o ABSOLUTE
    ../clib/angel/scatter.s                  0x00000000   Number         0  __scatter.o ABSOLUTE
    ../clib/angel/startup.s                  0x00000000   Number         0  __main.o ABSOLUTE
    ../clib/angel/sys.s                      0x00000000   Number         0  sys_stackheap_outer.o ABSOLUTE
    ../clib/angel/sys.s                      0x00000000   Number         0  libspace.o ABSOLUTE
    ../clib/angel/sys.s                      0x00000000   Number         0  use_no_semi.o ABSOLUTE
    ../clib/angel/sys.s                      0x00000000   Number         0  indicate_semi.o ABSOLUTE
    ../clib/angel/sysapp.c                   0x00000000   Number         0  sys_exit.o ABSOLUTE
    ../clib/angel/sysapp.c                   0x00000000   Number         0  sys_exit_hlt.o ABSOLUTE
    ../clib/angel/sysapp.c                   0x00000000   Number         0  sys_wrch.o ABSOLUTE
    ../clib/angel/sysapp.c                   0x00000000   Number         0  sys_wrch_hlt.o ABSOLUTE
    ../clib/angel/sysapp.c                   0x00000000   Number         0  sys_command.o ABSOLUTE
    ../clib/angel/sysapp.c                   0x00000000   Number         0  sys_command_hlt.o ABSOLUTE
    ../clib/armsys.c                         0x00000000   Number         0  argv_veneer.o ABSOLUTE
    ../clib/armsys.c                         0x00000000   Number         0  argv_veneer.o ABSOLUTE
    ../clib/armsys.c                         0x00000000   Number         0  _get_argv_nomalloc.o ABSOLUTE
    ../clib/armsys.c                         0x00000000   Number         0  no_argv.o ABSOLUTE
    ../clib/heapalloc.c                      0x00000000   Number         0  hrguard.o ABSOLUTE
    ../clib/heapaux.c                        0x00000000   Number         0  heapauxi.o ABSOLUTE
    ../clib/libinit.s                        0x00000000   Number         0  libinit.o ABSOLUTE
    ../clib/libinit.s                        0x00000000   Number         0  libinit2.o ABSOLUTE
    ../clib/libinit.s                        0x00000000   Number         0  libshutdown.o ABSOLUTE
    ../clib/libinit.s                        0x00000000   Number         0  libshutdown2.o ABSOLUTE
    ../clib/longlong.s                       0x00000000   Number         0  lludivv7m.o ABSOLUTE
    ../clib/memcpset.s                       0x00000000   Number         0  rt_memclr_w.o ABSOLUTE
    ../clib/signal.c                         0x00000000   Number         0  defsig_fpe_outer.o ABSOLUTE
    ../clib/signal.c                         0x00000000   Number         0  defsig_fpe_formal.o ABSOLUTE
    ../clib/signal.c                         0x00000000   Number         0  defsig_exit.o ABSOLUTE
    ../clib/signal.c                         0x00000000   Number         0  defsig_fpe_inner.o ABSOLUTE
    ../clib/signal.c                         0x00000000   Number         0  __raise.o ABSOLUTE
    ../clib/signal.c                         0x00000000   Number         0  defsig_general.o ABSOLUTE
    ../clib/signal.c                         0x00000000   Number         0  defsig_abrt_inner.o ABSOLUTE
    ../clib/signal.c                         0x00000000   Number         0  defsig_rtred_inner.o ABSOLUTE
    ../clib/signal.c                         0x00000000   Number         0  defsig_rtmem_inner.o ABSOLUTE
    ../clib/signal.c                         0x00000000   Number         0  defsig_rtmem_outer.o ABSOLUTE
    ../clib/signal.c                         0x00000000   Number         0  defsig_rtmem_formal.o ABSOLUTE
    ../clib/signal.c                         0x00000000   Number         0  defsig_stak_inner.o ABSOLUTE
    ../clib/signal.c                         0x00000000   Number         0  defsig_pvfn_inner.o ABSOLUTE
    ../clib/signal.c                         0x00000000   Number         0  defsig_cppl_inner.o ABSOLUTE
    ../clib/signal.c                         0x00000000   Number         0  defsig_segv_inner.o ABSOLUTE
    ../clib/signal.c                         0x00000000   Number         0  defsig_other.o ABSOLUTE
    ../clib/signal.s                         0x00000000   Number         0  defsig.o ABSOLUTE
    ../clib/stdlib.c                         0x00000000   Number         0  exit.o ABSOLUTE
    ../fplib/fpinit.s                        0x00000000   Number         0  fpinit.o ABSOLUTE
    dc.s                                     0x00000000   Number         0  dc.o ABSOLUTE
    main.c                                   0x00000000   Number         0  main.o ABSOLUTE
    startup_stm32h533xx.s                    0x00000000   Number         0  startup_stm32h533xx.o ABSOLUTE
    stm32h5xx_hal.c                          0x00000000   Number         0  stm32h5xx_hal.o ABSOLUTE
    stm32h5xx_hal_cortex.c                   0x00000000   Number         0  stm32h5xx_hal_cortex.o ABSOLUTE
    stm32h5xx_hal_dma.c                      0x00000000   Number         0  stm32h5xx_hal_dma.o ABSOLUTE
    stm32h5xx_hal_dma_ex.c                   0x00000000   Number         0  stm32h5xx_hal_dma_ex.o ABSOLUTE
    stm32h5xx_hal_exti.c                     0x00000000   Number         0  stm32h5xx_hal_exti.o ABSOLUTE
    stm32h5xx_hal_flash.c                    0x00000000   Number         0  stm32h5xx_hal_flash.o ABSOLUTE
    stm32h5xx_hal_flash_ex.c                 0x00000000   Number         0  stm32h5xx_hal_flash_ex.o ABSOLUTE
    stm32h5xx_hal_gpio.c                     0x00000000   Number         0  stm32h5xx_hal_gpio.o ABSOLUTE
    stm32h5xx_hal_msp.c                      0x00000000   Number         0  stm32h5xx_hal_msp.o ABSOLUTE
    stm32h5xx_hal_pcd.c                      0x00000000   Number         0  stm32h5xx_hal_pcd.o ABSOLUTE
    stm32h5xx_hal_pcd_ex.c                   0x00000000   Number         0  stm32h5xx_hal_pcd_ex.o ABSOLUTE
    stm32h5xx_hal_pwr.c                      0x00000000   Number         0  stm32h5xx_hal_pwr.o ABSOLUTE
    stm32h5xx_hal_pwr_ex.c                   0x00000000   Number         0  stm32h5xx_hal_pwr_ex.o ABSOLUTE
    stm32h5xx_hal_rcc.c                      0x00000000   Number         0  stm32h5xx_hal_rcc.o ABSOLUTE
    stm32h5xx_hal_rcc_ex.c                   0x00000000   Number         0  stm32h5xx_hal_rcc_ex.o ABSOLUTE
    stm32h5xx_hal_uart.c                     0x00000000   Number         0  stm32h5xx_hal_uart.o ABSOLUTE
    stm32h5xx_hal_uart_ex.c                  0x00000000   Number         0  stm32h5xx_hal_uart_ex.o ABSOLUTE
    stm32h5xx_hal_usart.c                    0x00000000   Number         0  stm32h5xx_hal_usart.o ABSOLUTE
    stm32h5xx_hal_usart_ex.c                 0x00000000   Number         0  stm32h5xx_hal_usart_ex.o ABSOLUTE
    stm32h5xx_it.c                           0x00000000   Number         0  stm32h5xx_it.o ABSOLUTE
    stm32h5xx_ll_usb.c                       0x00000000   Number         0  stm32h5xx_ll_usb.o ABSOLUTE
    stm32h5xx_nucleo.c                       0x00000000   Number         0  stm32h5xx_nucleo.o ABSOLUTE
    system_stm32h5xx.c                       0x00000000   Number         0  system_stm32h5xx.o ABSOLUTE
    RESET                                    0x08000000   Section      596  startup_stm32h533xx.o(RESET)
    !!!main                                  0x08000254   Section        8  __main.o(!!!main)
    !!!scatter                               0x0800025c   Section       92  __scatter.o(!!!scatter)
    !!handler_copy                           0x080002b8   Section       26  __scatter_copy.o(!!handler_copy)
    !!handler_null                           0x080002d4   Section        2  __scatter.o(!!handler_null)
    !!handler_zi                             0x080002d8   Section       28  __scatter_zi.o(!!handler_zi)
    .ARM.Collect$$libinit$$00000000          0x080002f4   Section        2  libinit.o(.ARM.Collect$$libinit$$00000000)
    .ARM.Collect$$libinit$$00000001          0x080002f6   Section        4  libinit2.o(.ARM.Collect$$libinit$$00000001)
    .ARM.Collect$$libinit$$00000004          0x080002fa   Section        0  libinit2.o(.ARM.Collect$$libinit$$00000004)
    .ARM.Collect$$libinit$$00000006          0x080002fa   Section        0  libinit2.o(.ARM.Collect$$libinit$$00000006)
    .ARM.Collect$$libinit$$0000000C          0x080002fa   Section        0  libinit2.o(.ARM.Collect$$libinit$$0000000C)
    .ARM.Collect$$libinit$$0000000E          0x080002fa   Section        0  libinit2.o(.ARM.Collect$$libinit$$0000000E)
    .ARM.Collect$$libinit$$00000010          0x080002fa   Section        0  libinit2.o(.ARM.Collect$$libinit$$00000010)
    .ARM.Collect$$libinit$$00000013          0x080002fa   Section        0  libinit2.o(.ARM.Collect$$libinit$$00000013)
    .ARM.Collect$$libinit$$00000015          0x080002fa   Section        0  libinit2.o(.ARM.Collect$$libinit$$00000015)
    .ARM.Collect$$libinit$$00000017          0x080002fa   Section        0  libinit2.o(.ARM.Collect$$libinit$$00000017)
    .ARM.Collect$$libinit$$00000019          0x080002fa   Section        0  libinit2.o(.ARM.Collect$$libinit$$00000019)
    .ARM.Collect$$libinit$$0000001B          0x080002fa   Section        0  libinit2.o(.ARM.Collect$$libinit$$0000001B)
    .ARM.Collect$$libinit$$0000001D          0x080002fa   Section        0  libinit2.o(.ARM.Collect$$libinit$$0000001D)
    .ARM.Collect$$libinit$$0000001F          0x080002fa   Section        0  libinit2.o(.ARM.Collect$$libinit$$0000001F)
    .ARM.Collect$$libinit$$00000021          0x080002fa   Section        0  libinit2.o(.ARM.Collect$$libinit$$00000021)
    .ARM.Collect$$libinit$$00000023          0x080002fa   Section        0  libinit2.o(.ARM.Collect$$libinit$$00000023)
    .ARM.Collect$$libinit$$00000025          0x080002fa   Section        0  libinit2.o(.ARM.Collect$$libinit$$00000025)
    .ARM.Collect$$libinit$$00000027          0x080002fa   Section        0  libinit2.o(.ARM.Collect$$libinit$$00000027)
    .ARM.Collect$$libinit$$0000002E          0x080002fa   Section        0  libinit2.o(.ARM.Collect$$libinit$$0000002E)
    .ARM.Collect$$libinit$$00000030          0x080002fa   Section        0  libinit2.o(.ARM.Collect$$libinit$$00000030)
    .ARM.Collect$$libinit$$00000032          0x080002fa   Section        0  libinit2.o(.ARM.Collect$$libinit$$00000032)
    .ARM.Collect$$libinit$$00000034          0x080002fa   Section        0  libinit2.o(.ARM.Collect$$libinit$$00000034)
    .ARM.Collect$$libinit$$00000035          0x080002fa   Section        2  libinit2.o(.ARM.Collect$$libinit$$00000035)
    .ARM.Collect$$libshutdown$$00000000      0x080002fc   Section        2  libshutdown.o(.ARM.Collect$$libshutdown$$00000000)
    .ARM.Collect$$libshutdown$$00000002      0x080002fe   Section        0  libshutdown2.o(.ARM.Collect$$libshutdown$$00000002)
    .ARM.Collect$$libshutdown$$00000004      0x080002fe   Section        0  libshutdown2.o(.ARM.Collect$$libshutdown$$00000004)
    .ARM.Collect$$libshutdown$$00000007      0x080002fe   Section        0  libshutdown2.o(.ARM.Collect$$libshutdown$$00000007)
    .ARM.Collect$$libshutdown$$0000000A      0x080002fe   Section        0  libshutdown2.o(.ARM.Collect$$libshutdown$$0000000A)
    .ARM.Collect$$libshutdown$$0000000C      0x080002fe   Section        0  libshutdown2.o(.ARM.Collect$$libshutdown$$0000000C)
    .ARM.Collect$$libshutdown$$0000000F      0x080002fe   Section        0  libshutdown2.o(.ARM.Collect$$libshutdown$$0000000F)
    .ARM.Collect$$libshutdown$$00000010      0x080002fe   Section        2  libshutdown2.o(.ARM.Collect$$libshutdown$$00000010)
    .ARM.Collect$$rtentry$$00000000          0x08000300   Section        0  __rtentry.o(.ARM.Collect$$rtentry$$00000000)
    .ARM.Collect$$rtentry$$00000002          0x08000300   Section        0  __rtentry2.o(.ARM.Collect$$rtentry$$00000002)
    .ARM.Collect$$rtentry$$00000004          0x08000300   Section        6  __rtentry4.o(.ARM.Collect$$rtentry$$00000004)
    .ARM.Collect$$rtentry$$00000009          0x08000306   Section        0  __rtentry2.o(.ARM.Collect$$rtentry$$00000009)
    .ARM.Collect$$rtentry$$0000000A          0x08000306   Section        4  __rtentry2.o(.ARM.Collect$$rtentry$$0000000A)
    .ARM.Collect$$rtentry$$0000000C          0x0800030a   Section        0  __rtentry2.o(.ARM.Collect$$rtentry$$0000000C)
    .ARM.Collect$$rtentry$$0000000D          0x0800030a   Section        8  __rtentry2.o(.ARM.Collect$$rtentry$$0000000D)
    .ARM.Collect$$rtexit$$00000000           0x08000312   Section        2  rtexit.o(.ARM.Collect$$rtexit$$00000000)
    .ARM.Collect$$rtexit$$00000002           0x08000314   Section        0  rtexit2.o(.ARM.Collect$$rtexit$$00000002)
    .ARM.Collect$$rtexit$$00000003           0x08000314   Section        4  rtexit2.o(.ARM.Collect$$rtexit$$00000003)
    .ARM.Collect$$rtexit$$00000004           0x08000318   Section        6  rtexit2.o(.ARM.Collect$$rtexit$$00000004)
    $v0                                      0x08000320   Number         0  startup_stm32h533xx.o(.text)
    .text                                    0x08000320   Section       68  startup_stm32h533xx.o(.text)
    .text                                    0x08000364   Section      240  lludivv7m.o(.text)
    .text                                    0x08000454   Section       78  rt_memclr_w.o(.text)
    .text                                    0x080004a2   Section        0  heapauxi.o(.text)
    .text                                    0x080004a8   Section       74  sys_stackheap_outer.o(.text)
    .text                                    0x080004f2   Section        0  exit.o(.text)
    .text                                    0x08000504   Section        8  libspace.o(.text)
    .text                                    0x0800050c   Section        0  sys_exit.o(.text)
    .text                                    0x08000518   Section        2  use_no_semi.o(.text)
    .text                                    0x0800051a   Section        0  indicate_semi.o(.text)
    [Anonymous Symbol]                       0x0800051c   Section        0  stm32h5xx_nucleo.o(.text.BSP_COM_Init)
    [Anonymous Symbol]                       0x080005c0   Section        0  stm32h5xx_nucleo.o(.text.BSP_LED_Init)
    [Anonymous Symbol]                       0x08000618   Section        0  stm32h5xx_nucleo.o(.text.BSP_PB_Callback)
    [Anonymous Symbol]                       0x0800061c   Section        0  stm32h5xx_nucleo.o(.text.BSP_PB_IRQHandler)
    [Anonymous Symbol]                       0x08000630   Section        0  stm32h5xx_nucleo.o(.text.BSP_PB_Init)
    BUTTON_USER_EXTI_Callback                0x080006c9   Thumb Code     6  stm32h5xx_nucleo.o(.text.BUTTON_USER_EXTI_Callback)
    [Anonymous Symbol]                       0x080006c8   Section        0  stm32h5xx_nucleo.o(.text.BUTTON_USER_EXTI_Callback)
    [Anonymous Symbol]                       0x080006d0   Section        0  stm32h5xx_it.o(.text.BusFault_Handler)
    [Anonymous Symbol]                       0x080006d4   Section        0  stm32h5xx_it.o(.text.DebugMon_Handler)
    [Anonymous Symbol]                       0x080006d8   Section        0  stm32h5xx_it.o(.text.EXTI13_IRQHandler)
    [Anonymous Symbol]                       0x080006e0   Section        0  main.o(.text.Error_Handler)
    [Anonymous Symbol]                       0x080006e8   Section        0  stm32h5xx_hal_exti.o(.text.HAL_EXTI_GetHandle)
    [Anonymous Symbol]                       0x080006f4   Section        0  stm32h5xx_hal_exti.o(.text.HAL_EXTI_IRQHandler)
    [Anonymous Symbol]                       0x08000748   Section        0  stm32h5xx_hal_exti.o(.text.HAL_EXTI_RegisterCallback)
    [Anonymous Symbol]                       0x0800076c   Section        0  stm32h5xx_hal_gpio.o(.text.HAL_GPIO_Init)
    [Anonymous Symbol]                       0x080008f4   Section        0  stm32h5xx_hal_gpio.o(.text.HAL_GPIO_WritePin)
    [Anonymous Symbol]                       0x08000900   Section        0  stm32h5xx_hal.o(.text.HAL_GetTick)
    [Anonymous Symbol]                       0x0800090c   Section        0  stm32h5xx_hal.o(.text.HAL_IncTick)
    [Anonymous Symbol]                       0x08000928   Section        0  stm32h5xx_hal.o(.text.HAL_Init)
    [Anonymous Symbol]                       0x08000974   Section        0  stm32h5xx_hal.o(.text.HAL_InitTick)
    [Anonymous Symbol]                       0x08000a1c   Section        0  stm32h5xx_hal_msp.o(.text.HAL_MspInit)
    [Anonymous Symbol]                       0x08000a20   Section        0  stm32h5xx_hal_cortex.o(.text.HAL_NVIC_EnableIRQ)
    [Anonymous Symbol]                       0x08000a44   Section        0  stm32h5xx_hal_cortex.o(.text.HAL_NVIC_SetPriority)
    [Anonymous Symbol]                       0x08000a9c   Section        0  stm32h5xx_hal_cortex.o(.text.HAL_NVIC_SetPriorityGrouping)
    [Anonymous Symbol]                       0x08000abc   Section        0  stm32h5xx_hal_pcd_ex.o(.text.HAL_PCDEx_ActivateLPM)
    [Anonymous Symbol]                       0x08000ae0   Section        0  stm32h5xx_hal_pcd.o(.text.HAL_PCD_Init)
    [Anonymous Symbol]                       0x08000d38   Section        0  stm32h5xx_hal_msp.o(.text.HAL_PCD_MspInit)
    [Anonymous Symbol]                       0x08000d98   Section        0  stm32h5xx_hal_pwr_ex.o(.text.HAL_PWREx_EnableVddUSB)
    [Anonymous Symbol]                       0x08000dac   Section        0  stm32h5xx_hal_rcc_ex.o(.text.HAL_RCCEx_GetPLL1ClockFreq)
    [Anonymous Symbol]                       0x08000f60   Section        0  stm32h5xx_hal_rcc_ex.o(.text.HAL_RCCEx_GetPLL2ClockFreq)
    [Anonymous Symbol]                       0x08001114   Section        0  stm32h5xx_hal_rcc_ex.o(.text.HAL_RCCEx_GetPLL3ClockFreq)
    [Anonymous Symbol]                       0x080012c8   Section        0  stm32h5xx_hal_rcc_ex.o(.text.HAL_RCCEx_GetPeriphCLKFreq)
    [Anonymous Symbol]                       0x08001d74   Section        0  stm32h5xx_hal_rcc_ex.o(.text.HAL_RCCEx_PeriphCLKConfig)
    [Anonymous Symbol]                       0x080027bc   Section        0  stm32h5xx_hal_rcc.o(.text.HAL_RCC_ClockConfig)
    [Anonymous Symbol]                       0x08002a1c   Section        0  stm32h5xx_hal_rcc.o(.text.HAL_RCC_GetHCLKFreq)
    [Anonymous Symbol]                       0x08002a4c   Section        0  stm32h5xx_hal_rcc.o(.text.HAL_RCC_GetPCLK1Freq)
    [Anonymous Symbol]                       0x08002a94   Section        0  stm32h5xx_hal_rcc.o(.text.HAL_RCC_GetPCLK2Freq)
    [Anonymous Symbol]                       0x08002adc   Section        0  stm32h5xx_hal_rcc.o(.text.HAL_RCC_GetPCLK3Freq)
    [Anonymous Symbol]                       0x08002b24   Section        0  stm32h5xx_hal_rcc.o(.text.HAL_RCC_GetSysClockFreq)
    [Anonymous Symbol]                       0x08002c50   Section        0  stm32h5xx_hal_rcc.o(.text.HAL_RCC_OscConfig)
    [Anonymous Symbol]                       0x08003294   Section        0  stm32h5xx_hal_cortex.o(.text.HAL_SYSTICK_CLKSourceConfig)
    [Anonymous Symbol]                       0x0800330c   Section        0  stm32h5xx_hal_cortex.o(.text.HAL_SYSTICK_Config)
    [Anonymous Symbol]                       0x08003330   Section        0  stm32h5xx_hal_cortex.o(.text.HAL_SYSTICK_GetCLKSourceConfig)
    [Anonymous Symbol]                       0x08003360   Section        0  stm32h5xx_hal_uart.o(.text.HAL_UART_Init)
    [Anonymous Symbol]                       0x080033c4   Section        0  stm32h5xx_hal_uart.o(.text.HAL_UART_MspInit)
    [Anonymous Symbol]                       0x080033c8   Section        0  stm32h5xx_it.o(.text.HardFault_Handler)
    [Anonymous Symbol]                       0x080033cc   Section        0  stm32h5xx_nucleo.o(.text.MX_USART_Init)
    [Anonymous Symbol]                       0x08003400   Section        0  stm32h5xx_it.o(.text.MemManage_Handler)
    [Anonymous Symbol]                       0x08003404   Section        0  stm32h5xx_it.o(.text.NMI_Handler)
    [Anonymous Symbol]                       0x08003408   Section        0  stm32h5xx_it.o(.text.PendSV_Handler)
    RCCEx_PLL2_Config                        0x0800340d   Thumb Code   234  stm32h5xx_hal_rcc_ex.o(.text.RCCEx_PLL2_Config)
    [Anonymous Symbol]                       0x0800340c   Section        0  stm32h5xx_hal_rcc_ex.o(.text.RCCEx_PLL2_Config)
    RCCEx_PLL3_Config                        0x080034f9   Thumb Code   234  stm32h5xx_hal_rcc_ex.o(.text.RCCEx_PLL3_Config)
    [Anonymous Symbol]                       0x080034f8   Section        0  stm32h5xx_hal_rcc_ex.o(.text.RCCEx_PLL3_Config)
    [Anonymous Symbol]                       0x080035e4   Section        0  stm32h5xx_it.o(.text.SVC_Handler)
    [Anonymous Symbol]                       0x080035e8   Section        0  stm32h5xx_it.o(.text.SysTick_Handler)
    [Anonymous Symbol]                       0x080035ec   Section        0  system_stm32h5xx.o(.text.SystemInit)
    [Anonymous Symbol]                       0x0800369c   Section        0  stm32h5xx_hal_uart.o(.text.UART_AdvFeatureConfig)
    [Anonymous Symbol]                       0x08003784   Section        0  stm32h5xx_hal_uart.o(.text.UART_CheckIdleState)
    [Anonymous Symbol]                       0x080038f0   Section        0  stm32h5xx_hal_uart.o(.text.UART_SetConfig)
    [Anonymous Symbol]                       0x08003b2c   Section        0  stm32h5xx_hal_uart.o(.text.UART_WaitOnFlagUntilTimeout)
    [Anonymous Symbol]                       0x08003e60   Section        0  stm32h5xx_ll_usb.o(.text.USB_CoreInit)
    [Anonymous Symbol]                       0x08003e80   Section        0  stm32h5xx_ll_usb.o(.text.USB_DevDisconnect)
    [Anonymous Symbol]                       0x08003e90   Section        0  stm32h5xx_ll_usb.o(.text.USB_DevInit)
    [Anonymous Symbol]                       0x08003eb0   Section        0  stm32h5xx_ll_usb.o(.text.USB_DisableGlobalInt)
    [Anonymous Symbol]                       0x08003ec4   Section        0  stm32h5xx_ll_usb.o(.text.USB_SetCurrentMode)
    [Anonymous Symbol]                       0x08003ee8   Section        0  stm32h5xx_it.o(.text.UsageFault_Handler)
    [Anonymous Symbol]                       0x08003eec   Section        0  main.o(.text.main)
    $v0                                      0x0800405e   Number         0  fpinit.o(x$fpl$fpinit)
    x$fpl$fpinit                             0x0800405e   Section       26  fpinit.o(x$fpl$fpinit)
    .L_MergedGlobals                         0x20000000   Data           8  stm32h5xx_hal.o(.data..L_MergedGlobals)
    [Anonymous Symbol]                       0x20000000   Section        0  stm32h5xx_hal.o(.data..L_MergedGlobals)
    .bss                                     0x20000010   Section       96  libspace.o(.bss)
    Heap_Mem                                 0x20000408   Data         512  startup_stm32h533xx.o(HEAP)
    HEAP                                     0x20000408   Section      512  startup_stm32h533xx.o(HEAP)
    Stack_Mem                                0x20000608   Data        1024  startup_stm32h533xx.o(STACK)
    STACK                                    0x20000608   Section     1024  startup_stm32h533xx.o(STACK)
    __initial_sp                             0x20000a08   Data           0  startup_stm32h533xx.o(STACK)

    Global Symbols

    Symbol Name                              Value     Ov Type        Size  Object(Section)

    BuildAttributes$$THM_ISAv4$E$P$D$K$B$S$7EM$8M$VFPi5$EXTD16$VFPS$VFMA$PE$A:L22UL41UL21$X:L11$S22US41US21$IEEE1$IW$~IW$USESV6$~STKCKD$USESV7$~SHL$OTIME$ROPI$EBA8$UX$STANDARDLIB$REQ8$PRES8$EABIv2 0x00000000   Number         0  anon$$obj.o ABSOLUTE
    __ARM_exceptions_init                     - Undefined Weak Reference
    __alloca_initialize                       - Undefined Weak Reference
    __arm_preinit_                            - Undefined Weak Reference
    __arm_relocate_pie_                       - Undefined Weak Reference
    __cpp_initialize__aeabi_                  - Undefined Weak Reference
    __cxa_finalize                            - Undefined Weak Reference
    __rt_locale                               - Undefined Weak Reference
    __sigvec_lookup                           - Undefined Weak Reference
    _atexit_init                              - Undefined Weak Reference
    _call_atexit_fns                          - Undefined Weak Reference
    _clock_init                               - Undefined Weak Reference
    _fp_trap_init                             - Undefined Weak Reference
    _fp_trap_shutdown                         - Undefined Weak Reference
    _get_lc_collate                           - Undefined Weak Reference
    _get_lc_ctype                             - Undefined Weak Reference
    _get_lc_monetary                          - Undefined Weak Reference
    _get_lc_numeric                           - Undefined Weak Reference
    _get_lc_time                              - Undefined Weak Reference
    _getenv_init                              - Undefined Weak Reference
    _handle_redirection                       - Undefined Weak Reference
    _init_alloc                               - Undefined Weak Reference
    _init_user_alloc                          - Undefined Weak Reference
    _initio                                   - Undefined Weak Reference
    _rand_init                                - Undefined Weak Reference
    _signal_finish                            - Undefined Weak Reference
    _signal_init                              - Undefined Weak Reference
    _terminate_alloc                          - Undefined Weak Reference
    _terminate_user_alloc                     - Undefined Weak Reference
    _terminateio                              - Undefined Weak Reference
    __Vectors_Size                           0x00000254   Number         0  startup_stm32h533xx.o ABSOLUTE
    __Vectors                                0x08000000   Data           4  startup_stm32h533xx.o(RESET)
    __Vectors_End                            0x08000254   Data           0  startup_stm32h533xx.o(RESET)
    __main                                   0x08000255   Thumb Code     8  __main.o(!!!main)
    __scatterload                            0x0800025d   Thumb Code     0  __scatter.o(!!!scatter)
    __scatterload_rt2                        0x0800025d   Thumb Code    84  __scatter.o(!!!scatter)
    __scatterload_rt2_thumb_only             0x0800025d   Thumb Code     0  __scatter.o(!!!scatter)
    __scatterload_loop                       0x08000267   Thumb Code     0  __scatter.o(!!!scatter)
    __scatterload_copy                       0x080002b9   Thumb Code    26  __scatter_copy.o(!!handler_copy)
    __scatterload_null                       0x080002d5   Thumb Code     2  __scatter.o(!!handler_null)
    __scatterload_zeroinit                   0x080002d9   Thumb Code    28  __scatter_zi.o(!!handler_zi)
    __rt_lib_init                            0x080002f5   Thumb Code     0  libinit.o(.ARM.Collect$$libinit$$00000000)
    __rt_lib_init_fp_1                       0x080002f7   Thumb Code     0  libinit2.o(.ARM.Collect$$libinit$$00000001)
    __rt_lib_init_alloca_1                   0x080002fb   Thumb Code     0  libinit2.o(.ARM.Collect$$libinit$$00000030)
    __rt_lib_init_argv_1                     0x080002fb   Thumb Code     0  libinit2.o(.ARM.Collect$$libinit$$0000002E)
    __rt_lib_init_atexit_1                   0x080002fb   Thumb Code     0  libinit2.o(.ARM.Collect$$libinit$$0000001D)
    __rt_lib_init_clock_1                    0x080002fb   Thumb Code     0  libinit2.o(.ARM.Collect$$libinit$$00000023)
    __rt_lib_init_cpp_1                      0x080002fb   Thumb Code     0  libinit2.o(.ARM.Collect$$libinit$$00000034)
    __rt_lib_init_exceptions_1               0x080002fb   Thumb Code     0  libinit2.o(.ARM.Collect$$libinit$$00000032)
    __rt_lib_init_fp_trap_1                  0x080002fb   Thumb Code     0  libinit2.o(.ARM.Collect$$libinit$$00000021)
    __rt_lib_init_getenv_1                   0x080002fb   Thumb Code     0  libinit2.o(.ARM.Collect$$libinit$$00000025)
    __rt_lib_init_heap_1                     0x080002fb   Thumb Code     0  libinit2.o(.ARM.Collect$$libinit$$0000000C)
    __rt_lib_init_lc_collate_1               0x080002fb   Thumb Code     0  libinit2.o(.ARM.Collect$$libinit$$00000013)
    __rt_lib_init_lc_ctype_1                 0x080002fb   Thumb Code     0  libinit2.o(.ARM.Collect$$libinit$$00000015)
    __rt_lib_init_lc_monetary_1              0x080002fb   Thumb Code     0  libinit2.o(.ARM.Collect$$libinit$$00000017)
    __rt_lib_init_lc_numeric_1               0x080002fb   Thumb Code     0  libinit2.o(.ARM.Collect$$libinit$$00000019)
    __rt_lib_init_lc_time_1                  0x080002fb   Thumb Code     0  libinit2.o(.ARM.Collect$$libinit$$0000001B)
    __rt_lib_init_preinit_1                  0x080002fb   Thumb Code     0  libinit2.o(.ARM.Collect$$libinit$$00000006)
    __rt_lib_init_rand_1                     0x080002fb   Thumb Code     0  libinit2.o(.ARM.Collect$$libinit$$00000010)
    __rt_lib_init_relocate_pie_1             0x080002fb   Thumb Code     0  libinit2.o(.ARM.Collect$$libinit$$00000004)
    __rt_lib_init_return                     0x080002fb   Thumb Code     0  libinit2.o(.ARM.Collect$$libinit$$00000035)
    __rt_lib_init_signal_1                   0x080002fb   Thumb Code     0  libinit2.o(.ARM.Collect$$libinit$$0000001F)
    __rt_lib_init_stdio_1                    0x080002fb   Thumb Code     0  libinit2.o(.ARM.Collect$$libinit$$00000027)
    __rt_lib_init_user_alloc_1               0x080002fb   Thumb Code     0  libinit2.o(.ARM.Collect$$libinit$$0000000E)
    __rt_lib_shutdown                        0x080002fd   Thumb Code     0  libshutdown.o(.ARM.Collect$$libshutdown$$00000000)
    __rt_lib_shutdown_cpp_1                  0x080002ff   Thumb Code     0  libshutdown2.o(.ARM.Collect$$libshutdown$$00000002)
    __rt_lib_shutdown_fp_trap_1              0x080002ff   Thumb Code     0  libshutdown2.o(.ARM.Collect$$libshutdown$$00000007)
    __rt_lib_shutdown_heap_1                 0x080002ff   Thumb Code     0  libshutdown2.o(.ARM.Collect$$libshutdown$$0000000F)
    __rt_lib_shutdown_return                 0x080002ff   Thumb Code     0  libshutdown2.o(.ARM.Collect$$libshutdown$$00000010)
    __rt_lib_shutdown_signal_1               0x080002ff   Thumb Code     0  libshutdown2.o(.ARM.Collect$$libshutdown$$0000000A)
    __rt_lib_shutdown_stdio_1                0x080002ff   Thumb Code     0  libshutdown2.o(.ARM.Collect$$libshutdown$$00000004)
    __rt_lib_shutdown_user_alloc_1           0x080002ff   Thumb Code     0  libshutdown2.o(.ARM.Collect$$libshutdown$$0000000C)
    __rt_entry                               0x08000301   Thumb Code     0  __rtentry.o(.ARM.Collect$$rtentry$$00000000)
    __rt_entry_presh_1                       0x08000301   Thumb Code     0  __rtentry2.o(.ARM.Collect$$rtentry$$00000002)
    __rt_entry_sh                            0x08000301   Thumb Code     0  __rtentry4.o(.ARM.Collect$$rtentry$$00000004)
    __rt_entry_li                            0x08000307   Thumb Code     0  __rtentry2.o(.ARM.Collect$$rtentry$$0000000A)
    __rt_entry_postsh_1                      0x08000307   Thumb Code     0  __rtentry2.o(.ARM.Collect$$rtentry$$00000009)
    __rt_entry_main                          0x0800030b   Thumb Code     0  __rtentry2.o(.ARM.Collect$$rtentry$$0000000D)
    __rt_entry_postli_1                      0x0800030b   Thumb Code     0  __rtentry2.o(.ARM.Collect$$rtentry$$0000000C)
    __rt_exit                                0x08000313   Thumb Code     0  rtexit.o(.ARM.Collect$$rtexit$$00000000)
    __rt_exit_ls                             0x08000315   Thumb Code     0  rtexit2.o(.ARM.Collect$$rtexit$$00000003)
    __rt_exit_prels_1                        0x08000315   Thumb Code     0  rtexit2.o(.ARM.Collect$$rtexit$$00000002)
    __rt_exit_exit                           0x08000319   Thumb Code     0  rtexit2.o(.ARM.Collect$$rtexit$$00000004)
    Reset_Handler                            0x08000321   Thumb Code     8  startup_stm32h533xx.o(.text)
    SecureFault_Handler                      0x08000333   Thumb Code     2  startup_stm32h533xx.o(.text)
    ADC1_IRQHandler                          0x0800033d   Thumb Code     0  startup_stm32h533xx.o(.text)
    ADC2_IRQHandler                          0x0800033d   Thumb Code     0  startup_stm32h533xx.o(.text)
    AES_IRQHandler                           0x0800033d   Thumb Code     0  startup_stm32h533xx.o(.text)
    CEC_IRQHandler                           0x0800033d   Thumb Code     0  startup_stm32h533xx.o(.text)
    CRS_IRQHandler                           0x0800033d   Thumb Code     0  startup_stm32h533xx.o(.text)
    DAC1_IRQHandler                          0x0800033d   Thumb Code     0  startup_stm32h533xx.o(.text)
    DCACHE1_IRQHandler                       0x0800033d   Thumb Code     0  startup_stm32h533xx.o(.text)
    DCMI_PSSI_IRQHandler                     0x0800033d   Thumb Code     0  startup_stm32h533xx.o(.text)
    DTS_IRQHandler                           0x0800033d   Thumb Code     0  startup_stm32h533xx.o(.text)
    EXTI0_IRQHandler                         0x0800033d   Thumb Code     0  startup_stm32h533xx.o(.text)
    EXTI10_IRQHandler                        0x0800033d   Thumb Code     0  startup_stm32h533xx.o(.text)
    EXTI11_IRQHandler                        0x0800033d   Thumb Code     0  startup_stm32h533xx.o(.text)
    EXTI12_IRQHandler                        0x0800033d   Thumb Code     0  startup_stm32h533xx.o(.text)
    EXTI14_IRQHandler                        0x0800033d   Thumb Code     0  startup_stm32h533xx.o(.text)
    EXTI15_IRQHandler                        0x0800033d   Thumb Code     0  startup_stm32h533xx.o(.text)
    EXTI1_IRQHandler                         0x0800033d   Thumb Code     0  startup_stm32h533xx.o(.text)
    EXTI2_IRQHandler                         0x0800033d   Thumb Code     0  startup_stm32h533xx.o(.text)
    EXTI3_IRQHandler                         0x0800033d   Thumb Code     0  startup_stm32h533xx.o(.text)
    EXTI4_IRQHandler                         0x0800033d   Thumb Code     0  startup_stm32h533xx.o(.text)
    EXTI5_IRQHandler                         0x0800033d   Thumb Code     0  startup_stm32h533xx.o(.text)
    EXTI6_IRQHandler                         0x0800033d   Thumb Code     0  startup_stm32h533xx.o(.text)
    EXTI7_IRQHandler                         0x0800033d   Thumb Code     0  startup_stm32h533xx.o(.text)
    EXTI8_IRQHandler                         0x0800033d   Thumb Code     0  startup_stm32h533xx.o(.text)
    EXTI9_IRQHandler                         0x0800033d   Thumb Code     0  startup_stm32h533xx.o(.text)
    FDCAN1_IT0_IRQHandler                    0x0800033d   Thumb Code     0  startup_stm32h533xx.o(.text)
    FDCAN1_IT1_IRQHandler                    0x0800033d   Thumb Code     0  startup_stm32h533xx.o(.text)
    FDCAN2_IT0_IRQHandler                    0x0800033d   Thumb Code     0  startup_stm32h533xx.o(.text)
    FDCAN2_IT1_IRQHandler                    0x0800033d   Thumb Code     0  startup_stm32h533xx.o(.text)
    FLASH_IRQHandler                         0x0800033d   Thumb Code     0  startup_stm32h533xx.o(.text)
    FLASH_S_IRQHandler                       0x0800033d   Thumb Code     0  startup_stm32h533xx.o(.text)
    FMC_IRQHandler                           0x0800033d   Thumb Code     0  startup_stm32h533xx.o(.text)
    FPU_IRQHandler                           0x0800033d   Thumb Code     0  startup_stm32h533xx.o(.text)
    GPDMA1_Channel0_IRQHandler               0x0800033d   Thumb Code     0  startup_stm32h533xx.o(.text)
    GPDMA1_Channel1_IRQHandler               0x0800033d   Thumb Code     0  startup_stm32h533xx.o(.text)
    GPDMA1_Channel2_IRQHandler               0x0800033d   Thumb Code     0  startup_stm32h533xx.o(.text)
    GPDMA1_Channel3_IRQHandler               0x0800033d   Thumb Code     0  startup_stm32h533xx.o(.text)
    GPDMA1_Channel4_IRQHandler               0x0800033d   Thumb Code     0  startup_stm32h533xx.o(.text)
    GPDMA1_Channel5_IRQHandler               0x0800033d   Thumb Code     0  startup_stm32h533xx.o(.text)
    GPDMA1_Channel6_IRQHandler               0x0800033d   Thumb Code     0  startup_stm32h533xx.o(.text)
    GPDMA1_Channel7_IRQHandler               0x0800033d   Thumb Code     0  startup_stm32h533xx.o(.text)
    GPDMA2_Channel0_IRQHandler               0x0800033d   Thumb Code     0  startup_stm32h533xx.o(.text)
    GPDMA2_Channel1_IRQHandler               0x0800033d   Thumb Code     0  startup_stm32h533xx.o(.text)
    GPDMA2_Channel2_IRQHandler               0x0800033d   Thumb Code     0  startup_stm32h533xx.o(.text)
    GPDMA2_Channel3_IRQHandler               0x0800033d   Thumb Code     0  startup_stm32h533xx.o(.text)
    GPDMA2_Channel4_IRQHandler               0x0800033d   Thumb Code     0  startup_stm32h533xx.o(.text)
    GPDMA2_Channel5_IRQHandler               0x0800033d   Thumb Code     0  startup_stm32h533xx.o(.text)
    GPDMA2_Channel6_IRQHandler               0x0800033d   Thumb Code     0  startup_stm32h533xx.o(.text)
    GPDMA2_Channel7_IRQHandler               0x0800033d   Thumb Code     0  startup_stm32h533xx.o(.text)
    GTZC_IRQHandler                          0x0800033d   Thumb Code     0  startup_stm32h533xx.o(.text)
    HASH_IRQHandler                          0x0800033d   Thumb Code     0  startup_stm32h533xx.o(.text)
    I2C1_ER_IRQHandler                       0x0800033d   Thumb Code     0  startup_stm32h533xx.o(.text)
    I2C1_EV_IRQHandler                       0x0800033d   Thumb Code     0  startup_stm32h533xx.o(.text)
    I2C2_ER_IRQHandler                       0x0800033d   Thumb Code     0  startup_stm32h533xx.o(.text)
    I2C2_EV_IRQHandler                       0x0800033d   Thumb Code     0  startup_stm32h533xx.o(.text)
    I2C3_ER_IRQHandler                       0x0800033d   Thumb Code     0  startup_stm32h533xx.o(.text)
    I2C3_EV_IRQHandler                       0x0800033d   Thumb Code     0  startup_stm32h533xx.o(.text)
    I3C1_ER_IRQHandler                       0x0800033d   Thumb Code     0  startup_stm32h533xx.o(.text)
    I3C1_EV_IRQHandler                       0x0800033d   Thumb Code     0  startup_stm32h533xx.o(.text)
    I3C2_ER_IRQHandler                       0x0800033d   Thumb Code     0  startup_stm32h533xx.o(.text)
    I3C2_EV_IRQHandler                       0x0800033d   Thumb Code     0  startup_stm32h533xx.o(.text)
    ICACHE_IRQHandler                        0x0800033d   Thumb Code     0  startup_stm32h533xx.o(.text)
    IWDG_IRQHandler                          0x0800033d   Thumb Code     0  startup_stm32h533xx.o(.text)
    LPTIM1_IRQHandler                        0x0800033d   Thumb Code     0  startup_stm32h533xx.o(.text)
    LPTIM2_IRQHandler                        0x0800033d   Thumb Code     0  startup_stm32h533xx.o(.text)
    LPUART1_IRQHandler                       0x0800033d   Thumb Code     0  startup_stm32h533xx.o(.text)
    OCTOSPI1_IRQHandler                      0x0800033d   Thumb Code     0  startup_stm32h533xx.o(.text)
    OTFDEC1_IRQHandler                       0x0800033d   Thumb Code     0  startup_stm32h533xx.o(.text)
    PKA_IRQHandler                           0x0800033d   Thumb Code     0  startup_stm32h533xx.o(.text)
    PVD_AVD_IRQHandler                       0x0800033d   Thumb Code     0  startup_stm32h533xx.o(.text)
    RAMCFG_IRQHandler                        0x0800033d   Thumb Code     0  startup_stm32h533xx.o(.text)
    RCC_IRQHandler                           0x0800033d   Thumb Code     0  startup_stm32h533xx.o(.text)
    RCC_S_IRQHandler                         0x0800033d   Thumb Code     0  startup_stm32h533xx.o(.text)
    RNG_IRQHandler                           0x0800033d   Thumb Code     0  startup_stm32h533xx.o(.text)
    RTC_IRQHandler                           0x0800033d   Thumb Code     0  startup_stm32h533xx.o(.text)
    RTC_S_IRQHandler                         0x0800033d   Thumb Code     0  startup_stm32h533xx.o(.text)
    SAES_IRQHandler                          0x0800033d   Thumb Code     0  startup_stm32h533xx.o(.text)
    SDMMC1_IRQHandler                        0x0800033d   Thumb Code     0  startup_stm32h533xx.o(.text)
    SPI1_IRQHandler                          0x0800033d   Thumb Code     0  startup_stm32h533xx.o(.text)
    SPI2_IRQHandler                          0x0800033d   Thumb Code     0  startup_stm32h533xx.o(.text)
    SPI3_IRQHandler                          0x0800033d   Thumb Code     0  startup_stm32h533xx.o(.text)
    SPI4_IRQHandler                          0x0800033d   Thumb Code     0  startup_stm32h533xx.o(.text)
    TAMP_IRQHandler                          0x0800033d   Thumb Code     0  startup_stm32h533xx.o(.text)
    TIM12_IRQHandler                         0x0800033d   Thumb Code     0  startup_stm32h533xx.o(.text)
    TIM15_IRQHandler                         0x0800033d   Thumb Code     0  startup_stm32h533xx.o(.text)
    TIM1_BRK_IRQHandler                      0x0800033d   Thumb Code     0  startup_stm32h533xx.o(.text)
    TIM1_CC_IRQHandler                       0x0800033d   Thumb Code     0  startup_stm32h533xx.o(.text)
    TIM1_TRG_COM_IRQHandler                  0x0800033d   Thumb Code     0  startup_stm32h533xx.o(.text)
    TIM1_UP_IRQHandler                       0x0800033d   Thumb Code     0  startup_stm32h533xx.o(.text)
    TIM2_IRQHandler                          0x0800033d   Thumb Code     0  startup_stm32h533xx.o(.text)
    TIM3_IRQHandler                          0x0800033d   Thumb Code     0  startup_stm32h533xx.o(.text)
    TIM4_IRQHandler                          0x0800033d   Thumb Code     0  startup_stm32h533xx.o(.text)
    TIM5_IRQHandler                          0x0800033d   Thumb Code     0  startup_stm32h533xx.o(.text)
    TIM6_IRQHandler                          0x0800033d   Thumb Code     0  startup_stm32h533xx.o(.text)
    TIM7_IRQHandler                          0x0800033d   Thumb Code     0  startup_stm32h533xx.o(.text)
    TIM8_BRK_IRQHandler                      0x0800033d   Thumb Code     0  startup_stm32h533xx.o(.text)
    TIM8_CC_IRQHandler                       0x0800033d   Thumb Code     0  startup_stm32h533xx.o(.text)
    TIM8_TRG_COM_IRQHandler                  0x0800033d   Thumb Code     0  startup_stm32h533xx.o(.text)
    TIM8_UP_IRQHandler                       0x0800033d   Thumb Code     0  startup_stm32h533xx.o(.text)
    UART4_IRQHandler                         0x0800033d   Thumb Code     0  startup_stm32h533xx.o(.text)
    UART5_IRQHandler                         0x0800033d   Thumb Code     0  startup_stm32h533xx.o(.text)
    UCPD1_IRQHandler                         0x0800033d   Thumb Code     0  startup_stm32h533xx.o(.text)
    USART1_IRQHandler                        0x0800033d   Thumb Code     0  startup_stm32h533xx.o(.text)
    USART2_IRQHandler                        0x0800033d   Thumb Code     0  startup_stm32h533xx.o(.text)
    USART3_IRQHandler                        0x0800033d   Thumb Code     0  startup_stm32h533xx.o(.text)
    USART6_IRQHandler                        0x0800033d   Thumb Code     0  startup_stm32h533xx.o(.text)
    USB_DRD_FS_IRQHandler                    0x0800033d   Thumb Code     0  startup_stm32h533xx.o(.text)
    WWDG_IRQHandler                          0x0800033d   Thumb Code     0  startup_stm32h533xx.o(.text)
    __user_initial_stackheap                 0x08000341   Thumb Code    10  startup_stm32h533xx.o(.text)
    __aeabi_uldivmod                         0x08000365   Thumb Code     0  lludivv7m.o(.text)
    _ll_udiv                                 0x08000365   Thumb Code   240  lludivv7m.o(.text)
    __aeabi_memclr4                          0x08000455   Thumb Code     0  rt_memclr_w.o(.text)
    __aeabi_memclr8                          0x08000455   Thumb Code     0  rt_memclr_w.o(.text)
    __rt_memclr_w                            0x08000455   Thumb Code     0  rt_memclr_w.o(.text)
    _memset_w                                0x08000459   Thumb Code    74  rt_memclr_w.o(.text)
    __use_two_region_memory                  0x080004a3   Thumb Code     2  heapauxi.o(.text)
    __rt_heap_escrow$2region                 0x080004a5   Thumb Code     2  heapauxi.o(.text)
    __rt_heap_expand$2region                 0x080004a7   Thumb Code     2  heapauxi.o(.text)
    __user_setup_stackheap                   0x080004a9   Thumb Code    74  sys_stackheap_outer.o(.text)
    exit                                     0x080004f3   Thumb Code    18  exit.o(.text)
    __user_libspace                          0x08000505   Thumb Code     8  libspace.o(.text)
    __user_perproc_libspace                  0x08000505   Thumb Code     0  libspace.o(.text)
    __user_perthread_libspace                0x08000505   Thumb Code     0  libspace.o(.text)
    _sys_exit                                0x0800050d   Thumb Code     8  sys_exit.o(.text)
    __I$use$semihosting                      0x08000519   Thumb Code     0  use_no_semi.o(.text)
    __use_no_semihosting_swi                 0x08000519   Thumb Code     2  use_no_semi.o(.text)
    __semihosting_library_function           0x0800051b   Thumb Code     0  indicate_semi.o(.text)
    BSP_COM_Init                             0x0800051d   Thumb Code   164  stm32h5xx_nucleo.o(.text.BSP_COM_Init)
    BSP_LED_Init                             0x080005c1   Thumb Code    88  stm32h5xx_nucleo.o(.text.BSP_LED_Init)
    BSP_PB_Callback                          0x08000619   Thumb Code     2  stm32h5xx_nucleo.o(.text.BSP_PB_Callback)
    BSP_PB_IRQHandler                        0x0800061d   Thumb Code    20  stm32h5xx_nucleo.o(.text.BSP_PB_IRQHandler)
    BSP_PB_Init                              0x08000631   Thumb Code   152  stm32h5xx_nucleo.o(.text.BSP_PB_Init)
    BusFault_Handler                         0x080006d1   Thumb Code     2  stm32h5xx_it.o(.text.BusFault_Handler)
    DebugMon_Handler                         0x080006d5   Thumb Code     2  stm32h5xx_it.o(.text.DebugMon_Handler)
    EXTI13_IRQHandler                        0x080006d9   Thumb Code     6  stm32h5xx_it.o(.text.EXTI13_IRQHandler)
    Error_Handler                            0x080006e1   Thumb Code     6  main.o(.text.Error_Handler)
    HAL_EXTI_GetHandle                       0x080006e9   Thumb Code    12  stm32h5xx_hal_exti.o(.text.HAL_EXTI_GetHandle)
    HAL_EXTI_IRQHandler                      0x080006f5   Thumb Code    84  stm32h5xx_hal_exti.o(.text.HAL_EXTI_IRQHandler)
    HAL_EXTI_RegisterCallback                0x08000749   Thumb Code    36  stm32h5xx_hal_exti.o(.text.HAL_EXTI_RegisterCallback)
    HAL_GPIO_Init                            0x0800076d   Thumb Code   392  stm32h5xx_hal_gpio.o(.text.HAL_GPIO_Init)
    HAL_GPIO_WritePin                        0x080008f5   Thumb Code    12  stm32h5xx_hal_gpio.o(.text.HAL_GPIO_WritePin)
    HAL_GetTick                              0x08000901   Thumb Code    12  stm32h5xx_hal.o(.text.HAL_GetTick)
    HAL_IncTick                              0x0800090d   Thumb Code    26  stm32h5xx_hal.o(.text.HAL_IncTick)
    HAL_Init                                 0x08000929   Thumb Code    76  stm32h5xx_hal.o(.text.HAL_Init)
    HAL_InitTick                             0x08000975   Thumb Code   168  stm32h5xx_hal.o(.text.HAL_InitTick)
    HAL_MspInit                              0x08000a1d   Thumb Code     2  stm32h5xx_hal_msp.o(.text.HAL_MspInit)
    HAL_NVIC_EnableIRQ                       0x08000a21   Thumb Code    34  stm32h5xx_hal_cortex.o(.text.HAL_NVIC_EnableIRQ)
    HAL_NVIC_SetPriority                     0x08000a45   Thumb Code    86  stm32h5xx_hal_cortex.o(.text.HAL_NVIC_SetPriority)
    HAL_NVIC_SetPriorityGrouping             0x08000a9d   Thumb Code    32  stm32h5xx_hal_cortex.o(.text.HAL_NVIC_SetPriorityGrouping)
    HAL_PCDEx_ActivateLPM                    0x08000abd   Thumb Code    34  stm32h5xx_hal_pcd_ex.o(.text.HAL_PCDEx_ActivateLPM)
    HAL_PCD_Init                             0x08000ae1   Thumb Code   598  stm32h5xx_hal_pcd.o(.text.HAL_PCD_Init)
    HAL_PCD_MspInit                          0x08000d39   Thumb Code    96  stm32h5xx_hal_msp.o(.text.HAL_PCD_MspInit)
    HAL_PWREx_EnableVddUSB                   0x08000d99   Thumb Code    18  stm32h5xx_hal_pwr_ex.o(.text.HAL_PWREx_EnableVddUSB)
    HAL_RCCEx_GetPLL1ClockFreq               0x08000dad   Thumb Code   424  stm32h5xx_hal_rcc_ex.o(.text.HAL_RCCEx_GetPLL1ClockFreq)
    HAL_RCCEx_GetPLL2ClockFreq               0x08000f61   Thumb Code   424  stm32h5xx_hal_rcc_ex.o(.text.HAL_RCCEx_GetPLL2ClockFreq)
    HAL_RCCEx_GetPLL3ClockFreq               0x08001115   Thumb Code   424  stm32h5xx_hal_rcc_ex.o(.text.HAL_RCCEx_GetPLL3ClockFreq)
    HAL_RCCEx_GetPeriphCLKFreq               0x080012c9   Thumb Code  2730  stm32h5xx_hal_rcc_ex.o(.text.HAL_RCCEx_GetPeriphCLKFreq)
    HAL_RCCEx_PeriphCLKConfig                0x08001d75   Thumb Code  2632  stm32h5xx_hal_rcc_ex.o(.text.HAL_RCCEx_PeriphCLKConfig)
    HAL_RCC_ClockConfig                      0x080027bd   Thumb Code   606  stm32h5xx_hal_rcc.o(.text.HAL_RCC_ClockConfig)
    HAL_RCC_GetHCLKFreq                      0x08002a1d   Thumb Code    48  stm32h5xx_hal_rcc.o(.text.HAL_RCC_GetHCLKFreq)
    HAL_RCC_GetPCLK1Freq                     0x08002a4d   Thumb Code    70  stm32h5xx_hal_rcc.o(.text.HAL_RCC_GetPCLK1Freq)
    HAL_RCC_GetPCLK2Freq                     0x08002a95   Thumb Code    70  stm32h5xx_hal_rcc.o(.text.HAL_RCC_GetPCLK2Freq)
    HAL_RCC_GetPCLK3Freq                     0x08002add   Thumb Code    70  stm32h5xx_hal_rcc.o(.text.HAL_RCC_GetPCLK3Freq)
    HAL_RCC_GetSysClockFreq                  0x08002b25   Thumb Code   284  stm32h5xx_hal_rcc.o(.text.HAL_RCC_GetSysClockFreq)
    HAL_RCC_OscConfig                        0x08002c51   Thumb Code  1602  stm32h5xx_hal_rcc.o(.text.HAL_RCC_OscConfig)
    HAL_SYSTICK_CLKSourceConfig              0x08003295   Thumb Code   118  stm32h5xx_hal_cortex.o(.text.HAL_SYSTICK_CLKSourceConfig)
    HAL_SYSTICK_Config                       0x0800330d   Thumb Code    36  stm32h5xx_hal_cortex.o(.text.HAL_SYSTICK_Config)
    HAL_SYSTICK_GetCLKSourceConfig           0x08003331   Thumb Code    48  stm32h5xx_hal_cortex.o(.text.HAL_SYSTICK_GetCLKSourceConfig)
    HAL_UART_Init                            0x08003361   Thumb Code   100  stm32h5xx_hal_uart.o(.text.HAL_UART_Init)
    HAL_UART_MspInit                         0x080033c5   Thumb Code     2  stm32h5xx_hal_uart.o(.text.HAL_UART_MspInit)
    HardFault_Handler                        0x080033c9   Thumb Code     2  stm32h5xx_it.o(.text.HardFault_Handler)
    MX_USART_Init                            0x080033cd   Thumb Code    52  stm32h5xx_nucleo.o(.text.MX_USART_Init)
    MemManage_Handler                        0x08003401   Thumb Code     2  stm32h5xx_it.o(.text.MemManage_Handler)
    NMI_Handler                              0x08003405   Thumb Code     2  stm32h5xx_it.o(.text.NMI_Handler)
    PendSV_Handler                           0x08003409   Thumb Code     2  stm32h5xx_it.o(.text.PendSV_Handler)
    SVC_Handler                              0x080035e5   Thumb Code     2  stm32h5xx_it.o(.text.SVC_Handler)
    SysTick_Handler                          0x080035e9   Thumb Code     4  stm32h5xx_it.o(.text.SysTick_Handler)
    SystemInit                               0x080035ed   Thumb Code   174  system_stm32h5xx.o(.text.SystemInit)
    UART_AdvFeatureConfig                    0x0800369d   Thumb Code   230  stm32h5xx_hal_uart.o(.text.UART_AdvFeatureConfig)
    UART_CheckIdleState                      0x08003785   Thumb Code   362  stm32h5xx_hal_uart.o(.text.UART_CheckIdleState)
    UART_SetConfig                           0x080038f1   Thumb Code   572  stm32h5xx_hal_uart.o(.text.UART_SetConfig)
    UART_WaitOnFlagUntilTimeout              0x08003b2d   Thumb Code   818  stm32h5xx_hal_uart.o(.text.UART_WaitOnFlagUntilTimeout)
    USB_CoreInit                             0x08003e61   Thumb Code    32  stm32h5xx_ll_usb.o(.text.USB_CoreInit)
    USB_DevDisconnect                        0x08003e81   Thumb Code    14  stm32h5xx_ll_usb.o(.text.USB_DevDisconnect)
    USB_DevInit                              0x08003e91   Thumb Code    30  stm32h5xx_ll_usb.o(.text.USB_DevInit)
    USB_DisableGlobalInt                     0x08003eb1   Thumb Code    18  stm32h5xx_ll_usb.o(.text.USB_DisableGlobalInt)
    USB_SetCurrentMode                       0x08003ec5   Thumb Code    36  stm32h5xx_ll_usb.o(.text.USB_SetCurrentMode)
    UsageFault_Handler                       0x08003ee9   Thumb Code     2  stm32h5xx_it.o(.text.UsageFault_Handler)
    main                                     0x08003eed   Thumb Code   370  main.o(.text.main)
    _fp_init                                 0x0800405f   Thumb Code    26  fpinit.o(x$fpl$fpinit)
    __fplib_config_fpu_vfp                   0x08004077   Thumb Code     0  fpinit.o(x$fpl$fpinit)
    __fplib_config_pureend_doubles           0x08004077   Thumb Code     0  fpinit.o(x$fpl$fpinit)
    AHBPrescTable                            0x08004078   Data          16  system_stm32h5xx.o(.rodata.AHBPrescTable)
    APBPrescTable                            0x08004088   Data           8  system_stm32h5xx.o(.rodata.APBPrescTable)
    UARTPrescTable                           0x08004090   Data          24  stm32h5xx_hal_uart.o(.rodata.UARTPrescTable)
    Region$$Table$$Base                      0x080040a8   Number         0  anon$$obj.o(Region$$Table)
    Region$$Table$$Limit                     0x080040c8   Number         0  anon$$obj.o(Region$$Table)
    uwTickFreq                               0x20000000   Data           1  stm32h5xx_hal.o(.data..L_MergedGlobals)
    uwTickPrio                               0x20000004   Data           4  stm32h5xx_hal.o(.data..L_MergedGlobals)
    COM_USART                                0x20000008   Data           4  stm32h5xx_nucleo.o(.data.COM_USART)
    SystemCoreClock                          0x2000000c   Data           4  system_stm32h5xx.o(.data.SystemCoreClock)
    __libspace_start                         0x20000010   Data          96  libspace.o(.bss)
    BspCOMInit                               0x20000070   Data          16  main.o(.bss.BspCOMInit)
    __temporary_stack_top$libspace           0x20000070   Data           0  libspace.o(.bss)
    hcom_uart                                0x20000080   Data         148  stm32h5xx_nucleo.o(.bss.hcom_uart)
    hpb_exti                                 0x20000114   Data          12  stm32h5xx_nucleo.o(.bss.hpb_exti)
    hpcd_USB_DRD_FS                          0x20000120   Data         740  main.o(.bss.hpcd_USB_DRD_FS)
    uwTick                                   0x20000404   Data           4  stm32h5xx_hal.o(.bss.uwTick)



==============================================================================

Memory Map of the image

  Image Entry point : 0x08000255

  Load Region LR_IROM1 (Base: 0x08000000, Size: 0x000040d8, Max: 0x00080000, ABSOLUTE)

    Execution Region ER_IROM1 (Exec base: 0x08000000, Load base: 0x08000000, Size: 0x000040c8, Max: 0x00080000, ABSOLUTE)

    Exec Addr    Load Addr    Size         Type   Attr      Idx    E Section Name        Object

    0x08000000   0x08000000   0x00000254   Data   RO            3    RESET               startup_stm32h533xx.o
    0x08000254   0x08000254   0x00000008   Code   RO         1185  * !!!main             c_w.l(__main.o)
    0x0800025c   0x0800025c   0x0000005c   Code   RO         1360    !!!scatter          c_w.l(__scatter.o)
    0x080002b8   0x080002b8   0x0000001a   Code   RO         1364    !!handler_copy      c_w.l(__scatter_copy.o)
    0x080002d2   0x080002d2   0x00000002   PAD
    0x080002d4   0x080002d4   0x00000002   Code   RO         1361    !!handler_null      c_w.l(__scatter.o)
    0x080002d6   0x080002d6   0x00000002   PAD
    0x080002d8   0x080002d8   0x0000001c   Code   RO         1366    !!handler_zi        c_w.l(__scatter_zi.o)
    0x080002f4   0x080002f4   0x00000002   Code   RO         1222    .ARM.Collect$$libinit$$00000000  c_w.l(libinit.o)
    0x080002f6   0x080002f6   0x00000004   Code   RO         1234    .ARM.Collect$$libinit$$00000001  c_w.l(libinit2.o)
    0x080002fa   0x080002fa   0x00000000   Code   RO         1237    .ARM.Collect$$libinit$$00000004  c_w.l(libinit2.o)
    0x080002fa   0x080002fa   0x00000000   Code   RO         1239    .ARM.Collect$$libinit$$00000006  c_w.l(libinit2.o)
    0x080002fa   0x080002fa   0x00000000   Code   RO         1242    .ARM.Collect$$libinit$$0000000C  c_w.l(libinit2.o)
    0x080002fa   0x080002fa   0x00000000   Code   RO         1244    .ARM.Collect$$libinit$$0000000E  c_w.l(libinit2.o)
    0x080002fa   0x080002fa   0x00000000   Code   RO         1246    .ARM.Collect$$libinit$$00000010  c_w.l(libinit2.o)
    0x080002fa   0x080002fa   0x00000000   Code   RO         1249    .ARM.Collect$$libinit$$00000013  c_w.l(libinit2.o)
    0x080002fa   0x080002fa   0x00000000   Code   RO         1251    .ARM.Collect$$libinit$$00000015  c_w.l(libinit2.o)
    0x080002fa   0x080002fa   0x00000000   Code   RO         1253    .ARM.Collect$$libinit$$00000017  c_w.l(libinit2.o)
    0x080002fa   0x080002fa   0x00000000   Code   RO         1255    .ARM.Collect$$libinit$$00000019  c_w.l(libinit2.o)
    0x080002fa   0x080002fa   0x00000000   Code   RO         1257    .ARM.Collect$$libinit$$0000001B  c_w.l(libinit2.o)
    0x080002fa   0x080002fa   0x00000000   Code   RO         1259    .ARM.Collect$$libinit$$0000001D  c_w.l(libinit2.o)
    0x080002fa   0x080002fa   0x00000000   Code   RO         1261    .ARM.Collect$$libinit$$0000001F  c_w.l(libinit2.o)
    0x080002fa   0x080002fa   0x00000000   Code   RO         1263    .ARM.Collect$$libinit$$00000021  c_w.l(libinit2.o)
    0x080002fa   0x080002fa   0x00000000   Code   RO         1265    .ARM.Collect$$libinit$$00000023  c_w.l(libinit2.o)
    0x080002fa   0x080002fa   0x00000000   Code   RO         1267    .ARM.Collect$$libinit$$00000025  c_w.l(libinit2.o)
    0x080002fa   0x080002fa   0x00000000   Code   RO         1269    .ARM.Collect$$libinit$$00000027  c_w.l(libinit2.o)
    0x080002fa   0x080002fa   0x00000000   Code   RO         1273    .ARM.Collect$$libinit$$0000002E  c_w.l(libinit2.o)
    0x080002fa   0x080002fa   0x00000000   Code   RO         1275    .ARM.Collect$$libinit$$00000030  c_w.l(libinit2.o)
    0x080002fa   0x080002fa   0x00000000   Code   RO         1277    .ARM.Collect$$libinit$$00000032  c_w.l(libinit2.o)
    0x080002fa   0x080002fa   0x00000000   Code   RO         1279    .ARM.Collect$$libinit$$00000034  c_w.l(libinit2.o)
    0x080002fa   0x080002fa   0x00000002   Code   RO         1280    .ARM.Collect$$libinit$$00000035  c_w.l(libinit2.o)
    0x080002fc   0x080002fc   0x00000002   Code   RO         1315    .ARM.Collect$$libshutdown$$00000000  c_w.l(libshutdown.o)
    0x080002fe   0x080002fe   0x00000000   Code   RO         1343    .ARM.Collect$$libshutdown$$00000002  c_w.l(libshutdown2.o)
    0x080002fe   0x080002fe   0x00000000   Code   RO         1345    .ARM.Collect$$libshutdown$$00000004  c_w.l(libshutdown2.o)
    0x080002fe   0x080002fe   0x00000000   Code   RO         1348    .ARM.Collect$$libshutdown$$00000007  c_w.l(libshutdown2.o)
    0x080002fe   0x080002fe   0x00000000   Code   RO         1351    .ARM.Collect$$libshutdown$$0000000A  c_w.l(libshutdown2.o)
    0x080002fe   0x080002fe   0x00000000   Code   RO         1353    .ARM.Collect$$libshutdown$$0000000C  c_w.l(libshutdown2.o)
    0x080002fe   0x080002fe   0x00000000   Code   RO         1356    .ARM.Collect$$libshutdown$$0000000F  c_w.l(libshutdown2.o)
    0x080002fe   0x080002fe   0x00000002   Code   RO         1357    .ARM.Collect$$libshutdown$$00000010  c_w.l(libshutdown2.o)
    0x08000300   0x08000300   0x00000000   Code   RO         1187    .ARM.Collect$$rtentry$$00000000  c_w.l(__rtentry.o)
    0x08000300   0x08000300   0x00000000   Code   RO         1193    .ARM.Collect$$rtentry$$00000002  c_w.l(__rtentry2.o)
    0x08000300   0x08000300   0x00000006   Code   RO         1205    .ARM.Collect$$rtentry$$00000004  c_w.l(__rtentry4.o)
    0x08000306   0x08000306   0x00000000   Code   RO         1195    .ARM.Collect$$rtentry$$00000009  c_w.l(__rtentry2.o)
    0x08000306   0x08000306   0x00000004   Code   RO         1196    .ARM.Collect$$rtentry$$0000000A  c_w.l(__rtentry2.o)
    0x0800030a   0x0800030a   0x00000000   Code   RO         1198    .ARM.Collect$$rtentry$$0000000C  c_w.l(__rtentry2.o)
    0x0800030a   0x0800030a   0x00000008   Code   RO         1199    .ARM.Collect$$rtentry$$0000000D  c_w.l(__rtentry2.o)
    0x08000312   0x08000312   0x00000002   Code   RO         1226    .ARM.Collect$$rtexit$$00000000  c_w.l(rtexit.o)
    0x08000314   0x08000314   0x00000000   Code   RO         1286    .ARM.Collect$$rtexit$$00000002  c_w.l(rtexit2.o)
    0x08000314   0x08000314   0x00000004   Code   RO         1287    .ARM.Collect$$rtexit$$00000003  c_w.l(rtexit2.o)
    0x08000318   0x08000318   0x00000006   Code   RO         1288    .ARM.Collect$$rtexit$$00000004  c_w.l(rtexit2.o)
    0x0800031e   0x0800031e   0x00000002   PAD
    0x08000320   0x08000320   0x00000044   Code   RO            4    .text               startup_stm32h533xx.o
    0x08000364   0x08000364   0x000000f0   Code   RO         1179    .text               c_w.l(lludivv7m.o)
    0x08000454   0x08000454   0x0000004e   Code   RO         1181    .text               c_w.l(rt_memclr_w.o)
    0x080004a2   0x080004a2   0x00000006   Code   RO         1183    .text               c_w.l(heapauxi.o)
    0x080004a8   0x080004a8   0x0000004a   Code   RO         1209    .text               c_w.l(sys_stackheap_outer.o)
    0x080004f2   0x080004f2   0x00000012   Code   RO         1211    .text               c_w.l(exit.o)
    0x08000504   0x08000504   0x00000008   Code   RO         1223    .text               c_w.l(libspace.o)
    0x0800050c   0x0800050c   0x0000000c   Code   RO         1281    .text               c_w.l(sys_exit.o)
    0x08000518   0x08000518   0x00000002   Code   RO         1304    .text               c_w.l(use_no_semi.o)
    0x0800051a   0x0800051a   0x00000000   Code   RO         1306    .text               c_w.l(indicate_semi.o)
    0x0800051a   0x0800051a   0x00000002   PAD
    0x0800051c   0x0800051c   0x000000a4   Code   RO           99    .text.BSP_COM_Init  stm32h5xx_nucleo.o
    0x080005c0   0x080005c0   0x00000058   Code   RO           75    .text.BSP_LED_Init  stm32h5xx_nucleo.o
    0x08000618   0x08000618   0x00000002   Code   RO           97    .text.BSP_PB_Callback  stm32h5xx_nucleo.o
    0x0800061a   0x0800061a   0x00000002   PAD
    0x0800061c   0x0800061c   0x00000014   Code   RO           95    .text.BSP_PB_IRQHandler  stm32h5xx_nucleo.o
    0x08000630   0x08000630   0x00000098   Code   RO           87    .text.BSP_PB_Init   stm32h5xx_nucleo.o
    0x080006c8   0x080006c8   0x00000006   Code   RO           89    .text.BUTTON_USER_EXTI_Callback  stm32h5xx_nucleo.o
    0x080006ce   0x080006ce   0x00000002   PAD
    0x080006d0   0x080006d0   0x00000002   Code   RO           34    .text.BusFault_Handler  stm32h5xx_it.o
    0x080006d2   0x080006d2   0x00000002   PAD
    0x080006d4   0x080006d4   0x00000002   Code   RO           40    .text.DebugMon_Handler  stm32h5xx_it.o
    0x080006d6   0x080006d6   0x00000002   PAD
    0x080006d8   0x080006d8   0x00000006   Code   RO           46    .text.EXTI13_IRQHandler  stm32h5xx_it.o
    0x080006de   0x080006de   0x00000002   PAD
    0x080006e0   0x080006e0   0x00000006   Code   RO           15    .text.Error_Handler  main.o
    0x080006e6   0x080006e6   0x00000002   PAD
    0x080006e8   0x080006e8   0x0000000c   Code   RO          785    .text.HAL_EXTI_GetHandle  stm32h5xx_hal_exti.o
    0x080006f4   0x080006f4   0x00000054   Code   RO          787    .text.HAL_EXTI_IRQHandler  stm32h5xx_hal_exti.o
    0x08000748   0x08000748   0x00000024   Code   RO          783    .text.HAL_EXTI_RegisterCallback  stm32h5xx_hal_exti.o
    0x0800076c   0x0800076c   0x00000188   Code   RO          368    .text.HAL_GPIO_Init  stm32h5xx_hal_gpio.o
    0x080008f4   0x080008f4   0x0000000c   Code   RO          374    .text.HAL_GPIO_WritePin  stm32h5xx_hal_gpio.o
    0x08000900   0x08000900   0x0000000c   Code   RO          659    .text.HAL_GetTick   stm32h5xx_hal.o
    0x0800090c   0x0800090c   0x0000001a   Code   RO          657    .text.HAL_IncTick   stm32h5xx_hal.o
    0x08000926   0x08000926   0x00000002   PAD
    0x08000928   0x08000928   0x0000004c   Code   RO          647    .text.HAL_Init      stm32h5xx_hal.o
    0x08000974   0x08000974   0x000000a8   Code   RO          649    .text.HAL_InitTick  stm32h5xx_hal.o
    0x08000a1c   0x08000a1c   0x00000002   Code   RO           55    .text.HAL_MspInit   stm32h5xx_hal_msp.o
    0x08000a1e   0x08000a1e   0x00000002   PAD
    0x08000a20   0x08000a20   0x00000022   Code   RO          125    .text.HAL_NVIC_EnableIRQ  stm32h5xx_hal_cortex.o
    0x08000a42   0x08000a42   0x00000002   PAD
    0x08000a44   0x08000a44   0x00000056   Code   RO          123    .text.HAL_NVIC_SetPriority  stm32h5xx_hal_cortex.o
    0x08000a9a   0x08000a9a   0x00000002   PAD
    0x08000a9c   0x08000a9c   0x00000020   Code   RO          121    .text.HAL_NVIC_SetPriorityGrouping  stm32h5xx_hal_cortex.o
    0x08000abc   0x08000abc   0x00000022   Code   RO          891    .text.HAL_PCDEx_ActivateLPM  stm32h5xx_hal_pcd_ex.o
    0x08000ade   0x08000ade   0x00000002   PAD
    0x08000ae0   0x08000ae0   0x00000256   Code   RO          807    .text.HAL_PCD_Init  stm32h5xx_hal_pcd.o
    0x08000d36   0x08000d36   0x00000002   PAD
    0x08000d38   0x08000d38   0x00000060   Code   RO           57    .text.HAL_PCD_MspInit  stm32h5xx_hal_msp.o
    0x08000d98   0x08000d98   0x00000012   Code   RO          585    .text.HAL_PWREx_EnableVddUSB  stm32h5xx_hal_pwr_ex.o
    0x08000daa   0x08000daa   0x00000002   PAD
    0x08000dac   0x08000dac   0x000001b4   Code   RO          225    .text.HAL_RCCEx_GetPLL1ClockFreq  stm32h5xx_hal_rcc_ex.o
    0x08000f60   0x08000f60   0x000001b4   Code   RO          227    .text.HAL_RCCEx_GetPLL2ClockFreq  stm32h5xx_hal_rcc_ex.o
    0x08001114   0x08001114   0x000001b4   Code   RO          229    .text.HAL_RCCEx_GetPLL3ClockFreq  stm32h5xx_hal_rcc_ex.o
    0x080012c8   0x080012c8   0x00000aaa   Code   RO          231    .text.HAL_RCCEx_GetPeriphCLKFreq  stm32h5xx_hal_rcc_ex.o
    0x08001d72   0x08001d72   0x00000002   PAD
    0x08001d74   0x08001d74   0x00000a48   Code   RO          217    .text.HAL_RCCEx_PeriphCLKConfig  stm32h5xx_hal_rcc_ex.o
    0x080027bc   0x080027bc   0x0000025e   Code   RO          181    .text.HAL_RCC_ClockConfig  stm32h5xx_hal_rcc.o
    0x08002a1a   0x08002a1a   0x00000002   PAD
    0x08002a1c   0x08002a1c   0x00000030   Code   RO          179    .text.HAL_RCC_GetHCLKFreq  stm32h5xx_hal_rcc.o
    0x08002a4c   0x08002a4c   0x00000046   Code   RO          187    .text.HAL_RCC_GetPCLK1Freq  stm32h5xx_hal_rcc.o
    0x08002a92   0x08002a92   0x00000002   PAD
    0x08002a94   0x08002a94   0x00000046   Code   RO          189    .text.HAL_RCC_GetPCLK2Freq  stm32h5xx_hal_rcc.o
    0x08002ada   0x08002ada   0x00000002   PAD
    0x08002adc   0x08002adc   0x00000046   Code   RO          191    .text.HAL_RCC_GetPCLK3Freq  stm32h5xx_hal_rcc.o
    0x08002b22   0x08002b22   0x00000002   PAD
    0x08002b24   0x08002b24   0x0000012c   Code   RO          183    .text.HAL_RCC_GetSysClockFreq  stm32h5xx_hal_rcc.o
    0x08002c50   0x08002c50   0x00000642   Code   RO          177    .text.HAL_RCC_OscConfig  stm32h5xx_hal_rcc.o
    0x08003292   0x08003292   0x00000002   PAD
    0x08003294   0x08003294   0x00000076   Code   RO          147    .text.HAL_SYSTICK_CLKSourceConfig  stm32h5xx_hal_cortex.o
    0x0800330a   0x0800330a   0x00000002   PAD
    0x0800330c   0x0800330c   0x00000024   Code   RO          145    .text.HAL_SYSTICK_Config  stm32h5xx_hal_cortex.o
    0x08003330   0x08003330   0x00000030   Code   RO          149    .text.HAL_SYSTICK_GetCLKSourceConfig  stm32h5xx_hal_cortex.o
    0x08003360   0x08003360   0x00000064   Code   RO         1020    .text.HAL_UART_Init  stm32h5xx_hal_uart.o
    0x080033c4   0x080033c4   0x00000002   Code   RO         1022    .text.HAL_UART_MspInit  stm32h5xx_hal_uart.o
    0x080033c6   0x080033c6   0x00000002   PAD
    0x080033c8   0x080033c8   0x00000002   Code   RO           30    .text.HardFault_Handler  stm32h5xx_it.o
    0x080033ca   0x080033ca   0x00000002   PAD
    0x080033cc   0x080033cc   0x00000034   Code   RO          101    .text.MX_USART_Init  stm32h5xx_nucleo.o
    0x08003400   0x08003400   0x00000002   Code   RO           32    .text.MemManage_Handler  stm32h5xx_it.o
    0x08003402   0x08003402   0x00000002   PAD
    0x08003404   0x08003404   0x00000002   Code   RO           28    .text.NMI_Handler   stm32h5xx_it.o
    0x08003406   0x08003406   0x00000002   PAD
    0x08003408   0x08003408   0x00000002   Code   RO           42    .text.PendSV_Handler  stm32h5xx_it.o
    0x0800340a   0x0800340a   0x00000002   PAD
    0x0800340c   0x0800340c   0x000000ea   Code   RO          219    .text.RCCEx_PLL2_Config  stm32h5xx_hal_rcc_ex.o
    0x080034f6   0x080034f6   0x00000002   PAD
    0x080034f8   0x080034f8   0x000000ea   Code   RO          221    .text.RCCEx_PLL3_Config  stm32h5xx_hal_rcc_ex.o
    0x080035e2   0x080035e2   0x00000002   PAD
    0x080035e4   0x080035e4   0x00000002   Code   RO           38    .text.SVC_Handler   stm32h5xx_it.o
    0x080035e6   0x080035e6   0x00000002   PAD
    0x080035e8   0x080035e8   0x00000004   Code   RO           44    .text.SysTick_Handler  stm32h5xx_it.o
    0x080035ec   0x080035ec   0x000000ae   Code   RO         1163    .text.SystemInit    system_stm32h5xx.o
    0x0800369a   0x0800369a   0x00000002   PAD
    0x0800369c   0x0800369c   0x000000e6   Code   RO         1024    .text.UART_AdvFeatureConfig  stm32h5xx_hal_uart.o
    0x08003782   0x08003782   0x00000002   PAD
    0x08003784   0x08003784   0x0000016a   Code   RO         1028    .text.UART_CheckIdleState  stm32h5xx_hal_uart.o
    0x080038ee   0x080038ee   0x00000002   PAD
    0x080038f0   0x080038f0   0x0000023c   Code   RO         1026    .text.UART_SetConfig  stm32h5xx_hal_uart.o
    0x08003b2c   0x08003b2c   0x00000332   Code   RO         1042    .text.UART_WaitOnFlagUntilTimeout  stm32h5xx_hal_uart.o
    0x08003e5e   0x08003e5e   0x00000002   PAD
    0x08003e60   0x08003e60   0x00000020   Code   RO          905    .text.USB_CoreInit  stm32h5xx_ll_usb.o
    0x08003e80   0x08003e80   0x0000000e   Code   RO          939    .text.USB_DevDisconnect  stm32h5xx_ll_usb.o
    0x08003e8e   0x08003e8e   0x00000002   PAD
    0x08003e90   0x08003e90   0x0000001e   Code   RO          913    .text.USB_DevInit   stm32h5xx_ll_usb.o
    0x08003eae   0x08003eae   0x00000002   PAD
    0x08003eb0   0x08003eb0   0x00000012   Code   RO          909    .text.USB_DisableGlobalInt  stm32h5xx_ll_usb.o
    0x08003ec2   0x08003ec2   0x00000002   PAD
    0x08003ec4   0x08003ec4   0x00000024   Code   RO          911    .text.USB_SetCurrentMode  stm32h5xx_ll_usb.o
    0x08003ee8   0x08003ee8   0x00000002   Code   RO           36    .text.UsageFault_Handler  stm32h5xx_it.o
    0x08003eea   0x08003eea   0x00000002   PAD
    0x08003eec   0x08003eec   0x00000172   Code   RO           11    .text.main          main.o
    0x0800405e   0x0800405e   0x0000001a   Code   RO         1298    x$fpl$fpinit        fz_wm.l(fpinit.o)
    0x08004078   0x08004078   0x00000010   Data   RO         1168    .rodata.AHBPrescTable  system_stm32h5xx.o
    0x08004088   0x08004088   0x00000008   Data   RO         1169    .rodata.APBPrescTable  system_stm32h5xx.o
    0x08004090   0x08004090   0x00000018   Data   RO         1154    .rodata.UARTPrescTable  stm32h5xx_hal_uart.o
    0x080040a8   0x080040a8   0x00000020   Data   RO         1359    Region$$Table       anon$$obj.o


    Execution Region RW_IRAM1 (Exec base: 0x20000000, Load base: 0x080040c8, Size: 0x00000a08, Max: 0x00044000, ABSOLUTE)

    Exec Addr    Load Addr    Size         Type   Attr      Idx    E Section Name        Object

    0x20000000   0x080040c8   0x00000008   Data   RW          768    .data..L_MergedGlobals  stm32h5xx_hal.o
    0x20000008   0x080040d0   0x00000004   Data   RW          109    .data.COM_USART     stm32h5xx_nucleo.o
    0x2000000c   0x080040d4   0x00000004   Data   RW         1167    .data.SystemCoreClock  system_stm32h5xx.o
    0x20000010        -       0x00000060   Zero   RW         1224    .bss                c_w.l(libspace.o)
    0x20000070        -       0x00000010   Zero   RW           17    .bss.BspCOMInit     main.o
    0x20000080        -       0x00000094   Zero   RW          111    .bss.hcom_uart      stm32h5xx_nucleo.o
    0x20000114        -       0x0000000c   Zero   RW          110    .bss.hpb_exti       stm32h5xx_nucleo.o
    0x20000120        -       0x000002e4   Zero   RW           18    .bss.hpcd_USB_DRD_FS  main.o
    0x20000404        -       0x00000004   Zero   RW          767    .bss.uwTick         stm32h5xx_hal.o
    0x20000408        -       0x00000200   Zero   RW            2    HEAP                startup_stm32h533xx.o
    0x20000608        -       0x00000400   Zero   RW            1    STACK               startup_stm32h533xx.o


==============================================================================

Image component sizes


      Code (inc. data)   RO Data    RW Data    ZI Data      Debug   Object Name

       376          0          0          0        756      10418   main.o
        68         28        596          0       1536       1012   startup_stm32h533xx.o
       282          0          0          8          4      14461   stm32h5xx_hal.o
       354          6          0          0          0      14143   stm32h5xx_hal_cortex.o
       132          0          0          0          0       7169   stm32h5xx_hal_exti.o
       404          0          0          0          0       5288   stm32h5xx_hal_gpio.o
        98          0          0          0          0       6765   stm32h5xx_hal_msp.o
       598          0          0          0          0      17227   stm32h5xx_hal_pcd.o
        34          0          0          0          0       5603   stm32h5xx_hal_pcd_ex.o
        18          0          0          0          0       7454   stm32h5xx_hal_pwr_ex.o
      2766         16          0          0          0      12797   stm32h5xx_hal_rcc.o
      7138        336          0          0          0      23425   stm32h5xx_hal_rcc_ex.o
      2084          0         24          0          0      39195   stm32h5xx_hal_uart.o
        26          0          0          0          0       1553   stm32h5xx_it.o
       130          0          0          0          0      33998   stm32h5xx_ll_usb.o
       484          0          0          4        160      15628   stm32h5xx_nucleo.o
       174          0         24          4          0       5948   system_stm32h5xx.o

    ----------------------------------------------------------------------
     15238        386        676         16       2456     222084   Object Totals
         0          0         32          0          0          0   (incl. Generated)
        72          0          0          0          0          0   (incl. Padding)

    ----------------------------------------------------------------------

      Code (inc. data)   RO Data    RW Data    ZI Data      Debug   Library Member Name

         8          0          0          0          0         68   __main.o
         0          0          0          0          0          0   __rtentry.o
        12          0          0          0          0          0   __rtentry2.o
         6          0          0          0          0          0   __rtentry4.o
        94          8          0          0          0          0   __scatter.o
        26          0          0          0          0          0   __scatter_copy.o
        28          0          0          0          0          0   __scatter_zi.o
        18          0          0          0          0         80   exit.o
         6          0          0          0          0        152   heapauxi.o
         0          0          0          0          0          0   indicate_semi.o
         2          0          0          0          0          0   libinit.o
         6          0          0          0          0          0   libinit2.o
         2          0          0          0          0          0   libshutdown.o
         2          0          0          0          0          0   libshutdown2.o
         8          4          0          0         96         68   libspace.o
       240          0          0          0          0        100   lludivv7m.o
        78          0          0          0          0         80   rt_memclr_w.o
         2          0          0          0          0          0   rtexit.o
        10          0          0          0          0          0   rtexit2.o
        12          4          0          0          0         68   sys_exit.o
        74          0          0          0          0         80   sys_stackheap_outer.o
         2          0          0          0          0         68   use_no_semi.o
        26          0          0          0          0        116   fpinit.o

    ----------------------------------------------------------------------
       670         16          0          0         96        880   Library Totals
         8          0          0          0          0          0   (incl. Padding)

    ----------------------------------------------------------------------

      Code (inc. data)   RO Data    RW Data    ZI Data      Debug   Library Name

       636         16          0          0         96        764   c_w.l
        26          0          0          0          0        116   fz_wm.l

    ----------------------------------------------------------------------
       670         16          0          0         96        880   Library Totals

    ----------------------------------------------------------------------

==============================================================================


      Code (inc. data)   RO Data    RW Data    ZI Data      Debug   

     15908        402        676         16       2552     222472   Grand Totals
     15908        402        676         16       2552     222472   ELF Image Totals
     15908        402        676         16          0          0   ROM Totals

==============================================================================

    Total RO  Size (Code + RO Data)                16584 (  16.20kB)
    Total RW  Size (RW Data + ZI Data)              2568 (   2.51kB)
    Total ROM Size (Code + RO Data + RW Data)      16600 (  16.21kB)

==============================================================================

